<?xml version="1.0" encoding="ISO-8859-1" ?>
<link_info>
   <banner>TMS320C2000 Linker PC v22.6.0.LTS</banner>
   <copyright>Copyright (c) 1996-2018 Texas Instruments Incorporated</copyright>
   <link_time>0x64ed493a</link_time>
   <link_errors>0x0</link_errors>
   <output_file>pfc_siemens.out</output_file>
   <entry_point>
      <name>code_start</name>
      <address>0x80000</address>
   </entry_point>
   <input_file_list>
      <input_file id="fl-2">
         <path>.\syscfg\</path>
         <kind>object</kind>
         <file>board.obj</file>
         <name>board.obj</name>
      </input_file>
      <input_file id="fl-3">
         <path>.\syscfg\</path>
         <kind>object</kind>
         <file>c2000ware_libraries.obj</file>
         <name>c2000ware_libraries.obj</name>
      </input_file>
      <input_file id="fl-4">
         <path>.\device\</path>
         <kind>object</kind>
         <file>device.obj</file>
         <name>device.obj</name>
      </input_file>
      <input_file id="fl-5">
         <path>.\device\</path>
         <kind>object</kind>
         <file>f28004x_codestartbranch.obj</file>
         <name>f28004x_codestartbranch.obj</name>
      </input_file>
      <input_file id="fl-6">
         <path>.\source\</path>
         <kind>object</kind>
         <file>Calculare.obj</file>
         <name>Calculare.obj</name>
      </input_file>
      <input_file id="fl-7">
         <path>.\source\</path>
         <kind>object</kind>
         <file>State.obj</file>
         <name>State.obj</name>
      </input_file>
      <input_file id="fl-8">
         <path>.\source\</path>
         <kind>object</kind>
         <file>TimeBase.obj</file>
         <name>TimeBase.obj</name>
      </input_file>
      <input_file id="fl-9">
         <path>.\source\</path>
         <kind>object</kind>
         <file>WarnCtrl.obj</file>
         <name>WarnCtrl.obj</name>
      </input_file>
      <input_file id="fl-a">
         <path>.\source\</path>
         <kind>object</kind>
         <file>main.obj</file>
         <name>main.obj</name>
      </input_file>
      <input_file id="fl-10">
         <kind>object</kind>
         <file>&lt;internal&gt;</file>
         <name>&lt;internal&gt;</name>
      </input_file>
      <input_file id="fl-14">
         <path>C:\ti\c2000\C2000Ware_4_03_00_00\driverlib\f28004x\driverlib\ccs\Debug\</path>
         <kind>archive</kind>
         <file>driverlib_coff.lib</file>
         <name>adc.obj</name>
      </input_file>
      <input_file id="fl-15">
         <path>C:\ti\c2000\C2000Ware_4_03_00_00\driverlib\f28004x\driverlib\ccs\Debug\</path>
         <kind>archive</kind>
         <file>driverlib_coff.lib</file>
         <name>can.obj</name>
      </input_file>
      <input_file id="fl-16">
         <path>C:\ti\c2000\C2000Ware_4_03_00_00\driverlib\f28004x\driverlib\ccs\Debug\</path>
         <kind>archive</kind>
         <file>driverlib_coff.lib</file>
         <name>cputimer.obj</name>
      </input_file>
      <input_file id="fl-17">
         <path>C:\ti\c2000\C2000Ware_4_03_00_00\driverlib\f28004x\driverlib\ccs\Debug\</path>
         <kind>archive</kind>
         <file>driverlib_coff.lib</file>
         <name>dcc.obj</name>
      </input_file>
      <input_file id="fl-18">
         <path>C:\ti\c2000\C2000Ware_4_03_00_00\driverlib\f28004x\driverlib\ccs\Debug\</path>
         <kind>archive</kind>
         <file>driverlib_coff.lib</file>
         <name>gpio.obj</name>
      </input_file>
      <input_file id="fl-19">
         <path>C:\ti\c2000\C2000Ware_4_03_00_00\driverlib\f28004x\driverlib\ccs\Debug\</path>
         <kind>archive</kind>
         <file>driverlib_coff.lib</file>
         <name>interrupt.obj</name>
      </input_file>
      <input_file id="fl-1a">
         <path>C:\ti\c2000\C2000Ware_4_03_00_00\driverlib\f28004x\driverlib\ccs\Debug\</path>
         <kind>archive</kind>
         <file>driverlib_coff.lib</file>
         <name>sci.obj</name>
      </input_file>
      <input_file id="fl-1b">
         <path>C:\ti\c2000\C2000Ware_4_03_00_00\driverlib\f28004x\driverlib\ccs\Debug\</path>
         <kind>archive</kind>
         <file>driverlib_coff.lib</file>
         <name>sysctl.obj</name>
      </input_file>
      <input_file id="fl-27">
         <path>C:\ti\ccs1240\ccs\tools\compiler\ti-cgt-c2000_22.6.0.LTS\lib\</path>
         <kind>archive</kind>
         <file>rts2800_fpu32_eabi.lib</file>
         <name>boot28.asm.obj</name>
      </input_file>
      <input_file id="fl-28">
         <path>C:\ti\ccs1240\ccs\tools\compiler\ti-cgt-c2000_22.6.0.LTS\lib\</path>
         <kind>archive</kind>
         <file>rts2800_fpu32_eabi.lib</file>
         <name>fd_sub28.asm.obj</name>
      </input_file>
      <input_file id="fl-29">
         <path>C:\ti\ccs1240\ccs\tools\compiler\ti-cgt-c2000_22.6.0.LTS\lib\</path>
         <kind>archive</kind>
         <file>rts2800_fpu32_eabi.lib</file>
         <name>fs_div28.asm.obj</name>
      </input_file>
      <input_file id="fl-2a">
         <path>C:\ti\ccs1240\ccs\tools\compiler\ti-cgt-c2000_22.6.0.LTS\lib\</path>
         <kind>archive</kind>
         <file>rts2800_fpu32_eabi.lib</file>
         <name>ll_cmp28.asm.obj</name>
      </input_file>
      <input_file id="fl-2b">
         <path>C:\ti\ccs1240\ccs\tools\compiler\ti-cgt-c2000_22.6.0.LTS\lib\</path>
         <kind>archive</kind>
         <file>rts2800_fpu32_eabi.lib</file>
         <name>fs_tofdfpu32.asm.obj</name>
      </input_file>
      <input_file id="fl-2c">
         <path>C:\ti\ccs1240\ccs\tools\compiler\ti-cgt-c2000_22.6.0.LTS\lib\</path>
         <kind>archive</kind>
         <file>rts2800_fpu32_eabi.lib</file>
         <name>fd_tofsfpu32.asm.obj</name>
      </input_file>
      <input_file id="fl-2d">
         <path>C:\ti\ccs1240\ccs\tools\compiler\ti-cgt-c2000_22.6.0.LTS\lib\</path>
         <kind>archive</kind>
         <file>rts2800_fpu32_eabi.lib</file>
         <name>pre_init.c.obj</name>
      </input_file>
      <input_file id="fl-2e">
         <path>C:\ti\ccs1240\ccs\tools\compiler\ti-cgt-c2000_22.6.0.LTS\lib\</path>
         <kind>archive</kind>
         <file>rts2800_fpu32_eabi.lib</file>
         <name>autoinit.c.obj</name>
      </input_file>
      <input_file id="fl-2f">
         <path>C:\ti\ccs1240\ccs\tools\compiler\ti-cgt-c2000_22.6.0.LTS\lib\</path>
         <kind>archive</kind>
         <file>rts2800_fpu32_eabi.lib</file>
         <name>copy_zero_init.c.obj</name>
      </input_file>
      <input_file id="fl-30">
         <path>C:\ti\ccs1240\ccs\tools\compiler\ti-cgt-c2000_22.6.0.LTS\lib\</path>
         <kind>archive</kind>
         <file>rts2800_fpu32_eabi.lib</file>
         <name>copy_decompress_none.c.obj</name>
      </input_file>
      <input_file id="fl-31">
         <path>C:\ti\ccs1240\ccs\tools\compiler\ti-cgt-c2000_22.6.0.LTS\lib\</path>
         <kind>archive</kind>
         <file>rts2800_fpu32_eabi.lib</file>
         <name>copy_decompress_lzss.c.obj</name>
      </input_file>
      <input_file id="fl-32">
         <path>C:\ti\ccs1240\ccs\tools\compiler\ti-cgt-c2000_22.6.0.LTS\lib\</path>
         <kind>archive</kind>
         <file>rts2800_fpu32_eabi.lib</file>
         <name>exit.c.obj</name>
      </input_file>
      <input_file id="fl-33">
         <path>C:\ti\ccs1240\ccs\tools\compiler\ti-cgt-c2000_22.6.0.LTS\lib\</path>
         <kind>archive</kind>
         <file>rts2800_fpu32_eabi.lib</file>
         <name>_lock.c.obj</name>
      </input_file>
      <input_file id="fl-34">
         <path>C:\ti\ccs1240\ccs\tools\compiler\ti-cgt-c2000_22.6.0.LTS\lib\</path>
         <kind>archive</kind>
         <file>rts2800_fpu32_eabi.lib</file>
         <name>args_main.c.obj</name>
      </input_file>
      <input_file id="fl-35">
         <path>C:\ti\ccs1240\ccs\tools\compiler\ti-cgt-c2000_22.6.0.LTS\lib\</path>
         <kind>archive</kind>
         <file>rts2800_fpu32_eabi.lib</file>
         <name>memset.c.obj</name>
      </input_file>
      <input_file id="fl-36">
         <path>C:\ti\ccs1240\ccs\tools\compiler\ti-cgt-c2000_22.6.0.LTS\lib\</path>
         <kind>archive</kind>
         <file>rts2800_fpu32_eabi.lib</file>
         <name>fd_add28.asm.obj</name>
      </input_file>
      <input_file id="fl-37">
         <path>C:\ti\ccs1240\ccs\tools\compiler\ti-cgt-c2000_22.6.0.LTS\lib\</path>
         <kind>archive</kind>
         <file>rts2800_fpu32_eabi.lib</file>
         <name>cpy_tbl.c.obj</name>
      </input_file>
      <input_file id="fl-38">
         <path>C:\ti\ccs1240\ccs\tools\compiler\ti-cgt-c2000_22.6.0.LTS\lib\</path>
         <kind>archive</kind>
         <file>rts2800_fpu32_eabi.lib</file>
         <name>memcpy.c.obj</name>
      </input_file>
      <input_file id="fl-39">
         <path>C:\ti\ccs1240\ccs\tools\compiler\ti-cgt-c2000_22.6.0.LTS\lib\</path>
         <kind>archive</kind>
         <file>rts2800_fpu32_eabi.lib</file>
         <name>startup.c.obj</name>
      </input_file>
   </input_file_list>
   <object_component_list>
      <object_component id="oc-22">
         <name>codestart</name>
         <load_address>0x80000</load_address>
         <run_address>0x80000</run_address>
         <size>0x2</size>
         <input_file_ref idref="fl-5"/>
      </object_component>
      <object_component id="oc-3f6">
         <name>.text:InitDSP_Epwm</name>
         <load_address>0x82000</load_address>
         <run_address>0x82000</run_address>
         <size>0x11e</size>
         <input_file_ref idref="fl-a"/>
      </object_component>
      <object_component id="oc-3c2">
         <name>.text:Device_enableAllPeripherals</name>
         <load_address>0x8211e</load_address>
         <run_address>0x8211e</run_address>
         <size>0xe0</size>
         <input_file_ref idref="fl-4"/>
      </object_component>
      <object_component id="oc-e3">
         <name>.text:CAN_setupMessageObject</name>
         <load_address>0x821fe</load_address>
         <run_address>0x821fe</run_address>
         <size>0xdb</size>
         <input_file_ref idref="fl-15"/>
      </object_component>
      <object_component id="oc-3a3">
         <name>.text:SysCtl_setClock</name>
         <load_address>0x822d9</load_address>
         <run_address>0x822d9</run_address>
         <size>0xc5</size>
         <input_file_ref idref="fl-1b"/>
      </object_component>
      <object_component id="oc-487">
         <name>.text:SysCtl_isPLLValid</name>
         <load_address>0x8239e</load_address>
         <run_address>0x8239e</run_address>
         <size>0xbd</size>
         <input_file_ref idref="fl-1b"/>
      </object_component>
      <object_component id="oc-2c7">
         <name>.text</name>
         <load_address>0x8245b</load_address>
         <run_address>0x8245b</run_address>
         <size>0x9c</size>
         <input_file_ref idref="fl-36"/>
      </object_component>
      <object_component id="oc-366">
         <name>.text:TimeBase_Manage</name>
         <load_address>0x824f7</load_address>
         <run_address>0x824f7</run_address>
         <size>0x96</size>
         <input_file_ref idref="fl-8"/>
      </object_component>
      <object_component id="oc-192">
         <name>.text</name>
         <load_address>0x8258d</load_address>
         <run_address>0x8258d</run_address>
         <size>0x88</size>
         <input_file_ref idref="fl-29"/>
      </object_component>
      <object_component id="oc-443">
         <name>.text:ACDC_SubState</name>
         <load_address>0x82615</load_address>
         <run_address>0x82615</run_address>
         <size>0x7f</size>
         <input_file_ref idref="fl-7"/>
      </object_component>
      <object_component id="oc-55b">
         <name>.text:EPWM_setADCTriggerSource</name>
         <load_address>0x82694</load_address>
         <run_address>0x82694</run_address>
         <size>0x75</size>
         <input_file_ref idref="fl-a"/>
      </object_component>
      <object_component id="oc-652">
         <name>.text:DCC_setCounterSeeds</name>
         <load_address>0x82709</load_address>
         <run_address>0x82709</run_address>
         <size>0x73</size>
         <input_file_ref idref="fl-1b"/>
      </object_component>
      <object_component id="oc-3fc">
         <name>.text:InitDSP_Adc</name>
         <load_address>0x8277c</load_address>
         <run_address>0x8277c</run_address>
         <size>0x6f</size>
         <input_file_ref idref="fl-a"/>
      </object_component>
      <object_component id="oc-46">
         <name>.text:InitDSP_Scia</name>
         <load_address>0x827eb</load_address>
         <run_address>0x827eb</run_address>
         <size>0x6b</size>
         <input_file_ref idref="fl-a"/>
      </object_component>
      <object_component id="oc-39">
         <name>.text:canISR</name>
         <load_address>0x82856</load_address>
         <run_address>0x82856</run_address>
         <size>0x68</size>
         <input_file_ref idref="fl-a"/>
      </object_component>
      <object_component id="oc-ad">
         <name>.text:CAN_readMessage</name>
         <load_address>0x828be</load_address>
         <run_address>0x828be</run_address>
         <size>0x66</size>
         <input_file_ref idref="fl-15"/>
      </object_component>
      <object_component id="oc-1d0">
         <name>.text:CAN_setBitTiming</name>
         <load_address>0x82924</load_address>
         <run_address>0x82924</run_address>
         <size>0x64</size>
         <input_file_ref idref="fl-15"/>
      </object_component>
      <object_component id="oc-3a">
         <name>.text:InitDSP_Can</name>
         <load_address>0x82988</load_address>
         <run_address>0x82988</run_address>
         <size>0x62</size>
         <input_file_ref idref="fl-a"/>
      </object_component>
      <object_component id="oc-3f0">
         <name>.text:InitDSP_Gpio</name>
         <load_address>0x829ea</load_address>
         <run_address>0x829ea</run_address>
         <size>0x62</size>
         <input_file_ref idref="fl-a"/>
      </object_component>
      <object_component id="oc-cb">
         <name>.text:CAN_setBitRate</name>
         <load_address>0x82a4c</load_address>
         <run_address>0x82a4c</run_address>
         <size>0x61</size>
         <input_file_ref idref="fl-15"/>
      </object_component>
      <object_component id="oc-3af">
         <name>.text:SysCtl_getClock</name>
         <load_address>0x82aad</load_address>
         <run_address>0x82aad</run_address>
         <size>0x5e</size>
         <input_file_ref idref="fl-1b"/>
      </object_component>
      <object_component id="oc-116">
         <name>.text:GPIO_setPadConfig</name>
         <load_address>0x82b0b</load_address>
         <run_address>0x82b0b</run_address>
         <size>0x52</size>
         <input_file_ref idref="fl-18"/>
      </object_component>
      <object_component id="oc-2d">
         <name>.text:cpuTimer0ISR</name>
         <load_address>0x82b5d</load_address>
         <run_address>0x82b5d</run_address>
         <size>0x4f</size>
         <input_file_ref idref="fl-a"/>
      </object_component>
      <object_component id="oc-45">
         <name>.text:sciaRxISR</name>
         <load_address>0x82bac</load_address>
         <run_address>0x82bac</run_address>
         <size>0x4e</size>
         <input_file_ref idref="fl-a"/>
      </object_component>
      <object_component id="oc-449">
         <name>.text:ACDC_FaultSubState</name>
         <load_address>0x82bfa</load_address>
         <run_address>0x82bfa</run_address>
         <size>0x4d</size>
         <input_file_ref idref="fl-7"/>
      </object_component>
      <object_component id="oc-543">
         <name>.text:EPWM_setInterruptSource</name>
         <load_address>0x82c47</load_address>
         <run_address>0x82c47</run_address>
         <size>0x4b</size>
         <input_file_ref idref="fl-a"/>
      </object_component>
      <object_component id="oc-45d">
         <name>.text:TemperatCheck</name>
         <load_address>0x82c92</load_address>
         <run_address>0x82c92</run_address>
         <size>0x4b</size>
         <input_file_ref idref="fl-9"/>
      </object_component>
      <object_component id="oc-481">
         <name>.text:SysCtl_selectOscSource</name>
         <load_address>0x82cdd</load_address>
         <run_address>0x82cdd</run_address>
         <size>0x49</size>
         <input_file_ref idref="fl-1b"/>
      </object_component>
      <object_component id="oc-b3">
         <name>.text:CAN_clearInterruptStatus</name>
         <load_address>0x82d26</load_address>
         <run_address>0x82d26</run_address>
         <size>0x46</size>
         <input_file_ref idref="fl-15"/>
      </object_component>
      <object_component id="oc-134">
         <name>.text:SCI_clearInterruptStatus</name>
         <load_address>0x82d6c</load_address>
         <run_address>0x82d6c</run_address>
         <size>0x45</size>
         <input_file_ref idref="fl-1a"/>
      </object_component>
      <object_component id="oc-f1">
         <name>.text:SCI_enableInterrupt</name>
         <load_address>0x82db1</load_address>
         <run_address>0x82db1</run_address>
         <size>0x44</size>
         <input_file_ref idref="fl-1a"/>
      </object_component>
      <object_component id="oc-fe">
         <name>.text:SCI_writeCharArray</name>
         <load_address>0x82df5</load_address>
         <run_address>0x82df5</run_address>
         <size>0x41</size>
         <input_file_ref idref="fl-1a"/>
      </object_component>
      <object_component id="oc-507">
         <name>.text:EPWM_setActionQualifierAction</name>
         <load_address>0x82e36</load_address>
         <run_address>0x82e36</run_address>
         <size>0x40</size>
         <input_file_ref idref="fl-a"/>
      </object_component>
      <object_component id="oc-4fb">
         <name>.text:EPWM_setCounterCompareShadowLoadMode</name>
         <load_address>0x82e76</load_address>
         <run_address>0x82e76</run_address>
         <size>0x3e</size>
         <input_file_ref idref="fl-a"/>
      </object_component>
      <object_component id="oc-128">
         <name>.text:SCI_setConfig</name>
         <load_address>0x82eb4</load_address>
         <run_address>0x82eb4</run_address>
         <size>0x3e</size>
         <input_file_ref idref="fl-1a"/>
      </object_component>
      <object_component id="oc-348">
         <name>.text:Interrupt_initModule</name>
         <load_address>0x82ef2</load_address>
         <run_address>0x82ef2</run_address>
         <size>0x3d</size>
         <input_file_ref idref="fl-19"/>
      </object_component>
      <object_component id="oc-167">
         <name>.text:GPIO_readPin</name>
         <load_address>0x82f2f</load_address>
         <run_address>0x82f2f</run_address>
         <size>0x3c</size>
         <input_file_ref idref="fl-a"/>
      </object_component>
      <object_component id="oc-57">
         <name>.text:gpioISR</name>
         <load_address>0x82f6b</load_address>
         <run_address>0x82f6b</run_address>
         <size>0x3c</size>
         <input_file_ref idref="fl-a"/>
      </object_component>
      <object_component id="oc-89">
         <name>.text:GPIO_togglePin</name>
         <load_address>0x82fa7</load_address>
         <run_address>0x82fa7</run_address>
         <size>0x3b</size>
         <input_file_ref idref="fl-a"/>
      </object_component>
      <object_component id="oc-64c">
         <name>.text:DCC_setCounter1ClkSource</name>
         <load_address>0x82fe2</load_address>
         <run_address>0x82fe2</run_address>
         <size>0x1e</size>
         <input_file_ref idref="fl-1b"/>
      </object_component>
      <object_component id="oc-561">
         <name>.text:EPWM_setADCTriggerEventPrescale</name>
         <load_address>0x83000</load_address>
         <run_address>0x83000</run_address>
         <size>0x3a</size>
         <input_file_ref idref="fl-a"/>
      </object_component>
      <object_component id="oc-4b8">
         <name>.text:GPIO_setAnalogMode</name>
         <load_address>0x8303a</load_address>
         <run_address>0x8303a</run_address>
         <size>0x3a</size>
         <input_file_ref idref="fl-18"/>
      </object_component>
      <object_component id="oc-52b">
         <name>.text:EPWM_setFallingEdgeDeadBandDelayInput</name>
         <load_address>0x83074</load_address>
         <run_address>0x83074</run_address>
         <size>0x37</size>
         <input_file_ref idref="fl-a"/>
      </object_component>
      <object_component id="oc-10a">
         <name>.text:GPIO_setControllerCore</name>
         <load_address>0x830ab</load_address>
         <run_address>0x830ab</run_address>
         <size>0x37</size>
         <input_file_ref idref="fl-18"/>
      </object_component>
      <object_component id="oc-bf">
         <name>.text:GPIO_setPinConfig</name>
         <load_address>0x830e2</load_address>
         <run_address>0x830e2</run_address>
         <size>0x37</size>
         <input_file_ref idref="fl-18"/>
      </object_component>
      <object_component id="oc-11c">
         <name>.text:GPIO_setQualificationMode</name>
         <load_address>0x83119</load_address>
         <run_address>0x83119</run_address>
         <size>0x37</size>
         <input_file_ref idref="fl-18"/>
      </object_component>
      <object_component id="oc-d7">
         <name>.text:Interrupt_enable</name>
         <load_address>0x83150</load_address>
         <run_address>0x83150</run_address>
         <size>0x37</size>
         <input_file_ref idref="fl-19"/>
      </object_component>
      <object_component id="oc-5a4">
         <name>.text:ADC_setupSOC</name>
         <load_address>0x83187</load_address>
         <run_address>0x83187</run_address>
         <size>0x36</size>
         <input_file_ref idref="fl-a"/>
      </object_component>
      <object_component id="oc-33c">
         <name>.text:Device_init</name>
         <load_address>0x831bd</load_address>
         <run_address>0x831bd</run_address>
         <size>0x35</size>
         <input_file_ref idref="fl-4"/>
      </object_component>
      <object_component id="oc-4c4">
         <name>.text:GPIO_setInterruptPin</name>
         <load_address>0x831f2</load_address>
         <run_address>0x831f2</run_address>
         <size>0x34</size>
         <input_file_ref idref="fl-18"/>
      </object_component>
      <object_component id="oc-110">
         <name>.text:GPIO_setDirectionMode</name>
         <load_address>0x83226</load_address>
         <run_address>0x83226</run_address>
         <size>0x31</size>
         <input_file_ref idref="fl-18"/>
      </object_component>
      <object_component id="oc-5b0">
         <name>.text:ADC_setInterruptSource</name>
         <load_address>0x83257</load_address>
         <run_address>0x83257</run_address>
         <size>0x2f</size>
         <input_file_ref idref="fl-a"/>
      </object_component>
      <object_component id="oc-5aa">
         <name>.text:ADC_setInterruptSOCTrigger</name>
         <load_address>0x83286</load_address>
         <run_address>0x83286</run_address>
         <size>0x2e</size>
         <input_file_ref idref="fl-a"/>
      </object_component>
      <object_component id="oc-4a5">
         <name>.text:configCPUTimer</name>
         <load_address>0x832b4</load_address>
         <run_address>0x832b4</run_address>
         <size>0x2e</size>
         <input_file_ref idref="fl-a"/>
      </object_component>
      <object_component id="oc-15">
         <name>.text:decompress:lzss</name>
         <load_address>0x832e2</load_address>
         <run_address>0x832e2</run_address>
         <size>0x2e</size>
         <input_file_ref idref="fl-31"/>
      </object_component>
      <object_component id="oc-255">
         <name>.text:EPWM_setActionQualifierContSWForceAction</name>
         <load_address>0x83310</load_address>
         <run_address>0x83310</run_address>
         <size>0x2c</size>
         <input_file_ref idref="fl-6"/>
      </object_component>
      <object_component id="oc-5e8">
         <name>.text:EPWM_setActionQualifierContSWForceAction</name>
         <load_address>0x8333c</load_address>
         <run_address>0x8333c</run_address>
         <size>0x2c</size>
         <input_file_ref idref="fl-7"/>
      </object_component>
      <object_component id="oc-5fd">
         <name>.text:EPWM_setActionQualifierContSWForceAction</name>
         <load_address>0x83368</load_address>
         <run_address>0x83368</run_address>
         <size>0x2c</size>
         <input_file_ref idref="fl-9"/>
      </object_component>
      <object_component id="oc-537">
         <name>.text:EPWM_setActionQualifierContSWForceAction</name>
         <load_address>0x83394</load_address>
         <run_address>0x83394</run_address>
         <size>0x2c</size>
         <input_file_ref idref="fl-a"/>
      </object_component>
      <object_component id="oc-26d">
         <name>.text:EPWM_setDeadBandDelayMode</name>
         <load_address>0x833c0</load_address>
         <run_address>0x833c0</run_address>
         <size>0x2c</size>
         <input_file_ref idref="fl-6"/>
      </object_component>
      <object_component id="oc-51f">
         <name>.text:EPWM_setDeadBandDelayMode</name>
         <load_address>0x833ec</load_address>
         <run_address>0x833ec</run_address>
         <size>0x2c</size>
         <input_file_ref idref="fl-a"/>
      </object_component>
      <object_component id="oc-372">
         <name>.text:State_Manage</name>
         <load_address>0x83418</load_address>
         <run_address>0x83418</run_address>
         <size>0x2c</size>
         <input_file_ref idref="fl-7"/>
      </object_component>
      <object_component id="oc-41b">
         <name>.text:CurrLoop_Var_Init</name>
         <load_address>0x83444</load_address>
         <run_address>0x83444</run_address>
         <size>0x2b</size>
         <input_file_ref idref="fl-6"/>
      </object_component>
      <object_component id="oc-2ce">
         <name>.text:EPWM_isBaseValid</name>
         <load_address>0x8346f</load_address>
         <run_address>0x8346f</run_address>
         <size>0x2b</size>
         <input_file_ref idref="fl-6"/>
      </object_component>
      <object_component id="oc-6da">
         <name>.text:EPWM_isBaseValid</name>
         <load_address>0x8349a</load_address>
         <run_address>0x8349a</run_address>
         <size>0x2b</size>
         <input_file_ref idref="fl-7"/>
      </object_component>
      <object_component id="oc-6e5">
         <name>.text:EPWM_isBaseValid</name>
         <load_address>0x834c5</load_address>
         <run_address>0x834c5</run_address>
         <size>0x2b</size>
         <input_file_ref idref="fl-9"/>
      </object_component>
      <object_component id="oc-274">
         <name>.text:EPWM_isBaseValid</name>
         <load_address>0x834f0</load_address>
         <run_address>0x834f0</run_address>
         <size>0x2b</size>
         <input_file_ref idref="fl-a"/>
      </object_component>
      <object_component id="oc-2df">
         <name>.text:__TI_auto_init_nobinit_nopinit</name>
         <load_address>0x8351b</load_address>
         <run_address>0x8351b</run_address>
         <size>0x2b</size>
         <input_file_ref idref="fl-2e"/>
      </object_component>
      <object_component id="oc-30f">
         <name>.text:main</name>
         <load_address>0x83546</load_address>
         <run_address>0x83546</run_address>
         <size>0x29</size>
         <input_file_ref idref="fl-a"/>
      </object_component>
      <object_component id="oc-293">
         <name>.text</name>
         <load_address>0x8356f</load_address>
         <run_address>0x8356f</run_address>
         <size>0x29</size>
         <input_file_ref idref="fl-32"/>
      </object_component>
      <object_component id="oc-580">
         <name>.text:ADC_setOffsetTrimAll</name>
         <load_address>0x83598</load_address>
         <run_address>0x83598</run_address>
         <size>0x28</size>
         <input_file_ref idref="fl-14"/>
      </object_component>
      <object_component id="oc-549">
         <name>.text:EPWM_setInterruptEventCount</name>
         <load_address>0x835c0</load_address>
         <run_address>0x835c0</run_address>
         <size>0x28</size>
         <input_file_ref idref="fl-a"/>
      </object_component>
      <object_component id="oc-457">
         <name>.text:ACDC_BusPeakVoltOVPCheck</name>
         <load_address>0x835e8</load_address>
         <run_address>0x835e8</run_address>
         <size>0x27</size>
         <input_file_ref idref="fl-9"/>
      </object_component>
      <object_component id="oc-525">
         <name>.text:EPWM_setRisingEdgeDeadBandDelayInput</name>
         <load_address>0x8360f</load_address>
         <run_address>0x8360f</run_address>
         <size>0x27</size>
         <input_file_ref idref="fl-a"/>
      </object_component>
      <object_component id="oc-415">
         <name>.text:VoltLoop_Var_Init</name>
         <load_address>0x83636</load_address>
         <run_address>0x83636</run_address>
         <size>0x26</size>
         <input_file_ref idref="fl-6"/>
      </object_component>
      <object_component id="oc-658">
         <name>.text:DCC_enableSingleShotMode</name>
         <load_address>0x8365c</load_address>
         <run_address>0x8365c</run_address>
         <size>0x24</size>
         <input_file_ref idref="fl-1b"/>
      </object_component>
      <object_component id="oc-531">
         <name>.text:EPWM_setDeadBandDelayPolarity</name>
         <load_address>0x83680</load_address>
         <run_address>0x83680</run_address>
         <size>0x24</size>
         <input_file_ref idref="fl-a"/>
      </object_component>
      <object_component id="oc-615">
         <name>.text:SysCtl_selectXTAL</name>
         <load_address>0x836a4</load_address>
         <run_address>0x836a4</run_address>
         <size>0x24</size>
         <input_file_ref idref="fl-1b"/>
      </object_component>
      <object_component id="oc-43d">
         <name>.text:State_SelfTest</name>
         <load_address>0x836c8</load_address>
         <run_address>0x836c8</run_address>
         <size>0x23</size>
         <input_file_ref idref="fl-7"/>
      </object_component>
      <object_component id="oc-6f0">
         <name>.text:SysCtl_pollX1Counter</name>
         <load_address>0x836eb</load_address>
         <run_address>0x836eb</run_address>
         <size>0x23</size>
         <input_file_ref idref="fl-1b"/>
      </object_component>
      <object_component id="oc-24e">
         <name>.text</name>
         <load_address>0x8370e</load_address>
         <run_address>0x8370e</run_address>
         <size>0x23</size>
         <input_file_ref idref="fl-2c"/>
      </object_component>
      <object_component id="oc-d1">
         <name>.text:CAN_enableInterrupt</name>
         <load_address>0x83731</load_address>
         <run_address>0x83731</run_address>
         <size>0x22</size>
         <input_file_ref idref="fl-a"/>
      </object_component>
      <object_component id="oc-25b">
         <name>.text:EPWM_setCounterCompareValue</name>
         <load_address>0x83753</load_address>
         <run_address>0x83753</run_address>
         <size>0x22</size>
         <input_file_ref idref="fl-6"/>
      </object_component>
      <object_component id="oc-501">
         <name>.text:EPWM_setCounterCompareValue</name>
         <load_address>0x83775</load_address>
         <run_address>0x83775</run_address>
         <size>0x22</size>
         <input_file_ref idref="fl-a"/>
      </object_component>
      <object_component id="oc-5c2">
         <name>.text:ADC_disableContinuousMode</name>
         <load_address>0x83797</load_address>
         <run_address>0x83797</run_address>
         <size>0x21</size>
         <input_file_ref idref="fl-a"/>
      </object_component>
      <object_component id="oc-451">
         <name>.text:ACDC_GridRMSVoltUVPCheck</name>
         <load_address>0x837b8</load_address>
         <run_address>0x837b8</run_address>
         <size>0x20</size>
         <input_file_ref idref="fl-9"/>
      </object_component>
      <object_component id="oc-5b6">
         <name>.text:ADC_enableInterrupt</name>
         <load_address>0x837d8</load_address>
         <run_address>0x837d8</run_address>
         <size>0x20</size>
         <input_file_ref idref="fl-a"/>
      </object_component>
      <object_component id="oc-1ff">
         <name>.text:SCI_isFIFOEnabled</name>
         <load_address>0x837f8</load_address>
         <run_address>0x837f8</run_address>
         <size>0x20</size>
         <input_file_ref idref="fl-1a"/>
      </object_component>
      <object_component id="oc-69f">
         <name>.text:XBAR_setInputPin</name>
         <load_address>0x83818</load_address>
         <run_address>0x83818</run_address>
         <size>0x20</size>
         <input_file_ref idref="fl-18"/>
      </object_component>
      <object_component id="oc-360">
         <name>.text:DAC_setShadowValue</name>
         <load_address>0x83838</load_address>
         <run_address>0x83838</run_address>
         <size>0x1f</size>
         <input_file_ref idref="fl-a"/>
      </object_component>
      <object_component id="oc-4f5">
         <name>.text:EPWM_setPhaseShift</name>
         <load_address>0x83857</load_address>
         <run_address>0x83857</run_address>
         <size>0x1e</size>
         <input_file_ref idref="fl-a"/>
      </object_component>
      <object_component id="oc-34e">
         <name>.text:Interrupt_initVectorTable</name>
         <load_address>0x83875</load_address>
         <run_address>0x83875</run_address>
         <size>0x1e</size>
         <input_file_ref idref="fl-19"/>
      </object_component>
      <object_component id="oc-b9">
         <name>.text:CAN_clearGlobalInterruptStatus</name>
         <load_address>0x83893</load_address>
         <run_address>0x83893</run_address>
         <size>0x1d</size>
         <input_file_ref idref="fl-a"/>
      </object_component>
      <object_component id="oc-dd">
         <name>.text:CAN_enableGlobalInterrupt</name>
         <load_address>0x838b0</load_address>
         <run_address>0x838b0</run_address>
         <size>0x1d</size>
         <input_file_ref idref="fl-a"/>
      </object_component>
      <object_component id="oc-50d">
         <name>.text:EPWM_setDeadBandCounterClock</name>
         <load_address>0x838cd</load_address>
         <run_address>0x838cd</run_address>
         <size>0x1d</size>
         <input_file_ref idref="fl-a"/>
      </object_component>
      <object_component id="oc-267">
         <name>.text:EPWM_setFallingEdgeDelayCount</name>
         <load_address>0x838ea</load_address>
         <run_address>0x838ea</run_address>
         <size>0x1d</size>
         <input_file_ref idref="fl-6"/>
      </object_component>
      <object_component id="oc-519">
         <name>.text:EPWM_setFallingEdgeDelayCount</name>
         <load_address>0x83907</load_address>
         <run_address>0x83907</run_address>
         <size>0x1d</size>
         <input_file_ref idref="fl-a"/>
      </object_component>
      <object_component id="oc-261">
         <name>.text:EPWM_setRisingEdgeDelayCount</name>
         <load_address>0x83924</load_address>
         <run_address>0x83924</run_address>
         <size>0x1d</size>
         <input_file_ref idref="fl-6"/>
      </object_component>
      <object_component id="oc-513">
         <name>.text:EPWM_setRisingEdgeDelayCount</name>
         <load_address>0x83941</load_address>
         <run_address>0x83941</run_address>
         <size>0x1d</size>
         <input_file_ref idref="fl-a"/>
      </object_component>
      <object_component id="oc-49f">
         <name>.text:initCPUTimers</name>
         <load_address>0x8395e</load_address>
         <run_address>0x8395e</run_address>
         <size>0x1d</size>
         <input_file_ref idref="fl-a"/>
      </object_component>
      <object_component id="oc-60">
         <name>.text</name>
         <load_address>0x8397b</load_address>
         <run_address>0x8397b</run_address>
         <size>0x1d</size>
         <input_file_ref idref="fl-38"/>
      </object_component>
      <object_component id="oc-59e">
         <name>.text:ADC_setSOCPriority</name>
         <load_address>0x83998</load_address>
         <run_address>0x83998</run_address>
         <size>0x1c</size>
         <input_file_ref idref="fl-a"/>
      </object_component>
      <object_component id="oc-c5">
         <name>.text:CAN_initModule</name>
         <load_address>0x839b4</load_address>
         <run_address>0x839b4</run_address>
         <size>0x1c</size>
         <input_file_ref idref="fl-15"/>
      </object_component>
      <object_component id="oc-646">
         <name>.text:DCC_setCounter0ClkSource</name>
         <load_address>0x839d0</load_address>
         <run_address>0x839d0</run_address>
         <size>0x1c</size>
         <input_file_ref idref="fl-1b"/>
      </object_component>
      <object_component id="oc-555">
         <name>.text:EPWM_disableADCTrigger</name>
         <load_address>0x839ec</load_address>
         <run_address>0x839ec</run_address>
         <size>0x1c</size>
         <input_file_ref idref="fl-a"/>
      </object_component>
      <object_component id="oc-567">
         <name>.text:EPWM_enableADCTrigger</name>
         <load_address>0x83a08</load_address>
         <run_address>0x83a08</run_address>
         <size>0x1c</size>
         <input_file_ref idref="fl-a"/>
      </object_component>
      <object_component id="oc-4d7">
         <name>.text:EPWM_setClockPrescaler</name>
         <load_address>0x83a24</load_address>
         <run_address>0x83a24</run_address>
         <size>0x1c</size>
         <input_file_ref idref="fl-a"/>
      </object_component>
      <object_component id="oc-243">
         <name>.text</name>
         <load_address>0x83a40</load_address>
         <run_address>0x83a40</run_address>
         <size>0x1c</size>
         <input_file_ref idref="fl-2b"/>
      </object_component>
      <object_component id="oc-1bc">
         <name>.text:CAN_readDataReg</name>
         <load_address>0x83a5c</load_address>
         <run_address>0x83a5c</run_address>
         <size>0x1b</size>
         <input_file_ref idref="fl-15"/>
      </object_component>
      <object_component id="oc-23b">
         <name>.text:ADC_readResult</name>
         <load_address>0x83a77</load_address>
         <run_address>0x83a77</run_address>
         <size>0x1a</size>
         <input_file_ref idref="fl-6"/>
      </object_component>
      <object_component id="oc-57a">
         <name>.text:ASysCtl_setAnalogReference1P65</name>
         <load_address>0x83a91</load_address>
         <run_address>0x83a91</run_address>
         <size>0x1a</size>
         <input_file_ref idref="fl-a"/>
      </object_component>
      <object_component id="oc-1c8">
         <name>.text:CAN_initRAM</name>
         <load_address>0x83aab</load_address>
         <run_address>0x83aab</run_address>
         <size>0x1a</size>
         <input_file_ref idref="fl-15"/>
      </object_component>
      <object_component id="oc-4b1">
         <name>.text:CPUTimer_startTimer</name>
         <load_address>0x83ac5</load_address>
         <run_address>0x83ac5</run_address>
         <size>0x1a</size>
         <input_file_ref idref="fl-a"/>
      </object_component>
      <object_component id="oc-3ea">
         <name>.text:InitDSP_Timer</name>
         <load_address>0x83adf</load_address>
         <run_address>0x83adf</run_address>
         <size>0x1a</size>
         <input_file_ref idref="fl-a"/>
      </object_component>
      <object_component id="oc-1f8">
         <name>.text:SCI_isDataAvailableNonFIFO</name>
         <load_address>0x83af9</load_address>
         <run_address>0x83af9</run_address>
         <size>0x1a</size>
         <input_file_ref idref="fl-a"/>
      </object_component>
      <object_component id="oc-20b">
         <name>.text:SCI_isSpaceAvailableNonFIFO</name>
         <load_address>0x83b13</load_address>
         <run_address>0x83b13</run_address>
         <size>0x1a</size>
         <input_file_ref idref="fl-1a"/>
      </object_component>
      <object_component id="oc-212">
         <name>.text:SCI_isSpaceAvailableNonFIFO</name>
         <load_address>0x83b2d</load_address>
         <run_address>0x83b2d</run_address>
         <size>0x1a</size>
         <input_file_ref idref="fl-a"/>
      </object_component>
      <object_component id="oc-3b6">
         <name>.text:SysCtl_getLowSpeedClock</name>
         <load_address>0x83b47</load_address>
         <run_address>0x83b47</run_address>
         <size>0x1a</size>
         <input_file_ref idref="fl-1b"/>
      </object_component>
      <object_component id="oc-61b">
         <name>.text:SysCtl_selectXTALSingleEnded</name>
         <load_address>0x83b61</load_address>
         <run_address>0x83b61</run_address>
         <size>0x1a</size>
         <input_file_ref idref="fl-1b"/>
      </object_component>
      <object_component id="oc-104">
         <name>.text:SCI_writeCharBlockingNonFIFO</name>
         <load_address>0x83b7b</load_address>
         <run_address>0x83b7b</run_address>
         <size>0x19</size>
         <input_file_ref idref="fl-a"/>
      </object_component>
      <object_component id="oc-574">
         <name>.text:ASysCtl_setAnalogReferenceInternal</name>
         <load_address>0x83b94</load_address>
         <run_address>0x83b94</run_address>
         <size>0x18</size>
         <input_file_ref idref="fl-a"/>
      </object_component>
      <object_component id="oc-402">
         <name>.text:InitDSP_Dac</name>
         <load_address>0x83bac</load_address>
         <run_address>0x83bac</run_address>
         <size>0x18</size>
         <input_file_ref idref="fl-a"/>
      </object_component>
      <object_component id="oc-225">
         <name>.text:SCI_disableModule</name>
         <load_address>0x83bc4</load_address>
         <run_address>0x83bc4</run_address>
         <size>0x18</size>
         <input_file_ref idref="fl-1a"/>
      </object_component>
      <object_component id="oc-233">
         <name>.text:SCI_performSoftwareReset</name>
         <load_address>0x83bdc</load_address>
         <run_address>0x83bdc</run_address>
         <size>0x18</size>
         <input_file_ref idref="fl-1a"/>
      </object_component>
      <object_component id="oc-122">
         <name>.text:SCI_performSoftwareReset</name>
         <load_address>0x83bf4</load_address>
         <run_address>0x83bf4</run_address>
         <size>0x18</size>
         <input_file_ref idref="fl-a"/>
      </object_component>
      <object_component id="oc-12e">
         <name>.text:SCI_resetChannels</name>
         <load_address>0x83c0c</load_address>
         <run_address>0x83c0c</run_address>
         <size>0x18</size>
         <input_file_ref idref="fl-a"/>
      </object_component>
      <object_component id="oc-4d1">
         <name>.text:SysCtl_disablePeripheral</name>
         <load_address>0x83c24</load_address>
         <run_address>0x83c24</run_address>
         <size>0x18</size>
         <input_file_ref idref="fl-a"/>
      </object_component>
      <object_component id="oc-6c6">
         <name>.text:ADC_isBaseValid</name>
         <load_address>0x83c3c</load_address>
         <run_address>0x83c3c</run_address>
         <size>0x17</size>
         <input_file_ref idref="fl-a"/>
      </object_component>
      <object_component id="oc-715">
         <name>.text:CPUTimer_isBaseValid</name>
         <load_address>0x83c53</load_address>
         <run_address>0x83c53</run_address>
         <size>0x17</size>
         <input_file_ref idref="fl-16"/>
      </object_component>
      <object_component id="oc-695">
         <name>.text:CPUTimer_isBaseValid</name>
         <load_address>0x83c6a</load_address>
         <run_address>0x83c6a</run_address>
         <size>0x17</size>
         <input_file_ref idref="fl-a"/>
      </object_component>
      <object_component id="oc-67b">
         <name>.text:CPUTimer_setPreScaler</name>
         <load_address>0x83c81</load_address>
         <run_address>0x83c81</run_address>
         <size>0x17</size>
         <input_file_ref idref="fl-a"/>
      </object_component>
      <object_component id="oc-493">
         <name>.text:SysCtl_enablePeripheral</name>
         <load_address>0x83c98</load_address>
         <run_address>0x83c98</run_address>
         <size>0x17</size>
         <input_file_ref idref="fl-4"/>
      </object_component>
      <object_component id="oc-622">
         <name>.text:SysCtl_enablePeripheral</name>
         <load_address>0x83caf</load_address>
         <run_address>0x83caf</run_address>
         <size>0x17</size>
         <input_file_ref idref="fl-1b"/>
      </object_component>
      <object_component id="oc-54f">
         <name>.text:SysCtl_enablePeripheral</name>
         <load_address>0x83cc6</load_address>
         <run_address>0x83cc6</run_address>
         <size>0x17</size>
         <input_file_ref idref="fl-a"/>
      </object_component>
      <object_component id="oc-182">
         <name>.text</name>
         <load_address>0x83cdd</load_address>
         <run_address>0x83cdd</run_address>
         <size>0x17</size>
         <input_file_ref idref="fl-27"/>
      </object_component>
      <object_component id="oc-58c">
         <name>.text:ADC_setInterruptPulseMode</name>
         <load_address>0x83cf4</load_address>
         <run_address>0x83cf4</run_address>
         <size>0x16</size>
         <input_file_ref idref="fl-a"/>
      </object_component>
      <object_component id="oc-586">
         <name>.text:ADC_setPrescaler</name>
         <load_address>0x83d0a</load_address>
         <run_address>0x83d0a</run_address>
         <size>0x16</size>
         <input_file_ref idref="fl-a"/>
      </object_component>
      <object_component id="oc-5cf">
         <name>.text:DAC_setLoadMode</name>
         <load_address>0x83d20</load_address>
         <run_address>0x83d20</run_address>
         <size>0x16</size>
         <input_file_ref idref="fl-a"/>
      </object_component>
      <object_component id="oc-640">
         <name>.text:DCC_disableDoneSignal</name>
         <load_address>0x83d36</load_address>
         <run_address>0x83d36</run_address>
         <size>0x16</size>
         <input_file_ref idref="fl-1b"/>
      </object_component>
      <object_component id="oc-664">
         <name>.text:DCC_enableDoneSignal</name>
         <load_address>0x83d4c</load_address>
         <run_address>0x83d4c</run_address>
         <size>0x16</size>
         <input_file_ref idref="fl-1b"/>
      </object_component>
      <object_component id="oc-2e">
         <name>.text:InitDSP_Interrupt</name>
         <load_address>0x83d62</load_address>
         <run_address>0x83d62</run_address>
         <size>0x16</size>
         <input_file_ref idref="fl-a"/>
      </object_component>
      <object_component id="oc-f7">
         <name>.text:SCI_readCharBlockingNonFIFO</name>
         <load_address>0x83d78</load_address>
         <run_address>0x83d78</run_address>
         <size>0x16</size>
         <input_file_ref idref="fl-a"/>
      </object_component>
      <object_component id="oc-598">
         <name>.text:ADC_disableBurstMode</name>
         <load_address>0x83d8e</load_address>
         <run_address>0x83d8e</run_address>
         <size>0x15</size>
         <input_file_ref idref="fl-a"/>
      </object_component>
      <object_component id="oc-1b5">
         <name>.text:CAN_isBaseValid</name>
         <load_address>0x83da3</load_address>
         <run_address>0x83da3</run_address>
         <size>0x15</size>
         <input_file_ref idref="fl-15"/>
      </object_component>
      <object_component id="oc-1ab">
         <name>.text:CAN_isBaseValid</name>
         <load_address>0x83db8</load_address>
         <run_address>0x83db8</run_address>
         <size>0x15</size>
         <input_file_ref idref="fl-a"/>
      </object_component>
      <object_component id="oc-4ab">
         <name>.text:CPUTimer_enableInterrupt</name>
         <load_address>0x83dcd</load_address>
         <run_address>0x83dcd</run_address>
         <size>0x15</size>
         <input_file_ref idref="fl-a"/>
      </object_component>
      <object_component id="oc-5d5">
         <name>.text:DAC_enableOutput</name>
         <load_address>0x83de2</load_address>
         <run_address>0x83de2</run_address>
         <size>0x15</size>
         <input_file_ref idref="fl-a"/>
      </object_component>
      <object_component id="oc-5c9">
         <name>.text:DAC_setReferenceVoltage</name>
         <load_address>0x83df7</load_address>
         <run_address>0x83df7</run_address>
         <size>0x15</size>
         <input_file_ref idref="fl-a"/>
      </object_component>
      <object_component id="oc-62e">
         <name>.text:DCC_clearDoneFlag</name>
         <load_address>0x83e0c</load_address>
         <run_address>0x83e0c</run_address>
         <size>0x15</size>
         <input_file_ref idref="fl-1b"/>
      </object_component>
      <object_component id="oc-628">
         <name>.text:DCC_clearErrorFlag</name>
         <load_address>0x83e21</load_address>
         <run_address>0x83e21</run_address>
         <size>0x15</size>
         <input_file_ref idref="fl-1b"/>
      </object_component>
      <object_component id="oc-63a">
         <name>.text:DCC_disableErrorSignal</name>
         <load_address>0x83e36</load_address>
         <run_address>0x83e36</run_address>
         <size>0x15</size>
         <input_file_ref idref="fl-1b"/>
      </object_component>
      <object_component id="oc-65e">
         <name>.text:DCC_enableErrorSignal</name>
         <load_address>0x83e4b</load_address>
         <run_address>0x83e4b</run_address>
         <size>0x15</size>
         <input_file_ref idref="fl-1b"/>
      </object_component>
      <object_component id="oc-3cf">
         <name>.text:GPIO_unlockPortConfig</name>
         <load_address>0x83e60</load_address>
         <run_address>0x83e60</run_address>
         <size>0x15</size>
         <input_file_ref idref="fl-4"/>
      </object_component>
      <object_component id="oc-5bc">
         <name>.text:ADC_clearInterruptStatus</name>
         <load_address>0x83e75</load_address>
         <run_address>0x83e75</run_address>
         <size>0x14</size>
         <input_file_ref idref="fl-a"/>
      </object_component>
      <object_component id="oc-687">
         <name>.text:CPUTimer_reloadTimerCounter</name>
         <load_address>0x83e89</load_address>
         <run_address>0x83e89</run_address>
         <size>0x14</size>
         <input_file_ref idref="fl-a"/>
      </object_component>
      <object_component id="oc-681">
         <name>.text:CPUTimer_stopTimer</name>
         <load_address>0x83e9d</load_address>
         <run_address>0x83e9d</run_address>
         <size>0x14</size>
         <input_file_ref idref="fl-a"/>
      </object_component>
      <object_component id="oc-634">
         <name>.text:DCC_disableModule</name>
         <load_address>0x83eb1</load_address>
         <run_address>0x83eb1</run_address>
         <size>0x14</size>
         <input_file_ref idref="fl-1b"/>
      </object_component>
      <object_component id="oc-66a">
         <name>.text:DCC_enableModule</name>
         <load_address>0x83ec5</load_address>
         <run_address>0x83ec5</run_address>
         <size>0x14</size>
         <input_file_ref idref="fl-1b"/>
      </object_component>
      <object_component id="oc-4e9">
         <name>.text:EPWM_setTimeBaseCounterMode</name>
         <load_address>0x83ed9</load_address>
         <run_address>0x83ed9</run_address>
         <size>0x14</size>
         <input_file_ref idref="fl-a"/>
      </object_component>
      <object_component id="oc-4dd">
         <name>.text:EPWM_setTimeBasePeriod</name>
         <load_address>0x83eed</load_address>
         <run_address>0x83eed</run_address>
         <size>0x14</size>
         <input_file_ref idref="fl-a"/>
      </object_component>
      <object_component id="oc-219">
         <name>.text:GPIO_isPinValid</name>
         <load_address>0x83f01</load_address>
         <run_address>0x83f01</run_address>
         <size>0x14</size>
         <input_file_ref idref="fl-18"/>
      </object_component>
      <object_component id="oc-199">
         <name>.text:GPIO_isPinValid</name>
         <load_address>0x83f15</load_address>
         <run_address>0x83f15</run_address>
         <size>0x14</size>
         <input_file_ref idref="fl-a"/>
      </object_component>
      <object_component id="oc-205">
         <name>.text:SCI_getTxFIFOStatus</name>
         <load_address>0x83f29</load_address>
         <run_address>0x83f29</run_address>
         <size>0x14</size>
         <input_file_ref idref="fl-1a"/>
      </object_component>
      <object_component id="oc-40f">
         <name>.text:State_Var_Init</name>
         <load_address>0x83f3d</load_address>
         <run_address>0x83f3d</run_address>
         <size>0x14</size>
         <input_file_ref idref="fl-7"/>
      </object_component>
      <object_component id="oc-3bc">
         <name>.text:SysCtl_deviceCal</name>
         <load_address>0x83f51</load_address>
         <run_address>0x83f51</run_address>
         <size>0x14</size>
         <input_file_ref idref="fl-4"/>
      </object_component>
      <object_component id="oc-5f6">
         <name>.text:uiOverLevelChk</name>
         <load_address>0x83f65</load_address>
         <run_address>0x83f65</run_address>
         <size>0x14</size>
         <input_file_ref idref="fl-9"/>
      </object_component>
      <object_component id="oc-607">
         <name>.text:uiUnderLevelChk</name>
         <load_address>0x83f79</load_address>
         <run_address>0x83f79</run_address>
         <size>0x14</size>
         <input_file_ref idref="fl-9"/>
      </object_component>
      <object_component id="oc-592">
         <name>.text:ADC_enableConverter</name>
         <load_address>0x83f8d</load_address>
         <run_address>0x83f8d</run_address>
         <size>0x13</size>
         <input_file_ref idref="fl-a"/>
      </object_component>
      <object_component id="oc-68e">
         <name>.text:CPUTimer_setEmulationMode</name>
         <load_address>0x83fa0</load_address>
         <run_address>0x83fa0</run_address>
         <size>0x13</size>
         <input_file_ref idref="fl-16"/>
      </object_component>
      <object_component id="oc-42e">
         <name>.text:DAC_isBaseValid</name>
         <load_address>0x83fb3</load_address>
         <run_address>0x83fb3</run_address>
         <size>0x13</size>
         <input_file_ref idref="fl-a"/>
      </object_component>
      <object_component id="oc-160">
         <name>.text:EPWM_clearEventTriggerInterruptFlag</name>
         <load_address>0x83fc6</load_address>
         <run_address>0x83fc6</run_address>
         <size>0x13</size>
         <input_file_ref idref="fl-a"/>
      </object_component>
      <object_component id="oc-53d">
         <name>.text:EPWM_enableInterrupt</name>
         <load_address>0x83fd9</load_address>
         <run_address>0x83fd9</run_address>
         <size>0x13</size>
         <input_file_ref idref="fl-a"/>
      </object_component>
      <object_component id="oc-22b">
         <name>.text:SCI_enableModule</name>
         <load_address>0x83fec</load_address>
         <run_address>0x83fec</run_address>
         <size>0x13</size>
         <input_file_ref idref="fl-1a"/>
      </object_component>
      <object_component id="oc-421">
         <name>.text:PWMDriver_Var_Init</name>
         <load_address>0x83fff</load_address>
         <run_address>0x83fff</run_address>
         <size>0x1</size>
         <input_file_ref idref="fl-6"/>
      </object_component>
      <object_component id="oc-13a">
         <name>.text:SCI_enableModule</name>
         <load_address>0x85000</load_address>
         <run_address>0x85000</run_address>
         <size>0x13</size>
         <input_file_ref idref="fl-a"/>
      </object_component>
      <object_component id="oc-1e9">
         <name>.text:SCI_isBaseValid</name>
         <load_address>0x85013</load_address>
         <run_address>0x85013</run_address>
         <size>0x13</size>
         <input_file_ref idref="fl-1a"/>
      </object_component>
      <object_component id="oc-1f2">
         <name>.text:SCI_isBaseValid</name>
         <load_address>0x85026</load_address>
         <run_address>0x85026</run_address>
         <size>0x13</size>
         <input_file_ref idref="fl-a"/>
      </object_component>
      <object_component id="oc-9e">
         <name>.text:CAN_getInterruptCause</name>
         <load_address>0x85039</load_address>
         <run_address>0x85039</run_address>
         <size>0x12</size>
         <input_file_ref idref="fl-a"/>
      </object_component>
      <object_component id="oc-4e3">
         <name>.text:EPWM_setTimeBaseCounter</name>
         <load_address>0x8504b</load_address>
         <run_address>0x8504b</run_address>
         <size>0x12</size>
         <input_file_ref idref="fl-a"/>
      </object_component>
      <object_component id="oc-37e">
         <name>.text:GridDirectionCal</name>
         <load_address>0x8505d</load_address>
         <run_address>0x8505d</run_address>
         <size>0x12</size>
         <input_file_ref idref="fl-6"/>
      </object_component>
      <object_component id="oc-e9">
         <name>.text:CAN_startModule</name>
         <load_address>0x8506f</load_address>
         <run_address>0x8506f</run_address>
         <size>0x11</size>
         <input_file_ref idref="fl-a"/>
      </object_component>
      <object_component id="oc-675">
         <name>.text:CPUTimer_setPeriod</name>
         <load_address>0x85080</load_address>
         <run_address>0x85080</run_address>
         <size>0x11</size>
         <input_file_ref idref="fl-a"/>
      </object_component>
      <object_component id="oc-4ef">
         <name>.text:EPWM_disablePhaseShiftLoad</name>
         <load_address>0x85091</load_address>
         <run_address>0x85091</run_address>
         <size>0x11</size>
         <input_file_ref idref="fl-a"/>
      </object_component>
      <object_component id="oc-354">
         <name>.text:InitDSP_Device</name>
         <load_address>0x850a2</load_address>
         <run_address>0x850a2</run_address>
         <size>0x11</size>
         <input_file_ref idref="fl-a"/>
      </object_component>
      <object_component id="oc-a4">
         <name>.text:CAN_getStatus</name>
         <load_address>0x850b3</load_address>
         <run_address>0x850b3</run_address>
         <size>0x10</size>
         <input_file_ref idref="fl-a"/>
      </object_component>
      <object_component id="oc-6ff">
         <name>.text:DCC_isBaseValid</name>
         <load_address>0x850c3</load_address>
         <run_address>0x850c3</run_address>
         <size>0x10</size>
         <input_file_ref idref="fl-1b"/>
      </object_component>
      <object_component id="oc-342">
         <name>.text:Device_initGPIO</name>
         <load_address>0x850d3</load_address>
         <run_address>0x850d3</run_address>
         <size>0x10</size>
         <input_file_ref idref="fl-4"/>
      </object_component>
      <object_component id="oc-4be">
         <name>.text:GPIO_setInterruptType</name>
         <load_address>0x850e3</load_address>
         <run_address>0x850e3</run_address>
         <size>0x10</size>
         <input_file_ref idref="fl-a"/>
      </object_component>
      <object_component id="oc-3c8">
         <name>.text:ASysCtl_disableDCDC</name>
         <load_address>0x850f3</load_address>
         <run_address>0x850f3</run_address>
         <size>0xf</size>
         <input_file_ref idref="fl-4"/>
      </object_component>
      <object_component id="oc-95">
         <name>.text:Interrupt_register</name>
         <load_address>0x85102</load_address>
         <run_address>0x85102</run_address>
         <size>0xf</size>
         <input_file_ref idref="fl-a"/>
      </object_component>
      <object_component id="oc-409">
         <name>.text:TimeBase_Var_Init</name>
         <load_address>0x85111</load_address>
         <run_address>0x85111</run_address>
         <size>0xf</size>
         <input_file_ref idref="fl-8"/>
      </object_component>
      <object_component id="oc-378">
         <name>.text:WarnCtrl_Manage</name>
         <load_address>0x85120</load_address>
         <run_address>0x85120</run_address>
         <size>0xf</size>
         <input_file_ref idref="fl-9"/>
      </object_component>
      <object_component id="oc-465">
         <name>.text:GridVoltRmsCal</name>
         <load_address>0x8512f</load_address>
         <run_address>0x8512f</run_address>
         <size>0xe</size>
         <input_file_ref idref="fl-6"/>
      </object_component>
      <object_component id="oc-3d7">
         <name>.text:Interrupt_defaultHandler</name>
         <load_address>0x8513d</load_address>
         <run_address>0x8513d</run_address>
         <size>0xe</size>
         <input_file_ref idref="fl-19"/>
      </object_component>
      <object_component id="oc-249">
         <name>.text</name>
         <load_address>0x8514b</load_address>
         <run_address>0x8514b</run_address>
         <size>0xe</size>
         <input_file_ref idref="fl-28"/>
      </object_component>
      <object_component id="oc-35a">
         <name>.text:InitVar_Data</name>
         <load_address>0x85159</load_address>
         <run_address>0x85159</run_address>
         <size>0xd</size>
         <input_file_ref idref="fl-a"/>
      </object_component>
      <object_component id="oc-1d8">
         <name>.text:Interrupt_disableGlobal</name>
         <load_address>0x85166</load_address>
         <run_address>0x85166</run_address>
         <size>0xd</size>
         <input_file_ref idref="fl-19"/>
      </object_component>
      <object_component id="oc-1de">
         <name>.text:Interrupt_enableGlobal</name>
         <load_address>0x85173</load_address>
         <run_address>0x85173</run_address>
         <size>0xd</size>
         <input_file_ref idref="fl-19"/>
      </object_component>
      <object_component id="oc-3a9">
         <name>.text:SysCtl_setLowSpeedClock</name>
         <load_address>0x85180</load_address>
         <run_address>0x85180</run_address>
         <size>0xd</size>
         <input_file_ref idref="fl-4"/>
      </object_component>
      <object_component id="oc-68">
         <name>.text:decompress:ZI:__TI_zero_init_nomemset</name>
         <load_address>0x8518d</load_address>
         <run_address>0x8518d</run_address>
         <size>0xd</size>
         <input_file_ref idref="fl-2f"/>
      </object_component>
      <object_component id="oc-28d">
         <name>.text</name>
         <load_address>0x8519a</load_address>
         <run_address>0x8519a</run_address>
         <size>0xc</size>
         <input_file_ref idref="fl-34"/>
      </object_component>
      <object_component id="oc-47b">
         <name>.text:SysCtl_isMCDClockFailureDetected</name>
         <load_address>0x851a6</load_address>
         <run_address>0x851a6</run_address>
         <size>0xb</size>
         <input_file_ref idref="fl-1b"/>
      </object_component>
      <object_component id="oc-4ca">
         <name>.text:GPIO_enableInterrupt</name>
         <load_address>0x851b1</load_address>
         <run_address>0x851b1</run_address>
         <size>0x9</size>
         <input_file_ref idref="fl-a"/>
      </object_component>
      <object_component id="oc-36c">
         <name>.text:GridPeriodRmsCal</name>
         <load_address>0x851ba</load_address>
         <run_address>0x851ba</run_address>
         <size>0x9</size>
         <input_file_ref idref="fl-6"/>
      </object_component>
      <object_component id="oc-38a">
         <name>.text</name>
         <load_address>0x851c3</load_address>
         <run_address>0x851c3</run_address>
         <size>0x9</size>
         <input_file_ref idref="fl-33"/>
      </object_component>
      <object_component id="oc-39d">
         <name>.text:SysCtl_disableWatchdog</name>
         <load_address>0x851cc</load_address>
         <run_address>0x851cc</run_address>
         <size>0x8</size>
         <input_file_ref idref="fl-4"/>
      </object_component>
      <object_component id="oc-1b">
         <name>.text:decompress:none</name>
         <load_address>0x851d4</load_address>
         <run_address>0x851d4</run_address>
         <size>0x8</size>
         <input_file_ref idref="fl-30"/>
      </object_component>
      <object_component id="oc-74">
         <name>.text</name>
         <load_address>0x851dc</load_address>
         <run_address>0x851dc</run_address>
         <size>0x8</size>
         <input_file_ref idref="fl-5"/>
      </object_component>
      <object_component id="oc-56e">
         <name>.text:ASysCtl_disableTemperatureSensor</name>
         <load_address>0x851e4</load_address>
         <run_address>0x851e4</run_address>
         <size>0x7</size>
         <input_file_ref idref="fl-a"/>
      </object_component>
      <object_component id="oc-6f6">
         <name>.text:SysCtl_resetMCD</name>
         <load_address>0x851eb</load_address>
         <run_address>0x851eb</run_address>
         <size>0x7</size>
         <input_file_ref idref="fl-1b"/>
      </object_component>
      <object_component id="oc-19f">
         <name>.text:__error__</name>
         <load_address>0x851f2</load_address>
         <run_address>0x851f2</run_address>
         <size>0x7</size>
         <input_file_ref idref="fl-4"/>
      </object_component>
      <object_component id="oc-8f">
         <name>.text:Interrupt_clearACKGroup</name>
         <load_address>0x851f9</load_address>
         <run_address>0x851f9</run_address>
         <size>0x6</size>
         <input_file_ref idref="fl-a"/>
      </object_component>
      <object_component id="oc-3e3">
         <name>.text:Interrupt_illegalOperationHandler</name>
         <load_address>0x851ff</load_address>
         <run_address>0x851ff</run_address>
         <size>0x2</size>
         <input_file_ref idref="fl-19"/>
      </object_component>
      <object_component id="oc-3dd">
         <name>.text:Interrupt_nmiHandler</name>
         <load_address>0x85201</load_address>
         <run_address>0x85201</run_address>
         <size>0x2</size>
         <input_file_ref idref="fl-19"/>
      </object_component>
      <object_component id="oc-286">
         <name>.text</name>
         <load_address>0x85203</load_address>
         <run_address>0x85203</run_address>
         <size>0x2</size>
         <input_file_ref idref="fl-2d"/>
      </object_component>
      <object_component id="oc-427">
         <name>.text:WarnCtrl_Var_Init</name>
         <load_address>0x85205</load_address>
         <run_address>0x85205</run_address>
         <size>0x1</size>
         <input_file_ref idref="fl-9"/>
      </object_component>
      <object_component id="oc-327">
         <name>.text</name>
         <load_address>0x85206</load_address>
         <run_address>0x85206</run_address>
         <size>0x1</size>
         <input_file_ref idref="fl-39"/>
      </object_component>
      <object_component id="oc-758">
         <name>.cinit..data.load</name>
         <load_address>0x812e8</load_address>
         <run_address>0x812e8</run_address>
         <size>0x11</size>
      </object_component>
      <object_component id="oc-755">
         <name>__TI_handler_table</name>
         <load_address>0x812fa</load_address>
         <run_address>0x812fa</run_address>
         <size>0x6</size>
      </object_component>
      <object_component id="oc-757">
         <name>.cinit..bss.load</name>
         <load_address>0x81300</load_address>
         <run_address>0x81300</run_address>
         <size>0x4</size>
      </object_component>
      <object_component id="oc-756">
         <name>__TI_cinit_table</name>
         <load_address>0x81304</load_address>
         <run_address>0x81304</run_address>
         <size>0x8</size>
      </object_component>
      <object_component id="oc-5d">
         <name>.stack</name>
         <uninitialized>true</uninitialized>
         <run_address>0x400</run_address>
         <size>0x0</size>
         <input_file_ref idref="fl-27"/>
      </object_component>
      <object_component id="oc-759">
         <name>.stack</name>
         <uninitialized>true</uninitialized>
         <run_address>0x400</run_address>
         <size>0x0</size>
      </object_component>
      <object_component id="oc-16d">
         <name>.bss</name>
         <uninitialized>true</uninitialized>
         <run_address>0xa800</run_address>
         <size>0xe0</size>
         <input_file_ref idref="fl-6"/>
      </object_component>
      <object_component id="oc-437">
         <name>.bss</name>
         <uninitialized>true</uninitialized>
         <run_address>0xa8e0</run_address>
         <size>0x12</size>
         <input_file_ref idref="fl-7"/>
      </object_component>
      <object_component id="oc-7d">
         <name>.bss</name>
         <uninitialized>true</uninitialized>
         <run_address>0xa930</run_address>
         <size>0x6</size>
         <input_file_ref idref="fl-8"/>
      </object_component>
      <object_component id="oc-604">
         <name>.bss</name>
         <uninitialized>true</uninitialized>
         <run_address>0xa900</run_address>
         <size>0x28</size>
         <input_file_ref idref="fl-9"/>
      </object_component>
      <object_component id="oc-80">
         <name>.bss</name>
         <uninitialized>true</uninitialized>
         <run_address>0xa8f2</run_address>
         <size>0xc</size>
         <input_file_ref idref="fl-a"/>
      </object_component>
      <object_component id="oc-aa">
         <name>.bss:rxMsgData</name>
         <uninitialized>true</uninitialized>
         <run_address>0xa928</run_address>
         <size>0x8</size>
         <input_file_ref idref="fl-a"/>
      </object_component>
      <object_component id="oc-18f">
         <name>.data</name>
         <load_address>0xa940</load_address>
         <run_address>0xa940</run_address>
         <size>0x52</size>
         <input_file_ref idref="fl-6"/>
      </object_component>
      <object_component id="oc-43a">
         <name>.data</name>
         <load_address>0xa9a8</load_address>
         <run_address>0xa9a8</run_address>
         <size>0xb</size>
         <input_file_ref idref="fl-7"/>
      </object_component>
      <object_component id="oc-7a">
         <name>.data</name>
         <load_address>0xa93c</load_address>
         <run_address>0xa93c</run_address>
         <size>0x4</size>
         <input_file_ref idref="fl-8"/>
      </object_component>
      <object_component id="oc-5f3">
         <name>.data</name>
         <load_address>0xa992</load_address>
         <run_address>0xa992</run_address>
         <size>0x16</size>
         <input_file_ref idref="fl-9"/>
      </object_component>
      <object_component id="oc-317">
         <name>.data</name>
         <load_address>0xa936</load_address>
         <run_address>0xa936</run_address>
         <size>0x6</size>
         <input_file_ref idref="fl-32"/>
      </object_component>
      <object_component id="oc-31a">
         <name>.data:_lock</name>
         <load_address>0xa9b4</load_address>
         <run_address>0xa9b4</run_address>
         <size>0x2</size>
         <input_file_ref idref="fl-33"/>
      </object_component>
      <object_component id="oc-46c">
         <name>.data:_unlock</name>
         <load_address>0xa9b6</load_address>
         <run_address>0xa9b6</run_address>
         <size>0x2</size>
         <input_file_ref idref="fl-33"/>
      </object_component>
      <object_component id="oc-fd">
         <name>.const:.string</name>
         <load_address>0x84000</load_address>
         <run_address>0x84000</run_address>
         <size>0x236</size>
         <input_file_ref idref="fl-a"/>
      </object_component>
      <object_component id="oc-47a">
         <name>.const:.string</name>
         <load_address>0x84236</load_address>
         <run_address>0x84236</run_address>
         <size>0x8a</size>
         <input_file_ref idref="fl-1b"/>
      </object_component>
      <object_component id="oc-2c4">
         <name>.const:.string</name>
         <load_address>0x842c0</load_address>
         <run_address>0x842c0</run_address>
         <size>0x88</size>
         <input_file_ref idref="fl-6"/>
      </object_component>
      <object_component id="oc-21f">
         <name>.const:.string</name>
         <load_address>0x84348</load_address>
         <run_address>0x84348</run_address>
         <size>0x88</size>
         <input_file_ref idref="fl-18"/>
      </object_component>
      <object_component id="oc-1bb">
         <name>.const:.string</name>
         <load_address>0x843d0</load_address>
         <run_address>0x843d0</run_address>
         <size>0x87</size>
         <input_file_ref idref="fl-15"/>
      </object_component>
      <object_component id="oc-1ef">
         <name>.const:.string</name>
         <load_address>0x84458</load_address>
         <run_address>0x84458</run_address>
         <size>0x87</size>
         <input_file_ref idref="fl-1a"/>
      </object_component>
      <object_component id="oc-3b5">
         <name>.const:.string</name>
         <load_address>0x844e0</load_address>
         <run_address>0x844e0</run_address>
         <size>0x59</size>
         <input_file_ref idref="fl-4"/>
      </object_component>
      <object_component id="oc-71b">
         <name>.const:.string</name>
         <load_address>0x8453a</load_address>
         <run_address>0x8453a</run_address>
         <size>0x48</size>
         <input_file_ref idref="fl-16"/>
      </object_component>
      <object_component id="oc-6e0">
         <name>.const:.string</name>
         <load_address>0x84582</load_address>
         <run_address>0x84582</run_address>
         <size>0x44</size>
         <input_file_ref idref="fl-7"/>
      </object_component>
      <object_component id="oc-6eb">
         <name>.const:.string</name>
         <load_address>0x845c6</load_address>
         <run_address>0x845c6</run_address>
         <size>0x44</size>
         <input_file_ref idref="fl-9"/>
      </object_component>
      <object_component id="oc-248">
         <name>.const</name>
         <load_address>0x8460a</load_address>
         <run_address>0x8460a</run_address>
         <size>0x4</size>
         <input_file_ref idref="fl-6"/>
      </object_component>
      <object_component id="oc-15a">
         <name>.TI.ramfunc:PWMDriver_Ctrl</name>
         <load_address>0x81000</load_address>
         <run_address>0x8000</run_address>
         <size>0x139</size>
         <input_file_ref idref="fl-6"/>
      </object_component>
      <object_component id="oc-14e">
         <name>.TI.ramfunc:VoltLoopCtrl</name>
         <load_address>0x81139</load_address>
         <run_address>0x8139</run_address>
         <size>0x87</size>
         <input_file_ref idref="fl-6"/>
      </object_component>
      <object_component id="oc-154">
         <name>.TI.ramfunc:CurrLoopCtrl</name>
         <load_address>0x811c0</load_address>
         <run_address>0x81c0</run_address>
         <size>0x71</size>
         <input_file_ref idref="fl-6"/>
      </object_component>
      <object_component id="oc-83">
         <name>.TI.ramfunc:Iref_Cal</name>
         <load_address>0x81231</load_address>
         <run_address>0x8231</run_address>
         <size>0x46</size>
         <input_file_ref idref="fl-6"/>
      </object_component>
      <object_component id="oc-51">
         <name>.TI.ramfunc:epwm1ISR</name>
         <load_address>0x81277</load_address>
         <run_address>0x8277</run_address>
         <size>0x3c</size>
         <input_file_ref idref="fl-a"/>
      </object_component>
      <object_component id="oc-142">
         <name>.TI.ramfunc:Adc_Cal_100KHz</name>
         <load_address>0x812b3</load_address>
         <run_address>0x82b3</run_address>
         <size>0x2f</size>
         <input_file_ref idref="fl-6"/>
      </object_component>
      <object_component id="oc-1ce">
         <name>.TI.ramfunc</name>
         <load_address>0x812e2</load_address>
         <run_address>0x82e2</run_address>
         <size>0x4</size>
         <input_file_ref idref="fl-1b"/>
      </object_component>
      <object_component id="oc-148">
         <name>.TI.ramfunc:SOGI_PLL_Cal</name>
         <load_address>0x812e6</load_address>
         <run_address>0x82e6</run_address>
         <size>0x1</size>
         <input_file_ref idref="fl-6"/>
      </object_component>
      <object_component id="oc-2a5">
         <name>.debug_types</name>
         <load_address>0x0</load_address>
         <run_address>0x0</run_address>
         <size>0xfb2</size>
         <input_file_ref idref="fl-4"/>
      </object_component>
      <object_component id="oc-198">
         <name>.debug_types</name>
         <load_address>0xfb2</load_address>
         <run_address>0xfb2</run_address>
         <size>0x1732</size>
         <input_file_ref idref="fl-6"/>
      </object_component>
      <object_component id="oc-450">
         <name>.debug_types</name>
         <load_address>0x26e4</load_address>
         <run_address>0x26e4</run_address>
         <size>0xaf6</size>
         <input_file_ref idref="fl-7"/>
      </object_component>
      <object_component id="oc-18a">
         <name>.debug_types</name>
         <load_address>0x0</load_address>
         <run_address>0x0</run_address>
         <size>0x0</size>
         <input_file_ref idref="fl-8"/>
      </object_component>
      <object_component id="oc-464">
         <name>.debug_types</name>
         <load_address>0x31da</load_address>
         <run_address>0x31da</run_address>
         <size>0x377</size>
         <input_file_ref idref="fl-9"/>
      </object_component>
      <object_component id="oc-9c">
         <name>.debug_types</name>
         <load_address>0x3551</load_address>
         <run_address>0x3551</run_address>
         <size>0x2000</size>
         <input_file_ref idref="fl-a"/>
      </object_component>
      <object_component id="oc-6c5">
         <name>.debug_types</name>
         <load_address>0x5551</load_address>
         <run_address>0x5551</run_address>
         <size>0x126</size>
         <input_file_ref idref="fl-14"/>
      </object_component>
      <object_component id="oc-1c3">
         <name>.debug_types</name>
         <load_address>0x5677</load_address>
         <run_address>0x5677</run_address>
         <size>0x14b</size>
         <input_file_ref idref="fl-15"/>
      </object_component>
      <object_component id="oc-71d">
         <name>.debug_types</name>
         <load_address>0x0</load_address>
         <run_address>0x0</run_address>
         <size>0x0</size>
         <input_file_ref idref="fl-16"/>
      </object_component>
      <object_component id="oc-1c7">
         <name>.debug_types</name>
         <load_address>0x57c2</load_address>
         <run_address>0x57c2</run_address>
         <size>0x17d</size>
         <input_file_ref idref="fl-18"/>
      </object_component>
      <object_component id="oc-1e5">
         <name>.debug_types</name>
         <load_address>0x0</load_address>
         <run_address>0x0</run_address>
         <size>0x0</size>
         <input_file_ref idref="fl-19"/>
      </object_component>
      <object_component id="oc-1f1">
         <name>.debug_types</name>
         <load_address>0x593f</load_address>
         <run_address>0x593f</run_address>
         <size>0x371</size>
         <input_file_ref idref="fl-1a"/>
      </object_component>
      <object_component id="oc-48e">
         <name>.debug_types</name>
         <load_address>0x5cb0</load_address>
         <run_address>0x5cb0</run_address>
         <size>0x1d4</size>
         <input_file_ref idref="fl-1b"/>
      </object_component>
      <object_component id="oc-2de">
         <name>.debug_types</name>
         <load_address>0x0</load_address>
[...]
         <value>0xa9ab</value>
         <object_component_ref idref="oc-43a"/>
      </symbol>
      <symbol id="sm-234">
         <name>g_u16ACDCSubStateDlay</name>
         <value>0xa9b1</value>
         <object_component_ref idref="oc-43a"/>
      </symbol>
      <symbol id="sm-235">
         <name>g_u16BypssRlyCloseDlay</name>
         <value>0xa9af</value>
         <object_component_ref idref="oc-43a"/>
      </symbol>
      <symbol id="sm-236">
         <name>g_u16FaultBackDlay</name>
         <value>0xa9ad</value>
         <object_component_ref idref="oc-43a"/>
      </symbol>
      <symbol id="sm-237">
         <name>g_u16SelfTestDlay</name>
         <value>0xa9ac</value>
         <object_component_ref idref="oc-43a"/>
      </symbol>
      <symbol id="sm-25b">
         <name>TimeBase_Var_Init</name>
         <value>0x85111</value>
         <object_component_ref idref="oc-409"/>
      </symbol>
      <symbol id="sm-25c">
         <name>g_u16TimeBaseCnt</name>
         <value>0xa93f</value>
         <object_component_ref idref="oc-7a"/>
      </symbol>
      <symbol id="sm-25d">
         <name>TimeBase_Manage</name>
         <value>0x824f7</value>
         <object_component_ref idref="oc-366"/>
      </symbol>
      <symbol id="sm-25e">
         <name>g_u8Clock2msCnt</name>
         <value>0xa93c</value>
         <object_component_ref idref="oc-7a"/>
      </symbol>
      <symbol id="sm-25f">
         <name>g_strSysTimeFlg</name>
         <value>0xa930</value>
         <object_component_ref idref="oc-7d"/>
      </symbol>
      <symbol id="sm-260">
         <name>g_u8Time1msCnt</name>
         <value>0xa93d</value>
         <object_component_ref idref="oc-7a"/>
      </symbol>
      <symbol id="sm-261">
         <name>g_u8Time2msCnt</name>
         <value>0xa93e</value>
         <object_component_ref idref="oc-7a"/>
      </symbol>
      <symbol id="sm-2c8">
         <name>uiUnderLevelChk</name>
         <value>0x83f79</value>
         <object_component_ref idref="oc-607"/>
      </symbol>
      <symbol id="sm-2c9">
         <name>g_u16VbusPeakOVPBackCnts</name>
         <value>0xa99d</value>
         <object_component_ref idref="oc-5f3"/>
      </symbol>
      <symbol id="sm-2ca">
         <name>g_u16IgridRmsOCPCnts</name>
         <value>0xa998</value>
         <object_component_ref idref="oc-5f3"/>
      </symbol>
      <symbol id="sm-2cb">
         <name>g_u16VgridRmsOVPCnts</name>
         <value>0xa994</value>
         <object_component_ref idref="oc-5f3"/>
      </symbol>
      <symbol id="sm-2cc">
         <name>g_PFCProtect</name>
         <value>0xa900</value>
         <object_component_ref idref="oc-604"/>
      </symbol>
      <symbol id="sm-2cd">
         <name>g_u16VgridRmsUVPCnts</name>
         <value>0xa996</value>
         <object_component_ref idref="oc-5f3"/>
      </symbol>
      <symbol id="sm-2ce">
         <name>g_u16VbusPeakUVPCnts</name>
         <value>0xa99e</value>
         <object_component_ref idref="oc-5f3"/>
      </symbol>
      <symbol id="sm-2cf">
         <name>g_u16VbusHWOVPCnts</name>
         <value>0xa99a</value>
         <object_component_ref idref="oc-5f3"/>
      </symbol>
      <symbol id="sm-2d0">
         <name>WarnCtrl_Manage</name>
         <value>0x85120</value>
         <object_component_ref idref="oc-378"/>
      </symbol>
      <symbol id="sm-2d1">
         <name>g_u16Temp1UTPCnts</name>
         <value>0xa9a0</value>
         <object_component_ref idref="oc-5f3"/>
      </symbol>
      <symbol id="sm-2d2">
         <name>g_u16VgridRmsUVPBackCnts</name>
         <value>0xa997</value>
         <object_component_ref idref="oc-5f3"/>
      </symbol>
      <symbol id="sm-2d3">
         <name>g_u16VbusPeakUVPBackCnts</name>
         <value>0xa99f</value>
         <object_component_ref idref="oc-5f3"/>
      </symbol>
      <symbol id="sm-2d4">
         <name>g_u16Temp1OTPCnts</name>
         <value>0xa9a2</value>
         <object_component_ref idref="oc-5f3"/>
      </symbol>
      <symbol id="sm-2d5">
         <name>g_u16Temp2OTPBackCnts</name>
         <value>0xa9a7</value>
         <object_component_ref idref="oc-5f3"/>
      </symbol>
      <symbol id="sm-2d6">
         <name>g_u16VgridRmsOVPBackCnts</name>
         <value>0xa995</value>
         <object_component_ref idref="oc-5f3"/>
      </symbol>
      <symbol id="sm-2d7">
         <name>g_u16VgridLossCnts</name>
         <value>0xa992</value>
         <object_component_ref idref="oc-5f3"/>
      </symbol>
      <symbol id="sm-2d8">
         <name>uiOverLevelChk</name>
         <value>0x83f65</value>
         <object_component_ref idref="oc-5f6"/>
      </symbol>
      <symbol id="sm-2d9">
         <name>g_u16Temp2UTPBackCnts</name>
         <value>0xa9a5</value>
         <object_component_ref idref="oc-5f3"/>
      </symbol>
      <symbol id="sm-2da">
         <name>g_u16Temp2UTPCnts</name>
         <value>0xa9a4</value>
         <object_component_ref idref="oc-5f3"/>
      </symbol>
      <symbol id="sm-2db">
         <name>g_u16VbusPeakOVPCnts</name>
         <value>0xa99c</value>
         <object_component_ref idref="oc-5f3"/>
      </symbol>
      <symbol id="sm-2dc">
         <name>g_u16Temp2OTPCnts</name>
         <value>0xa9a6</value>
         <object_component_ref idref="oc-5f3"/>
      </symbol>
      <symbol id="sm-2dd">
         <name>g_u16VgridPeakOVPCnts</name>
         <value>0xa993</value>
         <object_component_ref idref="oc-5f3"/>
      </symbol>
      <symbol id="sm-2de">
         <name>ACDC_GridRMSVoltUVPCheck</name>
         <value>0x837b8</value>
         <object_component_ref idref="oc-451"/>
      </symbol>
      <symbol id="sm-2df">
         <name>g_u16VbusHWOVPBackCnts</name>
         <value>0xa99b</value>
         <object_component_ref idref="oc-5f3"/>
      </symbol>
      <symbol id="sm-2e0">
         <name>g_u16Temp1OTPBackCnts</name>
         <value>0xa9a3</value>
         <object_component_ref idref="oc-5f3"/>
      </symbol>
      <symbol id="sm-2e1">
         <name>ACDC_BusPeakVoltOVPCheck</name>
         <value>0x835e8</value>
         <object_component_ref idref="oc-457"/>
      </symbol>
      <symbol id="sm-2e2">
         <name>TemperatCheck</name>
         <value>0x82c92</value>
         <object_component_ref idref="oc-45d"/>
      </symbol>
      <symbol id="sm-2e3">
         <name>g_u16Temp1UTPBackCnts</name>
         <value>0xa9a1</value>
         <object_component_ref idref="oc-5f3"/>
      </symbol>
      <symbol id="sm-2e4">
         <name>g_u16IgridRmsOCPBackCnts</name>
         <value>0xa999</value>
         <object_component_ref idref="oc-5f3"/>
      </symbol>
      <symbol id="sm-2e5">
         <name>WarnCtrl_Var_Init</name>
         <value>0x85205</value>
         <object_component_ref idref="oc-427"/>
      </symbol>
      <symbol id="sm-673">
         <name>InitDSP_Scia</name>
         <value>0x827eb</value>
         <object_component_ref idref="oc-46"/>
      </symbol>
      <symbol id="sm-674">
         <name>InitVar_Data</name>
         <value>0x85159</value>
         <object_component_ref idref="oc-35a"/>
      </symbol>
      <symbol id="sm-675">
         <name>cpuTimer1IntCount</name>
         <value>0xa8f6</value>
         <object_component_ref idref="oc-80"/>
      </symbol>
      <symbol id="sm-676">
         <name>epwmIntCount</name>
         <value>0xa8fa</value>
         <object_component_ref idref="oc-80"/>
      </symbol>
      <symbol id="sm-677">
         <name>InitDSP_Epwm</name>
         <value>0x82000</value>
         <object_component_ref idref="oc-3f6"/>
      </symbol>
      <symbol id="sm-678">
         <name>InitDSP_Dac</name>
         <value>0x83bac</value>
         <object_component_ref idref="oc-402"/>
      </symbol>
      <symbol id="sm-679">
         <name>InitDSP_Interrupt</name>
         <value>0x83d62</value>
         <object_component_ref idref="oc-2e"/>
      </symbol>
      <symbol id="sm-67a">
         <name>configCPUTimer</name>
         <value>0x832b4</value>
         <object_component_ref idref="oc-4a5"/>
      </symbol>
      <symbol id="sm-67b">
         <name>cpuTimer0ISR</name>
         <value>0x82b5d</value>
         <object_component_ref idref="oc-2d"/>
      </symbol>
      <symbol id="sm-67c">
         <name>InitDSP_Can</name>
         <value>0x82988</value>
         <object_component_ref idref="oc-3a"/>
      </symbol>
      <symbol id="sm-67d">
         <name>msg</name>
         <value>0xa8fc</value>
         <object_component_ref idref="oc-80"/>
      </symbol>
      <symbol id="sm-67e">
         <name>initCPUTimers</name>
         <value>0x8395e</value>
         <object_component_ref idref="oc-49f"/>
      </symbol>
      <symbol id="sm-67f">
         <name>main</name>
         <value>0x83546</value>
         <object_component_ref idref="oc-30f"/>
      </symbol>
      <symbol id="sm-680">
         <name>InitDSP_Gpio</name>
         <value>0x829ea</value>
         <object_component_ref idref="oc-3f0"/>
      </symbol>
      <symbol id="sm-681">
         <name>canISR</name>
         <value>0x82856</value>
         <object_component_ref idref="oc-39"/>
      </symbol>
      <symbol id="sm-682">
         <name>cpuTimer2IntCount</name>
         <value>0xa8f8</value>
         <object_component_ref idref="oc-80"/>
      </symbol>
      <symbol id="sm-683">
         <name>rxMsgData</name>
         <value>0xa928</value>
         <object_component_ref idref="oc-aa"/>
      </symbol>
      <symbol id="sm-684">
         <name>epwm1ISR</name>
         <value>0x8277</value>
         <object_component_ref idref="oc-51"/>
      </symbol>
      <symbol id="sm-685">
         <name>InitDSP_Timer</name>
         <value>0x83adf</value>
         <object_component_ref idref="oc-3ea"/>
      </symbol>
      <symbol id="sm-686">
         <name>TimerFlag1s</name>
         <value>0xa8f2</value>
         <object_component_ref idref="oc-80"/>
      </symbol>
      <symbol id="sm-687">
         <name>cpuTimer0IntCount</name>
         <value>0xa8f4</value>
         <object_component_ref idref="oc-80"/>
      </symbol>
      <symbol id="sm-688">
         <name>InitDSP_Adc</name>
         <value>0x8277c</value>
         <object_component_ref idref="oc-3fc"/>
      </symbol>
      <symbol id="sm-689">
         <name>gpioISR</name>
         <value>0x82f6b</value>
         <object_component_ref idref="oc-57"/>
      </symbol>
      <symbol id="sm-68a">
         <name>sciaRxISR</name>
         <value>0x82bac</value>
         <object_component_ref idref="oc-45"/>
      </symbol>
      <symbol id="sm-68b">
         <name>InitDSP_Device</name>
         <value>0x850a2</value>
         <object_component_ref idref="oc-354"/>
      </symbol>
      <symbol id="sm-69a">
         <name>ADC_setOffsetTrimAll</name>
         <value>0x83598</value>
         <object_component_ref idref="oc-580"/>
      </symbol>
      <symbol id="sm-71a">
         <name>CAN_setBitTiming</name>
         <value>0x82924</value>
         <object_component_ref idref="oc-1d0"/>
      </symbol>
      <symbol id="sm-71b">
         <name>CAN_clearInterruptStatus</name>
         <value>0x82d26</value>
         <object_component_ref idref="oc-b3"/>
      </symbol>
      <symbol id="sm-71c">
         <name>CAN_setupMessageObject</name>
         <value>0x821fe</value>
         <object_component_ref idref="oc-e3"/>
      </symbol>
      <symbol id="sm-71d">
         <name>CAN_initModule</name>
         <value>0x839b4</value>
         <object_component_ref idref="oc-c5"/>
      </symbol>
      <symbol id="sm-71e">
         <name>CAN_readMessage</name>
         <value>0x828be</value>
         <object_component_ref idref="oc-ad"/>
      </symbol>
      <symbol id="sm-71f">
         <name>CAN_setBitRate</name>
         <value>0x82a4c</value>
         <object_component_ref idref="oc-cb"/>
      </symbol>
      <symbol id="sm-739">
         <name>CPUTimer_setEmulationMode</name>
         <value>0x83fa0</value>
         <object_component_ref idref="oc-68e"/>
      </symbol>
      <symbol id="sm-7a4">
         <name>GPIO_setQualificationMode</name>
         <value>0x83119</value>
         <object_component_ref idref="oc-11c"/>
      </symbol>
      <symbol id="sm-7a5">
         <name>GPIO_setPadConfig</name>
         <value>0x82b0b</value>
         <object_component_ref idref="oc-116"/>
      </symbol>
      <symbol id="sm-7a6">
         <name>GPIO_setInterruptPin</name>
         <value>0x831f2</value>
         <object_component_ref idref="oc-4c4"/>
      </symbol>
      <symbol id="sm-7a7">
         <name>GPIO_setAnalogMode</name>
         <value>0x8303a</value>
         <object_component_ref idref="oc-4b8"/>
      </symbol>
      <symbol id="sm-7a8">
         <name>GPIO_setDirectionMode</name>
         <value>0x83226</value>
         <object_component_ref idref="oc-110"/>
      </symbol>
      <symbol id="sm-7a9">
         <name>GPIO_setPinConfig</name>
         <value>0x830e2</value>
         <object_component_ref idref="oc-bf"/>
      </symbol>
      <symbol id="sm-7aa">
         <name>GPIO_setControllerCore</name>
         <value>0x830ab</value>
         <object_component_ref idref="oc-10a"/>
      </symbol>
      <symbol id="sm-7fc">
         <name>Interrupt_initModule</name>
         <value>0x82ef2</value>
         <object_component_ref idref="oc-348"/>
      </symbol>
      <symbol id="sm-7fd">
         <name>Interrupt_enable</name>
         <value>0x83150</value>
         <object_component_ref idref="oc-d7"/>
      </symbol>
      <symbol id="sm-7fe">
         <name>Interrupt_initVectorTable</name>
         <value>0x83875</value>
         <object_component_ref idref="oc-34e"/>
      </symbol>
      <symbol id="sm-87c">
         <name>SCI_clearInterruptStatus</name>
         <value>0x82d6c</value>
         <object_component_ref idref="oc-134"/>
      </symbol>
      <symbol id="sm-87d">
         <name>SCI_writeCharArray</name>
         <value>0x82df5</value>
         <object_component_ref idref="oc-fe"/>
      </symbol>
      <symbol id="sm-87e">
         <name>SCI_setConfig</name>
         <value>0x82eb4</value>
         <object_component_ref idref="oc-128"/>
      </symbol>
      <symbol id="sm-87f">
         <name>SCI_enableInterrupt</name>
         <value>0x82db1</value>
         <object_component_ref idref="oc-f1"/>
      </symbol>
      <symbol id="sm-98d">
         <name>SysCtl_isPLLValid</name>
         <value>0x8239e</value>
         <object_component_ref idref="oc-487"/>
      </symbol>
      <symbol id="sm-98e">
         <name>SysCtl_delay</name>
         <value>0x82e2</value>
         <object_component_ref idref="oc-1ce"/>
      </symbol>
      <symbol id="sm-98f">
         <name>SysCtl_selectXTALSingleEnded</name>
         <value>0x83b61</value>
         <object_component_ref idref="oc-61b"/>
      </symbol>
      <symbol id="sm-990">
         <name>SysCtl_selectXTAL</name>
         <value>0x836a4</value>
         <object_component_ref idref="oc-615"/>
      </symbol>
      <symbol id="sm-991">
         <name>SysCtl_selectOscSource</name>
         <value>0x82cdd</value>
         <object_component_ref idref="oc-481"/>
      </symbol>
      <symbol id="sm-992">
         <name>SysCtl_getLowSpeedClock</name>
         <value>0x83b47</value>
         <object_component_ref idref="oc-3b6"/>
      </symbol>
      <symbol id="sm-993">
         <name>SysCtl_setClock</name>
         <value>0x822d9</value>
         <object_component_ref idref="oc-3a3"/>
      </symbol>
      <symbol id="sm-994">
         <name>SysCtl_getClock</name>
         <value>0x82aad</value>
         <object_component_ref idref="oc-3af"/>
      </symbol>
      <symbol id="sm-99e">
         <name>_c_int00</name>
         <value>0x83cdd</value>
         <object_component_ref idref="oc-182"/>
      </symbol>
      <symbol id="sm-99f">
         <name>__stack</name>
         <value>0x400</value>
         <object_component_ref idref="oc-5d"/>
      </symbol>
      <symbol id="sm-9a7">
         <name>__c28xabi_subd</name>
         <value>0x8514b</value>
         <object_component_ref idref="oc-249"/>
      </symbol>
      <symbol id="sm-9b4">
         <name>__c28xabi_divf</name>
         <value>0x8258d</value>
         <object_component_ref idref="oc-192"/>
      </symbol>
      <symbol id="sm-9c1">
         <name>__c28xabi_ftod</name>
         <value>0x83a40</value>
         <object_component_ref idref="oc-243"/>
      </symbol>
      <symbol id="sm-9cd">
         <name>__c28xabi_dtof</name>
         <value>0x8370e</value>
         <object_component_ref idref="oc-24e"/>
      </symbol>
      <symbol id="sm-9da">
         <name>_system_pre_init</name>
         <value>0x85203</value>
         <object_component_ref idref="oc-286"/>
      </symbol>
      <symbol id="sm-9e9">
         <name>__TI_auto_init_nobinit_nopinit</name>
         <value>0x8351b</value>
         <object_component_ref idref="oc-2df"/>
      </symbol>
      <symbol id="sm-9f8">
         <name>__TI_zero_init_nomemset</name>
         <value>0x8518d</value>
         <object_component_ref idref="oc-68"/>
      </symbol>
      <symbol id="sm-a05">
         <name>__TI_decompress_none</name>
         <value>0x851d4</value>
         <object_component_ref idref="oc-1b"/>
      </symbol>
      <symbol id="sm-a19">
         <name>__TI_decompress_lzss</name>
         <value>0x832e2</value>
         <object_component_ref idref="oc-15"/>
      </symbol>
      <symbol id="sm-a2f">
         <name>C$$EXIT</name>
         <value>0x8356f</value>
         <object_component_ref idref="oc-293"/>
      </symbol>
      <symbol id="sm-a30">
         <name>abort</name>
         <value>0x8356f</value>
         <object_component_ref idref="oc-293"/>
      </symbol>
      <symbol id="sm-a31">
         <name>exit</name>
         <value>0x83571</value>
         <object_component_ref idref="oc-293"/>
      </symbol>
      <symbol id="sm-a32">
         <name>__TI_dtors_ptr</name>
         <value>0xa93a</value>
         <object_component_ref idref="oc-317"/>
      </symbol>
      <symbol id="sm-a33">
         <name>__TI_cleanup_ptr</name>
         <value>0xa938</value>
         <object_component_ref idref="oc-317"/>
      </symbol>
      <symbol id="sm-a34">
         <name>__TI_enable_exit_profile_output</name>
         <value>0xa936</value>
         <object_component_ref idref="oc-317"/>
      </symbol>
      <symbol id="sm-a4b">
         <name>_nop</name>
         <value>0x851cb</value>
         <object_component_ref idref="oc-38a"/>
      </symbol>
      <symbol id="sm-a4c">
         <name>_lock</name>
         <value>0xa9b4</value>
         <object_component_ref idref="oc-31a"/>
      </symbol>
      <symbol id="sm-a4d">
         <name>_unlock</name>
         <value>0xa9b6</value>
         <object_component_ref idref="oc-46c"/>
      </symbol>
      <symbol id="sm-a4e">
         <name>_register_lock</name>
         <value>0x851c7</value>
         <object_component_ref idref="oc-38a"/>
      </symbol>
      <symbol id="sm-a4f">
         <name>_register_unlock</name>
         <value>0x851c3</value>
         <object_component_ref idref="oc-38a"/>
      </symbol>
      <symbol id="sm-a5e">
         <name>_args_main</name>
         <value>0x8519a</value>
         <object_component_ref idref="oc-28d"/>
      </symbol>
      <symbol id="sm-a76">
         <name>__c28xabi_addd</name>
         <value>0x8245b</value>
         <object_component_ref idref="oc-2c7"/>
      </symbol>
      <symbol id="sm-a89">
         <name>memcpy</name>
         <value>0x8397b</value>
         <object_component_ref idref="oc-60"/>
      </symbol>
      <symbol id="sm-a96">
         <name>_system_post_cinit</name>
         <value>0x85206</value>
         <object_component_ref idref="oc-327"/>
      </symbol>
      <symbol id="sm-a98">
         <name>__c_args__</name>
         <value>0x0</value>
      </symbol>
   </symbol_table>
   <title>Link successful</title>
</link_info>
