<?xml version="1.0" encoding="ISO-8859-1" ?>
<link_info>
   <banner>TMS320C2000 Linker PC v22.6.0.LTS</banner>
   <copyright>Copyright (c) 1996-2018 Texas Instruments Incorporated</copyright>
   <link_time>0x64ddd400</link_time>
   <link_errors>0x0</link_errors>
   <output_file>led_ex1_blinky.out</output_file>
   <entry_point>
      <name>code_start</name>
      <address>0x80000</address>
   </entry_point>
   <input_file_list>
      <input_file id="fl-2">
         <path>.\syscfg\</path>
         <kind>object</kind>
         <file>board.obj</file>
         <name>board.obj</name>
      </input_file>
      <input_file id="fl-3">
         <path>.\syscfg\</path>
         <kind>object</kind>
         <file>c2000ware_libraries.obj</file>
         <name>c2000ware_libraries.obj</name>
      </input_file>
      <input_file id="fl-4">
         <path>.\device\</path>
         <kind>object</kind>
         <file>device.obj</file>
         <name>device.obj</name>
      </input_file>
      <input_file id="fl-5">
         <path>.\device\</path>
         <kind>object</kind>
         <file>f28004x_codestartbranch.obj</file>
         <name>f28004x_codestartbranch.obj</name>
      </input_file>
      <input_file id="fl-6">
         <path>.\source\</path>
         <kind>object</kind>
         <file>Calculare.obj</file>
         <name>Calculare.obj</name>
      </input_file>
      <input_file id="fl-7">
         <path>.\source\</path>
         <kind>object</kind>
         <file>State.obj</file>
         <name>State.obj</name>
      </input_file>
      <input_file id="fl-8">
         <path>.\source\</path>
         <kind>object</kind>
         <file>TimeBase.obj</file>
         <name>TimeBase.obj</name>
      </input_file>
      <input_file id="fl-9">
         <path>.\source\</path>
         <kind>object</kind>
         <file>WarnCtrl.obj</file>
         <name>WarnCtrl.obj</name>
      </input_file>
      <input_file id="fl-a">
         <path>.\source\</path>
         <kind>object</kind>
         <file>main.obj</file>
         <name>main.obj</name>
      </input_file>
      <input_file id="fl-13">
         <kind>object</kind>
         <file>&lt;internal&gt;</file>
         <name>&lt;internal&gt;</name>
      </input_file>
      <input_file id="fl-17">
         <path>C:\ti\c2000\C2000Ware_4_03_00_00\driverlib\f28004x\driverlib\ccs\Debug\</path>
         <kind>archive</kind>
         <file>driverlib_coff.lib</file>
         <name>adc.obj</name>
      </input_file>
      <input_file id="fl-18">
         <path>C:\ti\c2000\C2000Ware_4_03_00_00\driverlib\f28004x\driverlib\ccs\Debug\</path>
         <kind>archive</kind>
         <file>driverlib_coff.lib</file>
         <name>can.obj</name>
      </input_file>
      <input_file id="fl-19">
         <path>C:\ti\c2000\C2000Ware_4_03_00_00\driverlib\f28004x\driverlib\ccs\Debug\</path>
         <kind>archive</kind>
         <file>driverlib_coff.lib</file>
         <name>cputimer.obj</name>
      </input_file>
      <input_file id="fl-1a">
         <path>C:\ti\c2000\C2000Ware_4_03_00_00\driverlib\f28004x\driverlib\ccs\Debug\</path>
         <kind>archive</kind>
         <file>driverlib_coff.lib</file>
         <name>dcc.obj</name>
      </input_file>
      <input_file id="fl-1b">
         <path>C:\ti\c2000\C2000Ware_4_03_00_00\driverlib\f28004x\driverlib\ccs\Debug\</path>
         <kind>archive</kind>
         <file>driverlib_coff.lib</file>
         <name>flash.obj</name>
      </input_file>
      <input_file id="fl-1c">
         <path>C:\ti\c2000\C2000Ware_4_03_00_00\driverlib\f28004x\driverlib\ccs\Debug\</path>
         <kind>archive</kind>
         <file>driverlib_coff.lib</file>
         <name>gpio.obj</name>
      </input_file>
      <input_file id="fl-1d">
         <path>C:\ti\c2000\C2000Ware_4_03_00_00\driverlib\f28004x\driverlib\ccs\Debug\</path>
         <kind>archive</kind>
         <file>driverlib_coff.lib</file>
         <name>interrupt.obj</name>
      </input_file>
      <input_file id="fl-1e">
         <path>C:\ti\c2000\C2000Ware_4_03_00_00\driverlib\f28004x\driverlib\ccs\Debug\</path>
         <kind>archive</kind>
         <file>driverlib_coff.lib</file>
         <name>sci.obj</name>
      </input_file>
      <input_file id="fl-1f">
         <path>C:\ti\c2000\C2000Ware_4_03_00_00\driverlib\f28004x\driverlib\ccs\Debug\</path>
         <kind>archive</kind>
         <file>driverlib_coff.lib</file>
         <name>sysctl.obj</name>
      </input_file>
      <input_file id="fl-2e">
         <path>C:\ti\ccs1040\ccs\tools\compiler\ti-cgt-c2000_22.6.0.LTS\lib\</path>
         <kind>archive</kind>
         <file>rts2800_fpu32_eabi.lib</file>
         <name>boot28.asm.obj</name>
      </input_file>
      <input_file id="fl-2f">
         <path>C:\ti\ccs1040\ccs\tools\compiler\ti-cgt-c2000_22.6.0.LTS\lib\</path>
         <kind>archive</kind>
         <file>rts2800_fpu32_eabi.lib</file>
         <name>fd_cmp28.asm.obj</name>
      </input_file>
      <input_file id="fl-30">
         <path>C:\ti\ccs1040\ccs\tools\compiler\ti-cgt-c2000_22.6.0.LTS\lib\</path>
         <kind>archive</kind>
         <file>rts2800_fpu32_eabi.lib</file>
         <name>fs_div28.asm.obj</name>
      </input_file>
      <input_file id="fl-31">
         <path>C:\ti\ccs1040\ccs\tools\compiler\ti-cgt-c2000_22.6.0.LTS\lib\</path>
         <kind>archive</kind>
         <file>rts2800_fpu32_eabi.lib</file>
         <name>ll_cmp28.asm.obj</name>
      </input_file>
      <input_file id="fl-32">
         <path>C:\ti\ccs1040\ccs\tools\compiler\ti-cgt-c2000_22.6.0.LTS\lib\</path>
         <kind>archive</kind>
         <file>rts2800_fpu32_eabi.lib</file>
         <name>u_div28.asm.obj</name>
      </input_file>
      <input_file id="fl-33">
         <path>C:\ti\ccs1040\ccs\tools\compiler\ti-cgt-c2000_22.6.0.LTS\lib\</path>
         <kind>archive</kind>
         <file>rts2800_fpu32_eabi.lib</file>
         <name>l_tofd28.asm.obj</name>
      </input_file>
      <input_file id="fl-34">
         <path>C:\ti\ccs1040\ccs\tools\compiler\ti-cgt-c2000_22.6.0.LTS\lib\</path>
         <kind>archive</kind>
         <file>rts2800_fpu32_eabi.lib</file>
         <name>memcpy.c.obj</name>
      </input_file>
      <input_file id="fl-35">
         <path>C:\ti\ccs1040\ccs\tools\compiler\ti-cgt-c2000_22.6.0.LTS\lib\</path>
         <kind>archive</kind>
         <file>rts2800_fpu32_eabi.lib</file>
         <name>pre_init.c.obj</name>
      </input_file>
      <input_file id="fl-36">
         <path>C:\ti\ccs1040\ccs\tools\compiler\ti-cgt-c2000_22.6.0.LTS\lib\</path>
         <kind>archive</kind>
         <file>rts2800_fpu32_eabi.lib</file>
         <name>autoinit.c.obj</name>
      </input_file>
      <input_file id="fl-37">
         <path>C:\ti\ccs1040\ccs\tools\compiler\ti-cgt-c2000_22.6.0.LTS\lib\</path>
         <kind>archive</kind>
         <file>rts2800_fpu32_eabi.lib</file>
         <name>copy_zero_init.c.obj</name>
      </input_file>
      <input_file id="fl-38">
         <path>C:\ti\ccs1040\ccs\tools\compiler\ti-cgt-c2000_22.6.0.LTS\lib\</path>
         <kind>archive</kind>
         <file>rts2800_fpu32_eabi.lib</file>
         <name>copy_decompress_none.c.obj</name>
      </input_file>
      <input_file id="fl-39">
         <path>C:\ti\ccs1040\ccs\tools\compiler\ti-cgt-c2000_22.6.0.LTS\lib\</path>
         <kind>archive</kind>
         <file>rts2800_fpu32_eabi.lib</file>
         <name>copy_decompress_lzss.c.obj</name>
      </input_file>
      <input_file id="fl-3a">
         <path>C:\ti\ccs1040\ccs\tools\compiler\ti-cgt-c2000_22.6.0.LTS\lib\</path>
         <kind>archive</kind>
         <file>rts2800_fpu32_eabi.lib</file>
         <name>exit.c.obj</name>
      </input_file>
      <input_file id="fl-3b">
         <path>C:\ti\ccs1040\ccs\tools\compiler\ti-cgt-c2000_22.6.0.LTS\lib\</path>
         <kind>archive</kind>
         <file>rts2800_fpu32_eabi.lib</file>
         <name>_lock.c.obj</name>
      </input_file>
      <input_file id="fl-3c">
         <path>C:\ti\ccs1040\ccs\tools\compiler\ti-cgt-c2000_22.6.0.LTS\lib\</path>
         <kind>archive</kind>
         <file>rts2800_fpu32_eabi.lib</file>
         <name>args_main.c.obj</name>
      </input_file>
      <input_file id="fl-3d">
         <path>C:\ti\ccs1040\ccs\tools\compiler\ti-cgt-c2000_22.6.0.LTS\lib\</path>
         <kind>archive</kind>
         <file>rts2800_fpu32_eabi.lib</file>
         <name>memset.c.obj</name>
      </input_file>
      <input_file id="fl-3e">
         <path>C:\ti\ccs1040\ccs\tools\compiler\ti-cgt-c2000_22.6.0.LTS\lib\</path>
         <kind>archive</kind>
         <file>rts2800_fpu32_eabi.lib</file>
         <name>cpy_tbl.c.obj</name>
      </input_file>
      <input_file id="fl-3f">
         <path>C:\ti\ccs1040\ccs\tools\compiler\ti-cgt-c2000_22.6.0.LTS\lib\</path>
         <kind>archive</kind>
         <file>rts2800_fpu32_eabi.lib</file>
         <name>startup.c.obj</name>
      </input_file>
   </input_file_list>
   <object_component_list>
      <object_component id="oc-20">
         <name>codestart</name>
         <load_address>0x80000</load_address>
         <run_address>0x80000</run_address>
         <size>0x2</size>
         <input_file_ref idref="fl-5"/>
      </object_component>
      <object_component id="oc-25d">
         <name>.text:InitDSP_Epwm</name>
         <load_address>0x82000</load_address>
         <run_address>0x82000</run_address>
         <size>0x11e</size>
         <input_file_ref idref="fl-a"/>
      </object_component>
      <object_component id="oc-222">
         <name>.text:Device_enableAllPeripherals</name>
         <load_address>0x8211e</load_address>
         <run_address>0x8211e</run_address>
         <size>0xe0</size>
         <input_file_ref idref="fl-4"/>
      </object_component>
      <object_component id="oc-209">
         <name>.text:SysCtl_setClock</name>
         <load_address>0x821fe</load_address>
         <run_address>0x821fe</run_address>
         <size>0xc5</size>
         <input_file_ref idref="fl-1f"/>
      </object_component>
      <object_component id="oc-314">
         <name>.text:SysCtl_isPLLValid</name>
         <load_address>0x822c3</load_address>
         <run_address>0x822c3</run_address>
         <size>0xbd</size>
         <input_file_ref idref="fl-1f"/>
      </object_component>
      <object_component id="oc-296">
         <name>.text:ACDC_SubState</name>
         <load_address>0x82380</load_address>
         <run_address>0x82380</run_address>
         <size>0x7f</size>
         <input_file_ref idref="fl-7"/>
      </object_component>
      <object_component id="oc-3f7">
         <name>.text:EPWM_setADCTriggerSource</name>
         <load_address>0x823ff</load_address>
         <run_address>0x823ff</run_address>
         <size>0x75</size>
         <input_file_ref idref="fl-a"/>
      </object_component>
      <object_component id="oc-504">
         <name>.text:DCC_setCounterSeeds</name>
         <load_address>0x82474</load_address>
         <run_address>0x82474</run_address>
         <size>0x73</size>
         <input_file_ref idref="fl-1f"/>
      </object_component>
      <object_component id="oc-263">
         <name>.text:InitDSP_Adc</name>
         <load_address>0x824e7</load_address>
         <run_address>0x824e7</run_address>
         <size>0x5f</size>
         <input_file_ref idref="fl-a"/>
      </object_component>
      <object_component id="oc-215">
         <name>.text:SysCtl_getClock</name>
         <load_address>0x82546</load_address>
         <run_address>0x82546</run_address>
         <size>0x5e</size>
         <input_file_ref idref="fl-1f"/>
      </object_component>
      <object_component id="oc-34e">
         <name>.text:GPIO_setPadConfig</name>
         <load_address>0x825a4</load_address>
         <run_address>0x825a4</run_address>
         <size>0x52</size>
         <input_file_ref idref="fl-1c"/>
      </object_component>
      <object_component id="oc-1cb">
         <name>.text:TimeBase_Manage</name>
         <load_address>0x825f6</load_address>
         <run_address>0x825f6</run_address>
         <size>0x50</size>
         <input_file_ref idref="fl-8"/>
      </object_component>
      <object_component id="oc-29c">
         <name>.text:ACDC_FaultSubState</name>
         <load_address>0x82646</load_address>
         <run_address>0x82646</run_address>
         <size>0x4d</size>
         <input_file_ref idref="fl-7"/>
      </object_component>
      <object_component id="oc-3df">
         <name>.text:EPWM_setInterruptSource</name>
         <load_address>0x82693</load_address>
         <run_address>0x82693</run_address>
         <size>0x4b</size>
         <input_file_ref idref="fl-a"/>
      </object_component>
      <object_component id="oc-2b0">
         <name>.text:TemperatCheck</name>
         <load_address>0x826de</load_address>
         <run_address>0x826de</run_address>
         <size>0x4b</size>
         <input_file_ref idref="fl-9"/>
      </object_component>
      <object_component id="oc-257">
         <name>.text:InitDSP_Gpio</name>
         <load_address>0x82729</load_address>
         <run_address>0x82729</run_address>
         <size>0x49</size>
         <input_file_ref idref="fl-a"/>
      </object_component>
      <object_component id="oc-30e">
         <name>.text:SysCtl_selectOscSource</name>
         <load_address>0x82772</load_address>
         <run_address>0x82772</run_address>
         <size>0x49</size>
         <input_file_ref idref="fl-1f"/>
      </object_component>
      <object_component id="oc-1a6">
         <name>.text:Device_init</name>
         <load_address>0x827bb</load_address>
         <run_address>0x827bb</run_address>
         <size>0x48</size>
         <input_file_ref idref="fl-4"/>
      </object_component>
      <object_component id="oc-3a3">
         <name>.text:EPWM_setActionQualifierAction</name>
         <load_address>0x82803</load_address>
         <run_address>0x82803</run_address>
         <size>0x40</size>
         <input_file_ref idref="fl-a"/>
      </object_component>
      <object_component id="oc-397">
         <name>.text:EPWM_setCounterCompareShadowLoadMode</name>
         <load_address>0x82843</load_address>
         <run_address>0x82843</run_address>
         <size>0x3e</size>
         <input_file_ref idref="fl-a"/>
      </object_component>
      <object_component id="oc-1b2">
         <name>.text:Interrupt_initModule</name>
         <load_address>0x82881</load_address>
         <run_address>0x82881</run_address>
         <size>0x3d</size>
         <input_file_ref idref="fl-1d"/>
      </object_component>
      <object_component id="oc-3fd">
         <name>.text:EPWM_setADCTriggerEventPrescale</name>
         <load_address>0x828be</load_address>
         <run_address>0x828be</run_address>
         <size>0x3a</size>
         <input_file_ref idref="fl-a"/>
      </object_component>
      <object_component id="oc-35a">
         <name>.text:GPIO_setAnalogMode</name>
         <load_address>0x828f8</load_address>
         <run_address>0x828f8</run_address>
         <size>0x3a</size>
         <input_file_ref idref="fl-1c"/>
      </object_component>
      <object_component id="oc-3c7">
         <name>.text:EPWM_setFallingEdgeDeadBandDelayInput</name>
         <load_address>0x82932</load_address>
         <run_address>0x82932</run_address>
         <size>0x37</size>
         <input_file_ref idref="fl-a"/>
      </object_component>
      <object_component id="oc-360">
         <name>.text:GPIO_setPinConfig</name>
         <load_address>0x82969</load_address>
         <run_address>0x82969</run_address>
         <size>0x37</size>
         <input_file_ref idref="fl-1c"/>
      </object_component>
      <object_component id="oc-36d">
         <name>.text:GPIO_setQualificationMode</name>
         <load_address>0x829a0</load_address>
         <run_address>0x829a0</run_address>
         <size>0x37</size>
         <input_file_ref idref="fl-1c"/>
      </object_component>
      <object_component id="oc-1d1">
         <name>.text:GridPeriodRmsCal</name>
         <load_address>0x829d7</load_address>
         <run_address>0x829d7</run_address>
         <size>0x37</size>
         <input_file_ref idref="fl-6"/>
      </object_component>
      <object_component id="oc-341">
         <name>.text:Interrupt_enable</name>
         <load_address>0x82a0e</load_address>
         <run_address>0x82a0e</run_address>
         <size>0x37</size>
         <input_file_ref idref="fl-1d"/>
      </object_component>
      <object_component id="oc-440">
         <name>.text:ADC_setupSOC</name>
         <load_address>0x82a45</load_address>
         <run_address>0x82a45</run_address>
         <size>0x36</size>
         <input_file_ref idref="fl-a"/>
      </object_component>
      <object_component id="oc-335">
         <name>.text:configCPUTimer</name>
         <load_address>0x82a7b</load_address>
         <run_address>0x82a7b</run_address>
         <size>0x33</size>
         <input_file_ref idref="fl-a"/>
      </object_component>
      <object_component id="oc-354">
         <name>.text:GPIO_setDirectionMode</name>
         <load_address>0x82aae</load_address>
         <run_address>0x82aae</run_address>
         <size>0x31</size>
         <input_file_ref idref="fl-1c"/>
      </object_component>
      <object_component id="oc-284">
         <name>.text:GridVoltRmsCal</name>
         <load_address>0x82adf</load_address>
         <run_address>0x82adf</run_address>
         <size>0x30</size>
         <input_file_ref idref="fl-6"/>
      </object_component>
      <object_component id="oc-44c">
         <name>.text:ADC_setInterruptSource</name>
         <load_address>0x82b0f</load_address>
         <run_address>0x82b0f</run_address>
         <size>0x2f</size>
         <input_file_ref idref="fl-a"/>
      </object_component>
      <object_component id="oc-446">
         <name>.text:ADC_setInterruptSOCTrigger</name>
         <load_address>0x82b3e</load_address>
         <run_address>0x82b3e</run_address>
         <size>0x2e</size>
         <input_file_ref idref="fl-a"/>
      </object_component>
      <object_component id="oc-2b">
         <name>.text:cpuTimer0ISR</name>
         <load_address>0x82b6c</load_address>
         <run_address>0x82b6c</run_address>
         <size>0x2e</size>
         <input_file_ref idref="fl-a"/>
      </object_component>
      <object_component id="oc-13">
         <name>.text:decompress:lzss</name>
         <load_address>0x82b9a</load_address>
         <run_address>0x82b9a</run_address>
         <size>0x2e</size>
         <input_file_ref idref="fl-39"/>
      </object_component>
      <object_component id="oc-e3">
         <name>.text:EPWM_setActionQualifierContSWForceAction</name>
         <load_address>0x82bc8</load_address>
         <run_address>0x82bc8</run_address>
         <size>0x2c</size>
         <input_file_ref idref="fl-6"/>
      </object_component>
      <object_component id="oc-48e">
         <name>.text:EPWM_setActionQualifierContSWForceAction</name>
         <load_address>0x82bf4</load_address>
         <run_address>0x82bf4</run_address>
         <size>0x2c</size>
         <input_file_ref idref="fl-7"/>
      </object_component>
      <object_component id="oc-4a3">
         <name>.text:EPWM_setActionQualifierContSWForceAction</name>
         <load_address>0x82c20</load_address>
         <run_address>0x82c20</run_address>
         <size>0x2c</size>
         <input_file_ref idref="fl-9"/>
      </object_component>
      <object_component id="oc-3d3">
         <name>.text:EPWM_setActionQualifierContSWForceAction</name>
         <load_address>0x82c4c</load_address>
         <run_address>0x82c4c</run_address>
         <size>0x2c</size>
         <input_file_ref idref="fl-a"/>
      </object_component>
      <object_component id="oc-fb">
         <name>.text:EPWM_setDeadBandDelayMode</name>
         <load_address>0x82c78</load_address>
         <run_address>0x82c78</run_address>
         <size>0x2c</size>
         <input_file_ref idref="fl-6"/>
      </object_component>
      <object_component id="oc-3bb">
         <name>.text:EPWM_setDeadBandDelayMode</name>
         <load_address>0x82ca4</load_address>
         <run_address>0x82ca4</run_address>
         <size>0x2c</size>
         <input_file_ref idref="fl-a"/>
      </object_component>
      <object_component id="oc-1d3">
         <name>.text:State_Manage</name>
         <load_address>0x82cd0</load_address>
         <run_address>0x82cd0</run_address>
         <size>0x2c</size>
         <input_file_ref idref="fl-7"/>
      </object_component>
      <object_component id="oc-139">
         <name>.text:EPWM_isBaseValid</name>
         <load_address>0x82cfc</load_address>
         <run_address>0x82cfc</run_address>
         <size>0x2b</size>
         <input_file_ref idref="fl-6"/>
      </object_component>
      <object_component id="oc-596">
         <name>.text:EPWM_isBaseValid</name>
         <load_address>0x82d27</load_address>
         <run_address>0x82d27</run_address>
         <size>0x2b</size>
         <input_file_ref idref="fl-7"/>
      </object_component>
      <object_component id="oc-5a1">
         <name>.text:EPWM_isBaseValid</name>
         <load_address>0x82d52</load_address>
         <run_address>0x82d52</run_address>
         <size>0x2b</size>
         <input_file_ref idref="fl-9"/>
      </object_component>
      <object_component id="oc-102">
         <name>.text:EPWM_isBaseValid</name>
         <load_address>0x82d7d</load_address>
         <run_address>0x82d7d</run_address>
         <size>0x2b</size>
         <input_file_ref idref="fl-a"/>
      </object_component>
      <object_component id="oc-14a">
         <name>.text:__TI_auto_init_nobinit_nopinit</name>
         <load_address>0x82da8</load_address>
         <run_address>0x82da8</run_address>
         <size>0x2b</size>
         <input_file_ref idref="fl-36"/>
      </object_component>
      <object_component id="oc-db">
         <name>.text</name>
         <load_address>0x82dd3</load_address>
         <run_address>0x82dd3</run_address>
         <size>0x2a</size>
         <input_file_ref idref="fl-2f"/>
      </object_component>
      <object_component id="oc-11e">
         <name>.text</name>
         <load_address>0x82dfd</load_address>
         <run_address>0x82dfd</run_address>
         <size>0x29</size>
         <input_file_ref idref="fl-3a"/>
      </object_component>
      <object_component id="oc-41c">
         <name>.text:ADC_setOffsetTrimAll</name>
         <load_address>0x82e26</load_address>
         <run_address>0x82e26</run_address>
         <size>0x28</size>
         <input_file_ref idref="fl-17"/>
      </object_component>
      <object_component id="oc-3e5">
         <name>.text:EPWM_setInterruptEventCount</name>
         <load_address>0x82e4e</load_address>
         <run_address>0x82e4e</run_address>
         <size>0x28</size>
         <input_file_ref idref="fl-a"/>
      </object_component>
      <object_component id="oc-17a">
         <name>.text:main</name>
         <load_address>0x82e76</load_address>
         <run_address>0x82e76</run_address>
         <size>0x28</size>
         <input_file_ref idref="fl-a"/>
      </object_component>
      <object_component id="oc-2aa">
         <name>.text:ACDC_BusPeakVoltOVPCheck</name>
         <load_address>0x82e9e</load_address>
         <run_address>0x82e9e</run_address>
         <size>0x27</size>
         <input_file_ref idref="fl-9"/>
      </object_component>
      <object_component id="oc-3c1">
         <name>.text:EPWM_setRisingEdgeDeadBandDelayInput</name>
         <load_address>0x82ec5</load_address>
         <run_address>0x82ec5</run_address>
         <size>0x27</size>
         <input_file_ref idref="fl-a"/>
      </object_component>
      <object_component id="oc-69">
         <name>.text:GPIO_writePin</name>
         <load_address>0x82eec</load_address>
         <run_address>0x82eec</run_address>
         <size>0x27</size>
         <input_file_ref idref="fl-a"/>
      </object_component>
      <object_component id="oc-1df">
         <name>.text:GridDirectionCal</name>
         <load_address>0x82f13</load_address>
         <run_address>0x82f13</run_address>
         <size>0x26</size>
         <input_file_ref idref="fl-6"/>
      </object_component>
      <object_component id="oc-50a">
         <name>.text:DCC_enableSingleShotMode</name>
         <load_address>0x82f39</load_address>
         <run_address>0x82f39</run_address>
         <size>0x24</size>
         <input_file_ref idref="fl-1f"/>
      </object_component>
      <object_component id="oc-3cd">
         <name>.text:EPWM_setDeadBandDelayPolarity</name>
         <load_address>0x82f5d</load_address>
         <run_address>0x82f5d</run_address>
         <size>0x24</size>
         <input_file_ref idref="fl-a"/>
      </object_component>
      <object_component id="oc-4c7">
         <name>.text:SysCtl_selectXTAL</name>
         <load_address>0x82f81</load_address>
         <run_address>0x82f81</run_address>
         <size>0x24</size>
         <input_file_ref idref="fl-1f"/>
      </object_component>
      <object_component id="oc-290">
         <name>.text:State_SelfTest</name>
         <load_address>0x82fa5</load_address>
         <run_address>0x82fa5</run_address>
         <size>0x23</size>
         <input_file_ref idref="fl-7"/>
      </object_component>
      <object_component id="oc-5ac">
         <name>.text:SysCtl_pollX1Counter</name>
         <load_address>0x82fc8</load_address>
         <run_address>0x82fc8</run_address>
         <size>0x23</size>
         <input_file_ref idref="fl-1f"/>
      </object_component>
      <object_component id="oc-434">
         <name>.text:ADC_disableBurstMode</name>
         <load_address>0x82feb</load_address>
         <run_address>0x82feb</run_address>
         <size>0x15</size>
         <input_file_ref idref="fl-a"/>
      </object_component>
      <object_component id="oc-e9">
         <name>.text:EPWM_setCounterCompareValue</name>
         <load_address>0x83000</load_address>
         <run_address>0x83000</run_address>
         <size>0x22</size>
         <input_file_ref idref="fl-6"/>
      </object_component>
      <object_component id="oc-39d">
         <name>.text:EPWM_setCounterCompareValue</name>
         <load_address>0x83022</load_address>
         <run_address>0x83022</run_address>
         <size>0x22</size>
         <input_file_ref idref="fl-a"/>
      </object_component>
      <object_component id="oc-45e">
         <name>.text:ADC_disableContinuousMode</name>
         <load_address>0x83044</load_address>
         <run_address>0x83044</run_address>
         <size>0x21</size>
         <input_file_ref idref="fl-a"/>
      </object_component>
      <object_component id="oc-2a4">
         <name>.text:ACDC_GridRMSVoltUVPCheck</name>
         <load_address>0x83065</load_address>
         <run_address>0x83065</run_address>
         <size>0x20</size>
         <input_file_ref idref="fl-9"/>
      </object_component>
      <object_component id="oc-452">
         <name>.text:ADC_enableInterrupt</name>
         <load_address>0x83085</load_address>
         <run_address>0x83085</run_address>
         <size>0x20</size>
         <input_file_ref idref="fl-a"/>
      </object_component>
      <object_component id="oc-1c4">
         <name>.text:DAC_setShadowValue</name>
         <load_address>0x830a5</load_address>
         <run_address>0x830a5</run_address>
         <size>0x1f</size>
         <input_file_ref idref="fl-a"/>
      </object_component>
      <object_component id="oc-4fe">
         <name>.text:DCC_setCounter1ClkSource</name>
         <load_address>0x830c4</load_address>
         <run_address>0x830c4</run_address>
         <size>0x1e</size>
         <input_file_ref idref="fl-1f"/>
      </object_component>
      <object_component id="oc-391">
         <name>.text:EPWM_setPhaseShift</name>
         <load_address>0x830e2</load_address>
         <run_address>0x830e2</run_address>
         <size>0x1e</size>
         <input_file_ref idref="fl-a"/>
      </object_component>
      <object_component id="oc-1b8">
         <name>.text:Interrupt_initVectorTable</name>
         <load_address>0x83100</load_address>
         <run_address>0x83100</run_address>
         <size>0x1e</size>
         <input_file_ref idref="fl-1d"/>
      </object_component>
      <object_component id="oc-3a9">
         <name>.text:EPWM_setDeadBandCounterClock</name>
         <load_address>0x8311e</load_address>
         <run_address>0x8311e</run_address>
         <size>0x1d</size>
         <input_file_ref idref="fl-a"/>
      </object_component>
      <object_component id="oc-f5">
         <name>.text:EPWM_setFallingEdgeDelayCount</name>
         <load_address>0x8313b</load_address>
         <run_address>0x8313b</run_address>
         <size>0x1d</size>
         <input_file_ref idref="fl-6"/>
      </object_component>
      <object_component id="oc-3b5">
         <name>.text:EPWM_setFallingEdgeDelayCount</name>
         <load_address>0x83158</load_address>
         <run_address>0x83158</run_address>
         <size>0x1d</size>
         <input_file_ref idref="fl-a"/>
      </object_component>
      <object_component id="oc-ef">
         <name>.text:EPWM_setRisingEdgeDelayCount</name>
         <load_address>0x83175</load_address>
         <run_address>0x83175</run_address>
         <size>0x1d</size>
         <input_file_ref idref="fl-6"/>
      </object_component>
      <object_component id="oc-3af">
         <name>.text:EPWM_setRisingEdgeDelayCount</name>
         <load_address>0x83192</load_address>
         <run_address>0x83192</run_address>
         <size>0x1d</size>
         <input_file_ref idref="fl-a"/>
      </object_component>
      <object_component id="oc-32f">
         <name>.text:initCPUTimers</name>
         <load_address>0x831af</load_address>
         <run_address>0x831af</run_address>
         <size>0x1d</size>
         <input_file_ref idref="fl-a"/>
      </object_component>
      <object_component id="oc-40">
         <name>.text</name>
         <load_address>0x831cc</load_address>
         <run_address>0x831cc</run_address>
         <size>0x1d</size>
         <input_file_ref idref="fl-34"/>
      </object_component>
      <object_component id="oc-43a">
         <name>.text:ADC_setSOCPriority</name>
         <load_address>0x831e9</load_address>
         <run_address>0x831e9</run_address>
         <size>0x1c</size>
         <input_file_ref idref="fl-a"/>
      </object_component>
      <object_component id="oc-4f8">
         <name>.text:DCC_setCounter0ClkSource</name>
         <load_address>0x83205</load_address>
         <run_address>0x83205</run_address>
         <size>0x1c</size>
         <input_file_ref idref="fl-1f"/>
      </object_component>
      <object_component id="oc-3f1">
         <name>.text:EPWM_disableADCTrigger</name>
         <load_address>0x83221</load_address>
         <run_address>0x83221</run_address>
         <size>0x1c</size>
         <input_file_ref idref="fl-a"/>
      </object_component>
      <object_component id="oc-403">
         <name>.text:EPWM_enableADCTrigger</name>
         <load_address>0x8323d</load_address>
         <run_address>0x8323d</run_address>
         <size>0x1c</size>
         <input_file_ref idref="fl-a"/>
      </object_component>
      <object_component id="oc-373">
         <name>.text:EPWM_setClockPrescaler</name>
         <load_address>0x83259</load_address>
         <run_address>0x83259</run_address>
         <size>0x1c</size>
         <input_file_ref idref="fl-a"/>
      </object_component>
      <object_component id="oc-d5">
         <name>.text</name>
         <load_address>0x83275</load_address>
         <run_address>0x83275</run_address>
         <size>0x1c</size>
         <input_file_ref idref="fl-33"/>
      </object_component>
      <object_component id="oc-be">
         <name>.text:ADC_readResult</name>
         <load_address>0x83291</load_address>
         <run_address>0x83291</run_address>
         <size>0x1a</size>
         <input_file_ref idref="fl-6"/>
      </object_component>
      <object_component id="oc-416">
         <name>.text:ASysCtl_setAnalogReference1P65</name>
         <load_address>0x832ab</load_address>
         <run_address>0x832ab</run_address>
         <size>0x1a</size>
         <input_file_ref idref="fl-a"/>
      </object_component>
      <object_component id="oc-347">
         <name>.text:CPUTimer_startTimer</name>
         <load_address>0x832c5</load_address>
         <run_address>0x832c5</run_address>
         <size>0x1a</size>
         <input_file_ref idref="fl-a"/>
      </object_component>
      <object_component id="oc-251">
         <name>.text:InitDSP_Timer</name>
         <load_address>0x832df</load_address>
         <run_address>0x832df</run_address>
         <size>0x1a</size>
         <input_file_ref idref="fl-a"/>
      </object_component>
      <object_component id="oc-21c">
         <name>.text:SysCtl_getLowSpeedClock</name>
         <load_address>0x832f9</load_address>
         <run_address>0x832f9</run_address>
         <size>0x1a</size>
         <input_file_ref idref="fl-1f"/>
      </object_component>
      <object_component id="oc-4cd">
         <name>.text:SysCtl_selectXTALSingleEnded</name>
         <load_address>0x83313</load_address>
         <run_address>0x83313</run_address>
         <size>0x1a</size>
         <input_file_ref idref="fl-1f"/>
      </object_component>
      <object_component id="oc-410">
         <name>.text:ASysCtl_setAnalogReferenceInternal</name>
         <load_address>0x8332d</load_address>
         <run_address>0x8332d</run_address>
         <size>0x18</size>
         <input_file_ref idref="fl-a"/>
      </object_component>
      <object_component id="oc-269">
         <name>.text:InitDSP_Dac</name>
         <load_address>0x83345</load_address>
         <run_address>0x83345</run_address>
         <size>0x18</size>
         <input_file_ref idref="fl-a"/>
      </object_component>
      <object_component id="oc-367">
         <name>.text:SysCtl_disablePeripheral</name>
         <load_address>0x8335d</load_address>
         <run_address>0x8335d</run_address>
         <size>0x18</size>
         <input_file_ref idref="fl-a"/>
      </object_component>
      <object_component id="oc-582">
         <name>.text:ADC_isBaseValid</name>
         <load_address>0x83375</load_address>
         <run_address>0x83375</run_address>
         <size>0x17</size>
         <input_file_ref idref="fl-a"/>
      </object_component>
      <object_component id="oc-5d1">
         <name>.text:CPUTimer_isBaseValid</name>
         <load_address>0x8338c</load_address>
         <run_address>0x8338c</run_address>
         <size>0x17</size>
         <input_file_ref idref="fl-19"/>
      </object_component>
      <object_component id="oc-547">
         <name>.text:CPUTimer_isBaseValid</name>
         <load_address>0x833a3</load_address>
         <run_address>0x833a3</run_address>
         <size>0x17</size>
         <input_file_ref idref="fl-a"/>
      </object_component>
      <object_component id="oc-52d">
         <name>.text:CPUTimer_setPreScaler</name>
         <load_address>0x833ba</load_address>
         <run_address>0x833ba</run_address>
         <size>0x17</size>
         <input_file_ref idref="fl-a"/>
      </object_component>
      <object_component id="oc-31f">
         <name>.text:SysCtl_enablePeripheral</name>
         <load_address>0x833d1</load_address>
         <run_address>0x833d1</run_address>
         <size>0x17</size>
         <input_file_ref idref="fl-4"/>
      </object_component>
      <object_component id="oc-4d4">
         <name>.text:SysCtl_enablePeripheral</name>
         <load_address>0x833e8</load_address>
         <run_address>0x833e8</run_address>
         <size>0x17</size>
         <input_file_ref idref="fl-1f"/>
      </object_component>
      <object_component id="oc-3eb">
         <name>.text:SysCtl_enablePeripheral</name>
         <load_address>0x833ff</load_address>
         <run_address>0x833ff</run_address>
         <size>0x17</size>
         <input_file_ref idref="fl-a"/>
      </object_component>
      <object_component id="oc-a5">
         <name>.text</name>
         <load_address>0x83416</load_address>
         <run_address>0x83416</run_address>
         <size>0x17</size>
         <input_file_ref idref="fl-2e"/>
      </object_component>
      <object_component id="oc-428">
         <name>.text:ADC_setInterruptPulseMode</name>
         <load_address>0x8342d</load_address>
         <run_address>0x8342d</run_address>
         <size>0x16</size>
         <input_file_ref idref="fl-a"/>
      </object_component>
      <object_component id="oc-422">
         <name>.text:ADC_setPrescaler</name>
         <load_address>0x83443</load_address>
         <run_address>0x83443</run_address>
         <size>0x16</size>
         <input_file_ref idref="fl-a"/>
      </object_component>
      <object_component id="oc-46b">
         <name>.text:DAC_setLoadMode</name>
         <load_address>0x83459</load_address>
         <run_address>0x83459</run_address>
         <size>0x16</size>
         <input_file_ref idref="fl-a"/>
      </object_component>
      <object_component id="oc-4f2">
         <name>.text:DCC_disableDoneSignal</name>
         <load_address>0x8346f</load_address>
         <run_address>0x8346f</run_address>
         <size>0x16</size>
         <input_file_ref idref="fl-1f"/>
      </object_component>
      <object_component id="oc-516">
         <name>.text:DCC_enableDoneSignal</name>
         <load_address>0x83485</load_address>
         <run_address>0x83485</run_address>
         <size>0x16</size>
         <input_file_ref idref="fl-1f"/>
      </object_component>
      <object_component id="oc-33b">
         <name>.text:CPUTimer_enableInterrupt</name>
         <load_address>0x8349b</load_address>
         <run_address>0x8349b</run_address>
         <size>0x15</size>
         <input_file_ref idref="fl-a"/>
      </object_component>
      <object_component id="oc-471">
         <name>.text:DAC_enableOutput</name>
         <load_address>0x834b0</load_address>
         <run_address>0x834b0</run_address>
         <size>0x15</size>
         <input_file_ref idref="fl-a"/>
      </object_component>
      <object_component id="oc-465">
         <name>.text:DAC_setReferenceVoltage</name>
         <load_address>0x834c5</load_address>
         <run_address>0x834c5</run_address>
         <size>0x15</size>
         <input_file_ref idref="fl-a"/>
      </object_component>
      <object_component id="oc-4e0">
         <name>.text:DCC_clearDoneFlag</name>
         <load_address>0x834da</load_address>
         <run_address>0x834da</run_address>
         <size>0x15</size>
         <input_file_ref idref="fl-1f"/>
      </object_component>
      <object_component id="oc-4da">
         <name>.text:DCC_clearErrorFlag</name>
         <load_address>0x834ef</load_address>
         <run_address>0x834ef</run_address>
         <size>0x15</size>
         <input_file_ref idref="fl-1f"/>
      </object_component>
      <object_component id="oc-4ec">
         <name>.text:DCC_disableErrorSignal</name>
         <load_address>0x83504</load_address>
         <run_address>0x83504</run_address>
         <size>0x15</size>
         <input_file_ref idref="fl-1f"/>
      </object_component>
      <object_component id="oc-510">
         <name>.text:DCC_enableErrorSignal</name>
         <load_address>0x83519</load_address>
         <run_address>0x83519</run_address>
         <size>0x15</size>
         <input_file_ref idref="fl-1f"/>
      </object_component>
      <object_component id="oc-22f">
         <name>.text:GPIO_unlockPortConfig</name>
         <load_address>0x8352e</load_address>
         <run_address>0x8352e</run_address>
         <size>0x15</size>
         <input_file_ref idref="fl-4"/>
      </object_component>
      <object_component id="oc-458">
         <name>.text:ADC_clearInterruptStatus</name>
         <load_address>0x83543</load_address>
         <run_address>0x83543</run_address>
         <size>0x14</size>
         <input_file_ref idref="fl-a"/>
      </object_component>
      <object_component id="oc-539">
         <name>.text:CPUTimer_reloadTimerCounter</name>
         <load_address>0x83557</load_address>
         <run_address>0x83557</run_address>
         <size>0x14</size>
         <input_file_ref idref="fl-a"/>
      </object_component>
      <object_component id="oc-533">
         <name>.text:CPUTimer_stopTimer</name>
         <load_address>0x8356b</load_address>
         <run_address>0x8356b</run_address>
         <size>0x14</size>
         <input_file_ref idref="fl-a"/>
      </object_component>
      <object_component id="oc-4e6">
         <name>.text:DCC_disableModule</name>
         <load_address>0x8357f</load_address>
         <run_address>0x8357f</run_address>
         <size>0x14</size>
         <input_file_ref idref="fl-1f"/>
      </object_component>
      <object_component id="oc-51c">
         <name>.text:DCC_enableModule</name>
         <load_address>0x83593</load_address>
         <run_address>0x83593</run_address>
         <size>0x14</size>
         <input_file_ref idref="fl-1f"/>
      </object_component>
      <object_component id="oc-385">
         <name>.text:EPWM_setTimeBaseCounterMode</name>
         <load_address>0x835a7</load_address>
         <run_address>0x835a7</run_address>
         <size>0x14</size>
         <input_file_ref idref="fl-a"/>
      </object_component>
      <object_component id="oc-379">
         <name>.text:EPWM_setTimeBasePeriod</name>
         <load_address>0x835bb</load_address>
         <run_address>0x835bb</run_address>
         <size>0x14</size>
         <input_file_ref idref="fl-a"/>
      </object_component>
      <object_component id="oc-556">
         <name>.text:GPIO_isPinValid</name>
         <load_address>0x835cf</load_address>
         <run_address>0x835cf</run_address>
         <size>0x14</size>
         <input_file_ref idref="fl-1c"/>
      </object_component>
      <object_component id="oc-b0">
         <name>.text:GPIO_isPinValid</name>
         <load_address>0x835e3</load_address>
         <run_address>0x835e3</run_address>
         <size>0x14</size>
         <input_file_ref idref="fl-a"/>
      </object_component>
      <object_component id="oc-49c">
         <name>.text:uiOverLevelChk</name>
         <load_address>0x835f7</load_address>
         <run_address>0x835f7</run_address>
         <size>0x14</size>
         <input_file_ref idref="fl-9"/>
      </object_component>
      <object_component id="oc-4ad">
         <name>.text:uiUnderLevelChk</name>
         <load_address>0x8360b</load_address>
         <run_address>0x8360b</run_address>
         <size>0x14</size>
         <input_file_ref idref="fl-9"/>
      </object_component>
      <object_component id="oc-42e">
         <name>.text:ADC_enableConverter</name>
         <load_address>0x8361f</load_address>
         <run_address>0x8361f</run_address>
         <size>0x13</size>
         <input_file_ref idref="fl-a"/>
      </object_component>
      <object_component id="oc-540">
         <name>.text:CPUTimer_setEmulationMode</name>
         <load_address>0x83632</load_address>
         <run_address>0x83632</run_address>
         <size>0x13</size>
         <input_file_ref idref="fl-19"/>
      </object_component>
      <object_component id="oc-270">
         <name>.text:DAC_isBaseValid</name>
         <load_address>0x83645</load_address>
         <run_address>0x83645</run_address>
         <size>0x13</size>
         <input_file_ref idref="fl-a"/>
      </object_component>
      <object_component id="oc-8d">
         <name>.text:EPWM_clearEventTriggerInterruptFlag</name>
         <load_address>0x83658</load_address>
         <run_address>0x83658</run_address>
         <size>0x13</size>
         <input_file_ref idref="fl-a"/>
      </object_component>
      <object_component id="oc-3d9">
         <name>.text:EPWM_enableInterrupt</name>
         <load_address>0x8366b</load_address>
         <run_address>0x8366b</run_address>
         <size>0x13</size>
         <input_file_ref idref="fl-a"/>
      </object_component>
      <object_component id="oc-37f">
         <name>.text:EPWM_setTimeBaseCounter</name>
         <load_address>0x8367e</load_address>
         <run_address>0x8367e</run_address>
         <size>0x12</size>
         <input_file_ref idref="fl-a"/>
      </object_component>
      <object_component id="oc-527">
         <name>.text:CPUTimer_setPeriod</name>
         <load_address>0x83690</load_address>
         <run_address>0x83690</run_address>
         <size>0x11</size>
         <input_file_ref idref="fl-a"/>
      </object_component>
      <object_component id="oc-38b">
         <name>.text:EPWM_disablePhaseShiftLoad</name>
         <load_address>0x836a1</load_address>
         <run_address>0x836a1</run_address>
         <size>0x11</size>
         <input_file_ref idref="fl-a"/>
      </object_component>
      <object_component id="oc-5bb">
         <name>.text:DCC_isBaseValid</name>
         <load_address>0x836b2</load_address>
         <run_address>0x836b2</run_address>
         <size>0x10</size>
         <input_file_ref idref="fl-1f"/>
      </object_component>
      <object_component id="oc-1ac">
         <name>.text:Device_initGPIO</name>
         <load_address>0x836c2</load_address>
         <run_address>0x836c2</run_address>
         <size>0x10</size>
         <input_file_ref idref="fl-4"/>
      </object_component>
      <object_component id="oc-2c8">
         <name>.text:Flash_isCtrlBaseValid</name>
         <load_address>0x836d2</load_address>
         <run_address>0x836d2</run_address>
         <size>0x10</size>
         <input_file_ref idref="fl-1b"/>
      </object_component>
      <object_component id="oc-2cf">
         <name>.text:Flash_isECCBaseValid</name>
         <load_address>0x836e2</load_address>
         <run_address>0x836e2</run_address>
         <size>0x10</size>
         <input_file_ref idref="fl-1b"/>
      </object_component>
      <object_component id="oc-228">
         <name>.text:ASysCtl_disableDCDC</name>
         <load_address>0x836f2</load_address>
         <run_address>0x836f2</run_address>
         <size>0xf</size>
         <input_file_ref idref="fl-4"/>
      </object_component>
      <object_component id="oc-2d">
         <name>.text:InitDSP_Interrupt</name>
         <load_address>0x83701</load_address>
         <run_address>0x83701</run_address>
         <size>0xf</size>
         <input_file_ref idref="fl-a"/>
      </object_component>
      <object_component id="oc-60">
         <name>.text:Interrupt_register</name>
         <load_address>0x83710</load_address>
         <run_address>0x83710</run_address>
         <size>0xf</size>
         <input_file_ref idref="fl-a"/>
      </object_component>
      <object_component id="oc-1d9">
         <name>.text:WarnCtrl_Manage</name>
         <load_address>0x8371f</load_address>
         <run_address>0x8371f</run_address>
         <size>0xf</size>
         <input_file_ref idref="fl-9"/>
      </object_component>
      <object_component id="oc-23e">
         <name>.text:Interrupt_defaultHandler</name>
         <load_address>0x8372e</load_address>
         <run_address>0x8372e</run_address>
         <size>0xe</size>
         <input_file_ref idref="fl-1d"/>
      </object_component>
      <object_component id="oc-1be">
         <name>.text:InitDSP_Device</name>
         <load_address>0x8373c</load_address>
         <run_address>0x8373c</run_address>
         <size>0xd</size>
         <input_file_ref idref="fl-a"/>
      </object_component>
      <object_component id="oc-236">
         <name>.text:Interrupt_disableGlobal</name>
         <load_address>0x83749</load_address>
         <run_address>0x83749</run_address>
         <size>0xd</size>
         <input_file_ref idref="fl-1d"/>
      </object_component>
      <object_component id="oc-54e">
         <name>.text:Interrupt_enableGlobal</name>
         <load_address>0x83756</load_address>
         <run_address>0x83756</run_address>
         <size>0xd</size>
         <input_file_ref idref="fl-1d"/>
      </object_component>
      <object_component id="oc-20f">
         <name>.text:SysCtl_setLowSpeedClock</name>
         <load_address>0x83763</load_address>
         <run_address>0x83763</run_address>
         <size>0xd</size>
         <input_file_ref idref="fl-4"/>
      </object_component>
      <object_component id="oc-48">
         <name>.text:decompress:ZI:__TI_zero_init_nomemset</name>
         <load_address>0x83770</load_address>
         <run_address>0x83770</run_address>
         <size>0xd</size>
         <input_file_ref idref="fl-37"/>
      </object_component>
      <object_component id="oc-118">
         <name>.text</name>
         <load_address>0x8377d</load_address>
         <run_address>0x8377d</run_address>
         <size>0xc</size>
         <input_file_ref idref="fl-3c"/>
      </object_component>
      <object_component id="oc-308">
         <name>.text:SysCtl_isMCDClockFailureDetected</name>
         <load_address>0x83789</load_address>
         <run_address>0x83789</run_address>
         <size>0xb</size>
         <input_file_ref idref="fl-1f"/>
      </object_component>
      <object_component id="oc-27d">
         <name>.text</name>
         <load_address>0x83794</load_address>
         <run_address>0x83794</run_address>
         <size>0xb</size>
         <input_file_ref idref="fl-32"/>
      </object_component>
      <object_component id="oc-481">
         <name>.text:__relaxed_sqrtf</name>
         <load_address>0x8379f</load_address>
         <run_address>0x8379f</run_address>
         <size>0x9</size>
         <input_file_ref idref="fl-6"/>
      </object_component>
      <object_component id="oc-1ea">
         <name>.text</name>
         <load_address>0x837a8</load_address>
         <run_address>0x837a8</run_address>
         <size>0x9</size>
         <input_file_ref idref="fl-3b"/>
      </object_component>
      <object_component id="oc-1fd">
         <name>.text:SysCtl_disableWatchdog</name>
         <load_address>0x837b1</load_address>
         <run_address>0x837b1</run_address>
         <size>0x8</size>
         <input_file_ref idref="fl-4"/>
      </object_component>
      <object_component id="oc-19">
         <name>.text:decompress:none</name>
         <load_address>0x837b9</load_address>
         <run_address>0x837b9</run_address>
         <size>0x8</size>
         <input_file_ref idref="fl-38"/>
      </object_component>
      <object_component id="oc-54">
         <name>.text</name>
         <load_address>0x837c1</load_address>
         <run_address>0x837c1</run_address>
         <size>0x8</size>
         <input_file_ref idref="fl-5"/>
      </object_component>
      <object_component id="oc-40a">
         <name>.text:ASysCtl_disableTemperatureSensor</name>
         <load_address>0x837c9</load_address>
         <run_address>0x837c9</run_address>
         <size>0x7</size>
         <input_file_ref idref="fl-a"/>
      </object_component>
      <object_component id="oc-5b2">
         <name>.text:SysCtl_resetMCD</name>
         <load_address>0x837d0</load_address>
         <run_address>0x837d0</run_address>
         <size>0x7</size>
         <input_file_ref idref="fl-1f"/>
      </object_component>
      <object_component id="oc-b7">
         <name>.text:__error__</name>
         <load_address>0x837d7</load_address>
         <run_address>0x837d7</run_address>
         <size>0x7</size>
         <input_file_ref idref="fl-4"/>
      </object_component>
      <object_component id="oc-5a">
         <name>.text:Interrupt_clearACKGroup</name>
         <load_address>0x837de</load_address>
         <run_address>0x837de</run_address>
         <size>0x6</size>
         <input_file_ref idref="fl-a"/>
      </object_component>
      <object_component id="oc-24a">
         <name>.text:Interrupt_illegalOperationHandler</name>
         <load_address>0x837e4</load_address>
         <run_address>0x837e4</run_address>
         <size>0x2</size>
         <input_file_ref idref="fl-1d"/>
      </object_component>
      <object_component id="oc-244">
         <name>.text:Interrupt_nmiHandler</name>
         <load_address>0x837e6</load_address>
         <run_address>0x837e6</run_address>
         <size>0x2</size>
         <input_file_ref idref="fl-1d"/>
      </object_component>
      <object_component id="oc-111">
         <name>.text</name>
         <load_address>0x837e8</load_address>
         <run_address>0x837e8</run_address>
         <size>0x2</size>
         <input_file_ref idref="fl-35"/>
      </object_component>
      <object_component id="oc-191">
         <name>.text</name>
         <load_address>0x837ea</load_address>
         <run_address>0x837ea</run_address>
         <size>0x1</size>
         <input_file_ref idref="fl-3f"/>
      </object_component>
      <object_component id="oc-616">
         <name>.cinit..data.load</name>
         <load_address>0x813f4</load_address>
         <run_address>0x813f4</run_address>
         <size>0xf</size>
      </object_component>
      <object_component id="oc-613">
         <name>__TI_handler_table</name>
         <load_address>0x81404</load_address>
         <run_address>0x81404</run_address>
         <size>0x6</size>
      </object_component>
      <object_component id="oc-615">
         <name>.cinit..bss.load</name>
         <load_address>0x8140a</load_address>
         <run_address>0x8140a</run_address>
         <size>0x4</size>
      </object_component>
      <object_component id="oc-614">
         <name>__TI_cinit_table</name>
         <load_address>0x81410</load_address>
         <run_address>0x81410</run_address>
         <size>0x8</size>
      </object_component>
      <object_component id="oc-3d">
         <name>.stack</name>
         <uninitialized>true</uninitialized>
         <run_address>0x400</run_address>
         <size>0x0</size>
         <input_file_ref idref="fl-2e"/>
      </object_component>
      <object_component id="oc-617">
         <name>.stack</name>
         <uninitialized>true</uninitialized>
         <run_address>0x400</run_address>
         <size>0x0</size>
      </object_component>
      <object_component id="oc-c4">
         <name>.bss</name>
         <uninitialized>true</uninitialized>
         <run_address>0xa800</run_address>
         <size>0xe0</size>
         <input_file_ref idref="fl-6"/>
      </object_component>
      <object_component id="oc-28a">
         <name>.bss</name>
         <uninitialized>true</uninitialized>
         <run_address>0xa8e0</run_address>
         <size>0x12</size>
         <input_file_ref idref="fl-7"/>
      </object_component>
      <object_component id="oc-27a">
         <name>.bss</name>
         <uninitialized>true</uninitialized>
         <run_address>0xa928</run_address>
         <size>0x6</size>
         <input_file_ref idref="fl-8"/>
      </object_component>
      <object_component id="oc-4aa">
         <name>.bss</name>
         <uninitialized>true</uninitialized>
         <run_address>0xa900</run_address>
         <size>0x28</size>
         <input_file_ref idref="fl-9"/>
      </object_component>
      <object_component id="oc-1e1">
         <name>.bss</name>
         <uninitialized>true</uninitialized>
         <run_address>0xa8f2</run_address>
         <size>0xc</size>
         <input_file_ref idref="fl-a"/>
      </object_component>
      <object_component id="oc-c7">
         <name>.data</name>
         <load_address>0xa940</load_address>
         <run_address>0xa940</run_address>
         <size>0x4c</size>
         <input_file_ref idref="fl-6"/>
      </object_component>
      <object_component id="oc-28d">
         <name>.data</name>
         <load_address>0xa92e</load_address>
         <run_address>0xa92e</run_address>
         <size>0xb</size>
         <input_file_ref idref="fl-7"/>
      </object_component>
      <object_component id="oc-277">
         <name>.data</name>
         <load_address>0xa9a2</load_address>
         <run_address>0xa9a2</run_address>
         <size>0x4</size>
         <input_file_ref idref="fl-8"/>
      </object_component>
      <object_component id="oc-499">
         <name>.data</name>
         <load_address>0xa98c</load_address>
         <run_address>0xa98c</run_address>
         <size>0x16</size>
         <input_file_ref idref="fl-9"/>
      </object_component>
      <object_component id="oc-182">
         <name>.data</name>
         <load_address>0xa93a</load_address>
         <run_address>0xa93a</run_address>
         <size>0x6</size>
         <input_file_ref idref="fl-3a"/>
      </object_component>
      <object_component id="oc-185">
         <name>.data:_lock</name>
         <load_address>0xa9a6</load_address>
         <run_address>0xa9a6</run_address>
         <size>0x2</size>
         <input_file_ref idref="fl-3b"/>
      </object_component>
      <object_component id="oc-2ba">
         <name>.data:_unlock</name>
         <load_address>0xa9a8</load_address>
         <run_address>0xa9a8</run_address>
         <size>0x2</size>
         <input_file_ref idref="fl-3b"/>
      </object_component>
      <object_component id="oc-b6">
         <name>.const:.string</name>
         <load_address>0x84000</load_address>
         <run_address>0x84000</run_address>
         <size>0x227</size>
         <input_file_ref idref="fl-a"/>
      </object_component>
      <object_component id="oc-2ce">
         <name>.const:.string</name>
         <load_address>0x84228</load_address>
         <run_address>0x84228</run_address>
         <size>0x8b</size>
         <input_file_ref idref="fl-1b"/>
      </object_component>
      <object_component id="oc-307">
         <name>.const:.string</name>
         <load_address>0x842b4</load_address>
         <run_address>0x842b4</run_address>
         <size>0x8a</size>
         <input_file_ref idref="fl-1f"/>
      </object_component>
      <object_component id="oc-128">
         <name>.const:.string</name>
         <load_address>0x8433e</load_address>
         <run_address>0x8433e</run_address>
         <size>0x88</size>
         <input_file_ref idref="fl-6"/>
      </object_component>
      <object_component id="oc-55c">
         <name>.const:.string</name>
         <load_address>0x843c6</load_address>
         <run_address>0x843c6</run_address>
         <size>0x88</size>
         <input_file_ref idref="fl-1c"/>
      </object_component>
      <object_component id="oc-21b">
         <name>.const:.string</name>
         <load_address>0x8444e</load_address>
         <run_address>0x8444e</run_address>
         <size>0x59</size>
         <input_file_ref idref="fl-4"/>
      </object_component>
      <object_component id="oc-5d7">
         <name>.const:.string</name>
         <load_address>0x844a8</load_address>
         <run_address>0x844a8</run_address>
         <size>0x48</size>
         <input_file_ref idref="fl-19"/>
      </object_component>
      <object_component id="oc-59c">
         <name>.const:.string</name>
         <load_address>0x844f0</load_address>
         <run_address>0x844f0</run_address>
         <size>0x44</size>
         <input_file_ref idref="fl-7"/>
      </object_component>
      <object_component id="oc-5a7">
         <name>.const:.string</name>
         <load_address>0x84534</load_address>
         <run_address>0x84534</run_address>
         <size>0x44</size>
         <input_file_ref idref="fl-9"/>
      </object_component>
      <object_component id="oc-da">
         <name>.const</name>
         <load_address>0x84578</load_address>
         <run_address>0x84578</run_address>
         <size>0x4</size>
         <input_file_ref idref="fl-6"/>
      </object_component>
      <object_component id="oc-87">
         <name>.TI.ramfunc:PWMDriver_Ctrl</name>
         <load_address>0x81000</load_address>
         <run_address>0x8000</run_address>
         <size>0x12e</size>
         <input_file_ref idref="fl-6"/>
      </object_component>
      <object_component id="oc-75">
         <name>.TI.ramfunc:SOGI_PLL_Cal</name>
         <load_address>0x8112e</load_address>
         <run_address>0x812e</run_address>
         <size>0xbf</size>
         <input_file_ref idref="fl-6"/>
      </object_component>
      <object_component id="oc-37">
         <name>.TI.ramfunc:epwm1ISR</name>
         <load_address>0x811ed</load_address>
         <run_address>0x81ed</run_address>
         <size>0x48</size>
         <input_file_ref idref="fl-a"/>
      </object_component>
      <object_component id="oc-203">
         <name>.TI.ramfunc:Flash_initModule</name>
         <load_address>0x81235</load_address>
         <run_address>0x8235</run_address>
         <size>0x44</size>
         <input_file_ref idref="fl-1b"/>
      </object_component>
      <object_component id="oc-6f">
         <name>.TI.ramfunc:Adc_Cal_100KHz</name>
         <load_address>0x81279</load_address>
         <run_address>0x8279</run_address>
         <size>0x3c</size>
         <input_file_ref idref="fl-6"/>
      </object_component>
      <object_component id="oc-81">
         <name>.TI.ramfunc:CurrLoopCtrl</name>
         <load_address>0x812b5</load_address>
         <run_address>0x82b5</run_address>
         <size>0x2f</size>
         <input_file_ref idref="fl-6"/>
      </object_component>
      <object_component id="oc-2d5">
         <name>.TI.ramfunc:Flash_setBankPowerMode</name>
         <load_address>0x812e4</load_address>
         <run_address>0x82e4</run_address>
         <size>0x2c</size>
         <input_file_ref idref="fl-1b"/>
      </object_component>
      <object_component id="oc-7b">
         <name>.TI.ramfunc:Iref_Cal</name>
         <load_address>0x81310</load_address>
         <run_address>0x8310</run_address>
         <size>0x29</size>
         <input_file_ref idref="fl-6"/>
      </object_component>
      <object_component id="oc-2ed">
         <name>.TI.ramfunc:Flash_setWaitstates</name>
         <load_address>0x81339</load_address>
         <run_address>0x8339</run_address>
         <size>0x23</size>
         <input_file_ref idref="fl-1b"/>
      </object_component>
      <object_component id="oc-2db">
         <name>.TI.ramfunc:Flash_setPumpPowerMode</name>
         <load_address>0x8135c</load_address>
         <run_address>0x835c</run_address>
         <size>0x1d</size>
         <input_file_ref idref="fl-1b"/>
      </object_component>
      <object_component id="oc-2e1">
         <name>.TI.ramfunc:Flash_disableCache</name>
         <load_address>0x81379</load_address>
         <run_address>0x8379</run_address>
         <size>0x18</size>
         <input_file_ref idref="fl-1b"/>
      </object_component>
      <object_component id="oc-2e7">
         <name>.TI.ramfunc:Flash_disablePrefetch</name>
         <load_address>0x81391</load_address>
         <run_address>0x8391</run_address>
         <size>0x18</size>
         <input_file_ref idref="fl-1b"/>
      </object_component>
      <object_component id="oc-2f3">
         <name>.TI.ramfunc:Flash_enableCache</name>
         <load_address>0x813a9</load_address>
         <run_address>0x83a9</run_address>
         <size>0x17</size>
         <input_file_ref idref="fl-1b"/>
      </object_component>
      <object_component id="oc-2f9">
         <name>.TI.ramfunc:Flash_enablePrefetch</name>
         <load_address>0x813c0</load_address>
         <run_address>0x83c0</run_address>
         <size>0x17</size>
         <input_file_ref idref="fl-1b"/>
      </object_component>
      <object_component id="oc-2ff">
         <name>.TI.ramfunc:Flash_enableECC</name>
         <load_address>0x813d7</load_address>
         <run_address>0x83d7</run_address>
         <size>0x16</size>
         <input_file_ref idref="fl-1b"/>
      </object_component>
      <object_component id="oc-1ca">
         <name>.TI.ramfunc</name>
         <load_address>0x813ed</load_address>
         <run_address>0x83ed</run_address>
         <size>0x4</size>
         <input_file_ref idref="fl-1f"/>
      </object_component>
      <object_component id="oc-127">
         <name>.debug_types</name>
         <load_address>0x0</load_address>
         <run_address>0x0</run_address>
         <size>0xfb2</size>
         <input_file_ref idref="fl-4"/>
      </object_component>
      <object_component id="oc-d4">
         <name>.debug_types</name>
         <load_address>0xfb2</load_address>
         <run_address>0xfb2</run_address>
         <size>0x1813</size>
         <input_file_ref idref="fl-6"/>
      </object_component>
      <object_component id="oc-2a3">
         <name>.debug_types</name>
         <load_address>0x27c5</load_address>
         <run_address>0x27c5</run_address>
         <size>0xaf6</size>
         <input_file_ref idref="fl-7"/>
      </object_component>
      <object_component id="oc-283">
         <name>.debug_types</name>
         <load_address>0x0</load_address>
         <run_address>0x0</run_address>
         <size>0x0</size>
         <input_file_ref idref="fl-8"/>
      </object_component>
      <object_component id="oc-2b7">
         <name>.debug_types</name>
         <load_address>0x32bb</load_address>
         <run_address>0x32bb</run_address>
         <size>0x377</size>
         <input_file_ref idref="fl-9"/>
      </object_component>
      <object_component id="oc-67">
         <name>.debug_types</name>
         <load_address>0x3632</load_address>
         <run_address>0x3632</run_address>
         <size>0x1dba</size>
         <input_file_ref idref="fl-a"/>
      </object_component>
      <object_component id="oc-581">
         <name>.debug_types</name>
         <load_address>0x53ec</load_address>
         <run_address>0x53ec</run_address>
         <size>0x151</size>
         <input_file_ref idref="fl-17"/>
      </object_component>
      <object_component id="oc-5d9">
         <name>.debug_types</name>
         <load_address>0x0</load_address>
         <run_address>0x0</run_address>
         <size>0x0</size>
         <input_file_ref idref="fl-19"/>
      </object_component>
      <object_component id="oc-306">
         <name>.debug_types</name>
         <load_address>0x553d</load_address>
         <run_address>0x553d</run_address>
         <size>0x1e9</size>
         <input_file_ref idref="fl-1b"/>
      </object_component>
      <object_component id="oc-55e">
         <name>.debug_types</name>
         <load_address>0x5726</load_address>
         <run_address>0x5726</run_address>
         <size>0x24d</size>
         <input_file_ref idref="fl-1c"/>
      </object_component>
      <object_component id="oc-23d">
         <name>.debug_types</name>
         <load_address>0x0</load_address>
         <run_address>0x0</run_address>
         <size>0x0</size>
         <input_file_ref idref="fl-1d"/>
      </object_component>
      <object_component id="oc-31b">
         <name>.debug_types</name>
         <load_address>0x5973</load_address>
         <run_address>0x5973</run_address>
         <size>0x1d4</size>
         <input_file_ref idref="fl-1f"/>
      </object_component>
      <object_component id="oc-98">
         <name>.debug_types</name>
         <load_address>0x5b47</load_address>
         <run_address>0x5b47</run_address>
         <size>0x142</size>
         <input_file_ref idref="fl-34"/>
      </object_component>
      <object_component id="oc-149">
         <name>.debug_types</name>
         <load_address>0x0</load_address>
         <run_address>0x0</run_address>
         <size>0x0</size>
         <input_file_ref idref="fl-35"/>
      </object_component>
      <object_component id="oc-198">
         <name>.debug_types</name>
         <load_address>0x5c89</load_address>
         <run_address>0x5c89</run_address>
         <size>0x470</size>
         <input_file_ref idref="fl-36"/>
      </object_component>
      <object_component id="oc-9d">
         <name>.debug_types</name>
         <load_address>0x60f9</load_address>
         <run_address>0x60f9</run_address>
         <size>0x169</size>
         <input_file_ref idref="fl-37"/>
      </object_component>
      <object_component id="oc-47">
         <name>.debug_types</name>
         <load_address>0x0</load_address>
         <run_address>0x0</run_address>
         <size>0x0</size>
         <input_file_ref idref="fl-38"/>
      </object_component>
      <object_component id="oc-3f">
         <name>.debug_types</name>
         <load_address>0x6262</load_address>
         <run_address>0x6262</run_address>
         <size>0x191</size>
         <input_file_ref idref="fl-39"/>
      </object_component>
      <object_component id="oc-189">
         <name>.debug_types</name>
         <load_address>0x63f3</load_address>
         <run_address>0x63f3</run_address>
         <size>0x90</size>
         <input_file_ref idref="fl-3a"/>
      </object_component>
      <object_component id="oc-1f2">
         <name>.debug_types</name>
         <load_address>0x6483</load_address>
         <run_address>0x6483</run_address>
         <size>0x2f</size>
         <input_file_ref idref="fl-3b"/>
      </object_component>
      <object_component id="oc-181">
         <name>.debug_types</name>
         <load_address>0x64b2</load_address>
         <run_address>0x64b2</run_address>
         <size>0xe1</size>
         <input_file_ref idref="fl-3c"/>
      </object_component>
      <object_component id="oc-1f7">
         <name>.debug_types</name>
         <load_address>0x0</load_address>
         <run_address>0x0</run_address>
         <size>0x0</size>
         <input_file_ref idref="fl-3f"/>
      </object_component>
      <object_component id="oc-320">
         <name>.debug_info</name>
         <load_address>0x0</load_address>
         <run_address>0x0</run_address>
         <size>0x1b6</size>
         <input_file_ref idref="fl-4"/>
      </object_component>
      <object_component id="oc-210">
         <name>.debug_info</name>
         <load_address>0x1b6</load_address>
         <run_address>0x1b6</run_address>
         <size>0x18a</size>
         <input_file_ref idref="fl-4"/>
      </object_component>
      <object_component id="oc-201">
         <name>.debug_info</name>
         <load_address>0x340</load_address>
         <run_address>0x340</run_address>
         <size>0x15d</size>
         <input_file_ref idref="fl-4"/>
      </object_component>
      <object_component id="oc-229">
         <name>.debug_info</name>
         <load_address>0x49d</load_address>
         <run_address>0x49d</run_address>
         <size>0x16a</size>
         <input_file_ref idref="fl-4"/>
      </object_component>
      <object_component id="oc-230">
         <name>.debug_info</name>
         <load_address>0x607</load_address>
         <run_address>0x607</run_address>
         <size>0x1b9</size>
         <input_file_ref idref="fl-4"/>
      </object_component>
      <object_component id="oc-1a9">
         <name>.debug_info</name>
         <load_address>0x7c0</load_address>
         <run_address>0x7c0</run_address>
         <size>0x20c</size>
         <input_file_ref idref="fl-4"/>
      </object_component>
      <object_component id="oc-225">
         <name>.debug_info</name>
         <load_address>0x9cc</load_address>
         <run_address>0x9cc</run_address>
         <size>0x7fe</size>
         <input_file_ref idref="fl-4"/>
      </object_component>
      <object_component id="oc-1ad">
         <name>.debug_info</name>
         <load_address>0x11ca</load_address>
         <run_address>0x11ca</run_address>
         <size>0x16b</size>
         <input_file_ref idref="fl-4"/>
      </object_component>
      <object_component id="oc-b9">
         <name>.debug_info</name>
         <load_address>0x1335</load_address>
         <run_address>0x1335</run_address>
         <size>0x15a</size>
         <input_file_ref idref="fl-4"/>
      </object_component>
      <object_component id="oc-22">
         <name>.debug_info</name>
         <load_address>0x148f</load_address>
         <run_address>0x148f</run_address>
         <size>0x10d</size>
         <input_file_ref idref="fl-5"/>
      </object_component>
      <object_component id="oc-55">
         <name>.debug_info</name>
         <load_address>0x159c</load_address>
         <run_address>0x159c</run_address>
         <size>0x10e</size>
         <input_file_ref idref="fl-5"/>
      </object_component>
      <object_component id="oc-c8">
         <name>.debug_info</name>
         <load_address>0x16aa</load_address>
         <run_address>0x16aa</run_address>
         <size>0xa58</size>
         <input_file_ref idref="fl-6"/>
      </object_component>
      <object_component id="oc-c5">
         <name>.debug_info</name>
         <load_address>0x2102</load_address>
         <run_address>0x2102</run_address>
         <size>0x839</size>
         <input_file_ref idref="fl-6"/>
      </object_component>
      <object_component id="oc-482">
         <name>.debug_info</name>
         <load_address>0x293b</load_address>
         <run_address>0x293b</run_address>
         <size>0x178</size>
         <input_file_ref idref="fl-6"/>
      </object_component>
      <object_component id="oc-bf">
         <name>.debug_info</name>
         <load_address>0x2ab3</load_address>
         <run_address>0x2ab3</run_address>
         <size>0x1bc</size>
         <input_file_ref idref="fl-6"/>
      </object_component>
      <object_component id="oc-13a">
         <name>.debug_info</name>
         <load_address>0x2c6f</load_address>
         <run_address>0x2c6f</run_address>
         <size>0x17b</size>
         <input_file_ref idref="fl-6"/>
      </object_component>
      <object_component id="oc-ea">
         <name>.debug_info</name>
         <load_address>0x2dea</load_address>
         <run_address>0x2dea</run_address>
         <size>0x221</size>
         <input_file_ref idref="fl-6"/>
      </object_component>
      <object_component id="oc-e4">
         <name>.debug_info</name>
         <load_address>0x300b</load_address>
         <run_address>0x300b</run_address>
         <size>0x21a</size>
         <input_file_ref idref="fl-6"/>
      </object_component>
      <object_component id="oc-fc">
         <name>.debug_info</name>
         <load_address>0x3225</load_address>
         <run_address>0x3225</run_address>
         <size>0x21d</size>
         <input_file_ref idref="fl-6"/>
      </object_component>
      <object_component id="oc-f0">
         <name>.debug_info</name>
         <load_address>0x3442</load_address>
         <run_address>0x3442</run_address>
         <size>0x1e8</size>
         <input_file_ref idref="fl-6"/>
      </object_component>
      <object_component id="oc-f6">
         <name>.debug_info</name>
         <load_address>0x362a</load_address>
         <run_address>0x362a</run_address>
         <size>0x1ea</size>
         <input_file_ref idref="fl-6"/>
      </object_component>
      <object_component id="oc-70">
         <name>.debug_info</name>
         <load_address>0x3814</load_address>
         <run_address>0x3814</run_address>
         <size>0x146</size>
         <input_file_ref idref="fl-6"/>
      </object_component>
      <object_component id="oc-285">
         <name>.debug_info</name>
         <load_address>0x395a</load_address>
         <run_address>0x395a</run_address>
         <size>0x148</size>
         <input_file_ref idref="fl-6"/>
      </object_component>
      <object_component id="oc-d0">
         <name>.debug_info</name>
         <load_address>0x3aa2</load_address>
         <run_address>0x3aa2</run_address>
         <size>0x1be</size>
         <input_file_ref idref="fl-6"/>
      </object_component>
      <object_component id="oc-cd">
         <name>.debug_info</name>
         <load_address>0x3c60</load_address>
         <run_address>0x3c60</run_address>
         <size>0x19c</size>
         <input_file_ref idref="fl-6"/>
      </object_component>
      <object_component id="oc-76">
         <name>.debug_info</name>
         <load_address>0x3dfc</load_address>
         <run_address>0x3dfc</run_address>
         <size>0x144</size>
         <input_file_ref idref="fl-6"/>
      </object_component>
      <object_component id="oc-ca">
         <name>.debug_info</name>
         <load_address>0x3f40</load_address>
         <run_address>0x3f40</run_address>
         <size>0x131</size>
         <input_file_ref idref="fl-6"/>
      </object_component>
      <object_component id="oc-7c">
         <name>.debug_info</name>
         <load_address>0x4071</load_address>
         <run_address>0x4071</run_address>
         <size>0x114</size>
         <input_file_ref idref="fl-6"/>
      </object_component>
      <object_component id="oc-82">
         <name>.debug_info</name>
         <load_address>0x4185</load_address>
         <run_address>0x4185</run_address>
         <size>0x11c</size>
         <input_file_ref idref="fl-6"/>
      </object_component>
      <object_component id="oc-88">
         <name>.debug_info</name>
         <load_address>0x42a1</load_address>
         <run_address>0x42a1</run_address>
         <size>0x569</size>
         <input_file_ref idref="fl-6"/>
      </object_component>
      <object_component id="oc-28e">
         <name>.debug_info</name>
         <load_address>0x480a</load_address>
         <run_address>0x480a</run_address>
         <size>0x33b</size>
         <input_file_ref idref="fl-7"/>
      </object_component>
      <object_component id="oc-28b">
         <name>.debug_info</name>
         <load_address>0x4b45</load_address>
         <run_address>0x4b45</run_address>
         <size>0x14d</size>
         <input_file_ref idref="fl-7"/>
      </object_component>
      <object_component id="oc-599">
         <name>.debug_info</name>
         <load_address>0x4c92</load_address>
         <run_address>0x4c92</run_address>
         <size>0x177</size>
         <input_file_ref idref="fl-7"/>
      </object_component>
      <object_component id="oc-491">
         <name>.debug_info</name>
         <load_address>0x4e09</load_address>
         <run_address>0x4e09</run_address>
         <size>0x216</size>
         <input_file_ref idref="fl-7"/>
      </object_component>
      <object_component id="oc-1d5">
         <name>.debug_info</name>
         <load_address>0x501f</load_address>
         <run_address>0x501f</run_address>
         <size>0x151</size>
         <input_file_ref idref="fl-7"/>
      </object_component>
      <object_component id="oc-292">
         <name>.debug_info</name>
         <load_address>0x5170</load_address>
         <run_address>0x5170</run_address>
         <size>0x116</size>
         <input_file_ref idref="fl-7"/>
      </object_component>
      <object_component id="oc-298">
         <name>.debug_info</name>
         <load_address>0x5286</load_address>
         <run_address>0x5286</run_address>
         <size>0x1cc</size>
         <input_file_ref idref="fl-7"/>
      </object_component>
      <object_component id="oc-29e">
         <name>.debug_info</name>
         <load_address>0x5452</load_address>
         <run_address>0x5452</run_address>
         <size>0x17b</size>
         <input_file_ref idref="fl-7"/>
      </object_component>
      <object_component id="oc-278">
         <name>.debug_info</name>
         <load_address>0x55cd</load_address>
         <run_address>0x55cd</run_address>
         <size>0x18e</size>
         <input_file_ref idref="fl-8"/>
      </object_component>
      <object_component id="oc-27b">
         <name>.debug_info</name>
         <load_address>0x575b</load_address>
         <run_address>0x575b</run_address>
         <size>0xfa</size>
         <input_file_ref idref="fl-8"/>
      </object_component>
      <object_component id="oc-1cd">
         <name>.debug_info</name>
         <load_address>0x5855</load_address>
         <run_address>0x5855</run_address>
         <size>0x182</size>
[...]
         <value>0xa970</value>
         <object_component_ref idref="oc-c7"/>
      </symbol>
      <symbol id="sm-1a5">
         <name>g_i32PLLSinePrev</name>
         <value>0xa96c</value>
         <object_component_ref idref="oc-c7"/>
      </symbol>
      <symbol id="sm-1a6">
         <name>g_lq12BusVoltRef</name>
         <value>0xa834</value>
         <object_component_ref idref="oc-c4"/>
      </symbol>
      <symbol id="sm-1a7">
         <name>g_u8PFCACSignFiltered</name>
         <value>0xa945</value>
         <object_component_ref idref="oc-c7"/>
      </symbol>
      <symbol id="sm-1a8">
         <name>PWMDriver_Ctrl</name>
         <value>0x8000</value>
         <object_component_ref idref="oc-87"/>
      </symbol>
      <symbol id="sm-1a9">
         <name>g_u8GridStatus</name>
         <value>0xa800</value>
         <object_component_ref idref="oc-c4"/>
      </symbol>
      <symbol id="sm-1aa">
         <name>g_lq12BusVoltTemp</name>
         <value>0xa986</value>
         <object_component_ref idref="oc-c7"/>
      </symbol>
      <symbol id="sm-1ab">
         <name>g_u32HFPWMCMP</name>
         <value>0xa960</value>
         <object_component_ref idref="oc-c7"/>
      </symbol>
      <symbol id="sm-207">
         <name>State_SelfTest</name>
         <value>0x82fa5</value>
         <object_component_ref idref="oc-290"/>
      </symbol>
      <symbol id="sm-208">
         <name>ACDC_FaultSubState</name>
         <value>0x82646</value>
         <object_component_ref idref="oc-29c"/>
      </symbol>
      <symbol id="sm-209">
         <name>g_u16VgridRMSUVDlay</name>
         <value>0xa938</value>
         <object_component_ref idref="oc-28d"/>
      </symbol>
      <symbol id="sm-20a">
         <name>g_u16SecAucEnOffDlay</name>
         <value>0xa934</value>
         <object_component_ref idref="oc-28d"/>
      </symbol>
      <symbol id="sm-20b">
         <name>g_u8BatterySOC</name>
         <value>0xa92f</value>
         <object_component_ref idref="oc-28d"/>
      </symbol>
      <symbol id="sm-20c">
         <name>g_strDCStatus</name>
         <value>0xa8e0</value>
         <object_component_ref idref="oc-28a"/>
      </symbol>
      <symbol id="sm-20d">
         <name>g_u8BMSChrgCmd</name>
         <value>0xa92e</value>
         <object_component_ref idref="oc-28d"/>
      </symbol>
      <symbol id="sm-20e">
         <name>g_strDevCfg</name>
         <value>0xa8e8</value>
         <object_component_ref idref="oc-28a"/>
      </symbol>
      <symbol id="sm-20f">
         <name>g_u16SysStatusDlay</name>
         <value>0xa936</value>
         <object_component_ref idref="oc-28d"/>
      </symbol>
      <symbol id="sm-210">
         <name>ACDC_SubState</name>
         <value>0x82380</value>
         <object_component_ref idref="oc-296"/>
      </symbol>
      <symbol id="sm-211">
         <name>g_u8ACDCFaultSubState</name>
         <value>0xa930</value>
         <object_component_ref idref="oc-28d"/>
      </symbol>
      <symbol id="sm-212">
         <name>g_strPFCStatus</name>
         <value>0xa8e2</value>
         <object_component_ref idref="oc-28a"/>
      </symbol>
      <symbol id="sm-213">
         <name>State_Manage</name>
         <value>0x82cd0</value>
         <object_component_ref idref="oc-1d3"/>
      </symbol>
      <symbol id="sm-214">
         <name>g_u8DCACFaultSubState</name>
         <value>0xa931</value>
         <object_component_ref idref="oc-28d"/>
      </symbol>
      <symbol id="sm-215">
         <name>g_u16ACDCSubStateDlay</name>
         <value>0xa937</value>
         <object_component_ref idref="oc-28d"/>
      </symbol>
      <symbol id="sm-216">
         <name>g_u16BypssRlyCloseDlay</name>
         <value>0xa935</value>
         <object_component_ref idref="oc-28d"/>
      </symbol>
      <symbol id="sm-217">
         <name>g_u16FaultBackDlay</name>
         <value>0xa933</value>
         <object_component_ref idref="oc-28d"/>
      </symbol>
      <symbol id="sm-218">
         <name>g_u16SelfTestDlay</name>
         <value>0xa932</value>
         <object_component_ref idref="oc-28d"/>
      </symbol>
      <symbol id="sm-235">
         <name>g_u16TimeBaseCnt</name>
         <value>0xa9a5</value>
         <object_component_ref idref="oc-277"/>
      </symbol>
      <symbol id="sm-236">
         <name>TimeBase_Manage</name>
         <value>0x825f6</value>
         <object_component_ref idref="oc-1cb"/>
      </symbol>
      <symbol id="sm-237">
         <name>g_u8Clock2msCnt</name>
         <value>0xa9a2</value>
         <object_component_ref idref="oc-277"/>
      </symbol>
      <symbol id="sm-238">
         <name>g_strSysTimeFlg</name>
         <value>0xa928</value>
         <object_component_ref idref="oc-27a"/>
      </symbol>
      <symbol id="sm-239">
         <name>g_u8Time1msCnt</name>
         <value>0xa9a3</value>
         <object_component_ref idref="oc-277"/>
      </symbol>
      <symbol id="sm-23a">
         <name>g_u8Time2msCnt</name>
         <value>0xa9a4</value>
         <object_component_ref idref="oc-277"/>
      </symbol>
      <symbol id="sm-29a">
         <name>uiUnderLevelChk</name>
         <value>0x8360b</value>
         <object_component_ref idref="oc-4ad"/>
      </symbol>
      <symbol id="sm-29b">
         <name>g_u16VbusPeakOVPBackCnts</name>
         <value>0xa997</value>
         <object_component_ref idref="oc-499"/>
      </symbol>
      <symbol id="sm-29c">
         <name>g_u16IgridRmsOCPCnts</name>
         <value>0xa992</value>
         <object_component_ref idref="oc-499"/>
      </symbol>
      <symbol id="sm-29d">
         <name>g_u16VgridRmsOVPCnts</name>
         <value>0xa98e</value>
         <object_component_ref idref="oc-499"/>
      </symbol>
      <symbol id="sm-29e">
         <name>g_PFCProtect</name>
         <value>0xa900</value>
         <object_component_ref idref="oc-4aa"/>
      </symbol>
      <symbol id="sm-29f">
         <name>g_u16VgridRmsUVPCnts</name>
         <value>0xa990</value>
         <object_component_ref idref="oc-499"/>
      </symbol>
      <symbol id="sm-2a0">
         <name>g_u16VbusPeakUVPCnts</name>
         <value>0xa998</value>
         <object_component_ref idref="oc-499"/>
      </symbol>
      <symbol id="sm-2a1">
         <name>g_u16VbusHWOVPCnts</name>
         <value>0xa994</value>
         <object_component_ref idref="oc-499"/>
      </symbol>
      <symbol id="sm-2a2">
         <name>WarnCtrl_Manage</name>
         <value>0x8371f</value>
         <object_component_ref idref="oc-1d9"/>
      </symbol>
      <symbol id="sm-2a3">
         <name>g_u16Temp1UTPCnts</name>
         <value>0xa99a</value>
         <object_component_ref idref="oc-499"/>
      </symbol>
      <symbol id="sm-2a4">
         <name>g_u16VgridRmsUVPBackCnts</name>
         <value>0xa991</value>
         <object_component_ref idref="oc-499"/>
      </symbol>
      <symbol id="sm-2a5">
         <name>g_u16VbusPeakUVPBackCnts</name>
         <value>0xa999</value>
         <object_component_ref idref="oc-499"/>
      </symbol>
      <symbol id="sm-2a6">
         <name>g_u16Temp1OTPCnts</name>
         <value>0xa99c</value>
         <object_component_ref idref="oc-499"/>
      </symbol>
      <symbol id="sm-2a7">
         <name>g_u16Temp2OTPBackCnts</name>
         <value>0xa9a1</value>
         <object_component_ref idref="oc-499"/>
      </symbol>
      <symbol id="sm-2a8">
         <name>g_u16VgridRmsOVPBackCnts</name>
         <value>0xa98f</value>
         <object_component_ref idref="oc-499"/>
      </symbol>
      <symbol id="sm-2a9">
         <name>g_u16VgridLossCnts</name>
         <value>0xa98c</value>
         <object_component_ref idref="oc-499"/>
      </symbol>
      <symbol id="sm-2aa">
         <name>uiOverLevelChk</name>
         <value>0x835f7</value>
         <object_component_ref idref="oc-49c"/>
      </symbol>
      <symbol id="sm-2ab">
         <name>g_u16Temp2UTPBackCnts</name>
         <value>0xa99f</value>
         <object_component_ref idref="oc-499"/>
      </symbol>
      <symbol id="sm-2ac">
         <name>g_u16Temp2UTPCnts</name>
         <value>0xa99e</value>
         <object_component_ref idref="oc-499"/>
      </symbol>
      <symbol id="sm-2ad">
         <name>g_u16VbusPeakOVPCnts</name>
         <value>0xa996</value>
         <object_component_ref idref="oc-499"/>
      </symbol>
      <symbol id="sm-2ae">
         <name>g_u16Temp2OTPCnts</name>
         <value>0xa9a0</value>
         <object_component_ref idref="oc-499"/>
      </symbol>
      <symbol id="sm-2af">
         <name>g_u16VgridPeakOVPCnts</name>
         <value>0xa98d</value>
         <object_component_ref idref="oc-499"/>
      </symbol>
      <symbol id="sm-2b0">
         <name>ACDC_GridRMSVoltUVPCheck</name>
         <value>0x83065</value>
         <object_component_ref idref="oc-2a4"/>
      </symbol>
      <symbol id="sm-2b1">
         <name>g_u16VbusHWOVPBackCnts</name>
         <value>0xa995</value>
         <object_component_ref idref="oc-499"/>
      </symbol>
      <symbol id="sm-2b2">
         <name>g_u16Temp1OTPBackCnts</name>
         <value>0xa99d</value>
         <object_component_ref idref="oc-499"/>
      </symbol>
      <symbol id="sm-2b3">
         <name>ACDC_BusPeakVoltOVPCheck</name>
         <value>0x82e9e</value>
         <object_component_ref idref="oc-2aa"/>
      </symbol>
      <symbol id="sm-2b4">
         <name>TemperatCheck</name>
         <value>0x826de</value>
         <object_component_ref idref="oc-2b0"/>
      </symbol>
      <symbol id="sm-2b5">
         <name>g_u16Temp1UTPBackCnts</name>
         <value>0xa99b</value>
         <object_component_ref idref="oc-499"/>
      </symbol>
      <symbol id="sm-2b6">
         <name>g_u16IgridRmsOCPBackCnts</name>
         <value>0xa993</value>
         <object_component_ref idref="oc-499"/>
      </symbol>
      <symbol id="sm-565">
         <name>cpuTimer1IntCount</name>
         <value>0xa8f6</value>
         <object_component_ref idref="oc-1e1"/>
      </symbol>
      <symbol id="sm-566">
         <name>epwmIntCount</name>
         <value>0xa8fa</value>
         <object_component_ref idref="oc-1e1"/>
      </symbol>
      <symbol id="sm-567">
         <name>InitDSP_Epwm</name>
         <value>0x82000</value>
         <object_component_ref idref="oc-25d"/>
      </symbol>
      <symbol id="sm-568">
         <name>InitDSP_Dac</name>
         <value>0x83345</value>
         <object_component_ref idref="oc-269"/>
      </symbol>
      <symbol id="sm-569">
         <name>InitDSP_Interrupt</name>
         <value>0x83701</value>
         <object_component_ref idref="oc-2d"/>
      </symbol>
      <symbol id="sm-56a">
         <name>configCPUTimer</name>
         <value>0x82a7b</value>
         <object_component_ref idref="oc-335"/>
      </symbol>
      <symbol id="sm-56b">
         <name>cpuTimer0ISR</name>
         <value>0x82b6c</value>
         <object_component_ref idref="oc-2b"/>
      </symbol>
      <symbol id="sm-56c">
         <name>msg</name>
         <value>0xa8fc</value>
         <object_component_ref idref="oc-1e1"/>
      </symbol>
      <symbol id="sm-56d">
         <name>initCPUTimers</name>
         <value>0x831af</value>
         <object_component_ref idref="oc-32f"/>
      </symbol>
      <symbol id="sm-56e">
         <name>main</name>
         <value>0x82e76</value>
         <object_component_ref idref="oc-17a"/>
      </symbol>
      <symbol id="sm-56f">
         <name>InitDSP_Gpio</name>
         <value>0x82729</value>
         <object_component_ref idref="oc-257"/>
      </symbol>
      <symbol id="sm-570">
         <name>cpuTimer2IntCount</name>
         <value>0xa8f8</value>
         <object_component_ref idref="oc-1e1"/>
      </symbol>
      <symbol id="sm-571">
         <name>epwm1ISR</name>
         <value>0x81ed</value>
         <object_component_ref idref="oc-37"/>
      </symbol>
      <symbol id="sm-572">
         <name>InitDSP_Timer</name>
         <value>0x832df</value>
         <object_component_ref idref="oc-251"/>
      </symbol>
      <symbol id="sm-573">
         <name>TimerFlag1s</name>
         <value>0xa8f2</value>
         <object_component_ref idref="oc-1e1"/>
      </symbol>
      <symbol id="sm-574">
         <name>cpuTimer0IntCount</name>
         <value>0xa8f4</value>
         <object_component_ref idref="oc-1e1"/>
      </symbol>
      <symbol id="sm-575">
         <name>InitDSP_Adc</name>
         <value>0x824e7</value>
         <object_component_ref idref="oc-263"/>
      </symbol>
      <symbol id="sm-576">
         <name>InitDSP_Device</name>
         <value>0x8373c</value>
         <object_component_ref idref="oc-1be"/>
      </symbol>
      <symbol id="sm-585">
         <name>ADC_setOffsetTrimAll</name>
         <value>0x82e26</value>
         <object_component_ref idref="oc-41c"/>
      </symbol>
      <symbol id="sm-5a0">
         <name>CPUTimer_setEmulationMode</name>
         <value>0x83632</value>
         <object_component_ref idref="oc-540"/>
      </symbol>
      <symbol id="sm-611">
         <name>Flash_initModule</name>
         <value>0x8235</value>
         <object_component_ref idref="oc-203"/>
      </symbol>
      <symbol id="sm-657">
         <name>GPIO_setQualificationMode</name>
         <value>0x829a0</value>
         <object_component_ref idref="oc-36d"/>
      </symbol>
      <symbol id="sm-658">
         <name>GPIO_setPadConfig</name>
         <value>0x825a4</value>
         <object_component_ref idref="oc-34e"/>
      </symbol>
      <symbol id="sm-659">
         <name>GPIO_setAnalogMode</name>
         <value>0x828f8</value>
         <object_component_ref idref="oc-35a"/>
      </symbol>
      <symbol id="sm-65a">
         <name>GPIO_setDirectionMode</name>
         <value>0x82aae</value>
         <object_component_ref idref="oc-354"/>
      </symbol>
      <symbol id="sm-65b">
         <name>GPIO_setPinConfig</name>
         <value>0x82969</value>
         <object_component_ref idref="oc-360"/>
      </symbol>
      <symbol id="sm-6ad">
         <name>Interrupt_initModule</name>
         <value>0x82881</value>
         <object_component_ref idref="oc-1b2"/>
      </symbol>
      <symbol id="sm-6ae">
         <name>Interrupt_enable</name>
         <value>0x82a0e</value>
         <object_component_ref idref="oc-341"/>
      </symbol>
      <symbol id="sm-6af">
         <name>Interrupt_initVectorTable</name>
         <value>0x83100</value>
         <object_component_ref idref="oc-1b8"/>
      </symbol>
      <symbol id="sm-7be">
         <name>SysCtl_isPLLValid</name>
         <value>0x822c3</value>
         <object_component_ref idref="oc-314"/>
      </symbol>
      <symbol id="sm-7bf">
         <name>SysCtl_delay</name>
         <value>0x83ed</value>
         <object_component_ref idref="oc-1ca"/>
      </symbol>
      <symbol id="sm-7c0">
         <name>SysCtl_selectXTALSingleEnded</name>
         <value>0x83313</value>
         <object_component_ref idref="oc-4cd"/>
      </symbol>
      <symbol id="sm-7c1">
         <name>SysCtl_selectXTAL</name>
         <value>0x82f81</value>
         <object_component_ref idref="oc-4c7"/>
      </symbol>
      <symbol id="sm-7c2">
         <name>SysCtl_selectOscSource</name>
         <value>0x82772</value>
         <object_component_ref idref="oc-30e"/>
      </symbol>
      <symbol id="sm-7c3">
         <name>SysCtl_getLowSpeedClock</name>
         <value>0x832f9</value>
         <object_component_ref idref="oc-21c"/>
      </symbol>
      <symbol id="sm-7c4">
         <name>SysCtl_setClock</name>
         <value>0x821fe</value>
         <object_component_ref idref="oc-209"/>
      </symbol>
      <symbol id="sm-7c5">
         <name>SysCtl_getClock</name>
         <value>0x82546</value>
         <object_component_ref idref="oc-215"/>
      </symbol>
      <symbol id="sm-7cf">
         <name>_c_int00</name>
         <value>0x83416</value>
         <object_component_ref idref="oc-a5"/>
      </symbol>
      <symbol id="sm-7d0">
         <name>__stack</name>
         <value>0x400</value>
         <object_component_ref idref="oc-3d"/>
      </symbol>
      <symbol id="sm-7dc">
         <name>__c28xabi_cmpd</name>
         <value>0x82dd3</value>
         <object_component_ref idref="oc-db"/>
      </symbol>
      <symbol id="sm-7e6">
         <name>__c28xabi_modu</name>
         <value>0x83799</value>
         <object_component_ref idref="oc-27d"/>
      </symbol>
      <symbol id="sm-7e7">
         <name>__c28xabi_divu</name>
         <value>0x83794</value>
         <object_component_ref idref="oc-27d"/>
      </symbol>
      <symbol id="sm-7f3">
         <name>__c28xabi_ltod</name>
         <value>0x83275</value>
         <object_component_ref idref="oc-d5"/>
      </symbol>
      <symbol id="sm-805">
         <name>memcpy</name>
         <value>0x831cc</value>
         <object_component_ref idref="oc-40"/>
      </symbol>
      <symbol id="sm-812">
         <name>_system_pre_init</name>
         <value>0x837e8</value>
         <object_component_ref idref="oc-111"/>
      </symbol>
      <symbol id="sm-821">
         <name>__TI_auto_init_nobinit_nopinit</name>
         <value>0x82da8</value>
         <object_component_ref idref="oc-14a"/>
      </symbol>
      <symbol id="sm-830">
         <name>__TI_zero_init_nomemset</name>
         <value>0x83770</value>
         <object_component_ref idref="oc-48"/>
      </symbol>
      <symbol id="sm-83d">
         <name>__TI_decompress_none</name>
         <value>0x837b9</value>
         <object_component_ref idref="oc-19"/>
      </symbol>
      <symbol id="sm-851">
         <name>__TI_decompress_lzss</name>
         <value>0x82b9a</value>
         <object_component_ref idref="oc-13"/>
      </symbol>
      <symbol id="sm-867">
         <name>C$$EXIT</name>
         <value>0x82dfd</value>
         <object_component_ref idref="oc-11e"/>
      </symbol>
      <symbol id="sm-868">
         <name>abort</name>
         <value>0x82dfd</value>
         <object_component_ref idref="oc-11e"/>
      </symbol>
      <symbol id="sm-869">
         <name>exit</name>
         <value>0x82dff</value>
         <object_component_ref idref="oc-11e"/>
      </symbol>
      <symbol id="sm-86a">
         <name>__TI_dtors_ptr</name>
         <value>0xa93e</value>
         <object_component_ref idref="oc-182"/>
      </symbol>
      <symbol id="sm-86b">
         <name>__TI_cleanup_ptr</name>
         <value>0xa93c</value>
         <object_component_ref idref="oc-182"/>
      </symbol>
      <symbol id="sm-86c">
         <name>__TI_enable_exit_profile_output</name>
         <value>0xa93a</value>
         <object_component_ref idref="oc-182"/>
      </symbol>
      <symbol id="sm-883">
         <name>_nop</name>
         <value>0x837b0</value>
         <object_component_ref idref="oc-1ea"/>
      </symbol>
      <symbol id="sm-884">
         <name>_lock</name>
         <value>0xa9a6</value>
         <object_component_ref idref="oc-185"/>
      </symbol>
      <symbol id="sm-885">
         <name>_unlock</name>
         <value>0xa9a8</value>
         <object_component_ref idref="oc-2ba"/>
      </symbol>
      <symbol id="sm-886">
         <name>_register_lock</name>
         <value>0x837ac</value>
         <object_component_ref idref="oc-1ea"/>
      </symbol>
      <symbol id="sm-887">
         <name>_register_unlock</name>
         <value>0x837a8</value>
         <object_component_ref idref="oc-1ea"/>
      </symbol>
      <symbol id="sm-896">
         <name>_args_main</name>
         <value>0x8377d</value>
         <object_component_ref idref="oc-118"/>
      </symbol>
      <symbol id="sm-8a5">
         <name>_system_post_cinit</name>
         <value>0x837ea</value>
         <object_component_ref idref="oc-191"/>
      </symbol>
      <symbol id="sm-8a7">
         <name>__c_args__</name>
         <value>0x0</value>
      </symbol>
   </symbol_table>
   <title>Link successful</title>
</link_info>
