<?xml version="1.0" encoding="ISO-8859-1" ?>
<link_info>
   <banner>TMS320C2000 Linker PC v22.6.0.LTS</banner>
   <copyright>Copyright (c) 1996-2018 Texas Instruments Incorporated</copyright>
   <link_time>0x64f59c1c</link_time>
   <link_errors>0x0</link_errors>
   <output_file>pfc_siemens.out</output_file>
   <entry_point>
      <name>code_start</name>
      <address>0x80000</address>
   </entry_point>
   <input_file_list>
      <input_file id="fl-2">
         <path>.\syscfg\</path>
         <kind>object</kind>
         <file>board.obj</file>
         <name>board.obj</name>
      </input_file>
      <input_file id="fl-3">
         <path>.\syscfg\</path>
         <kind>object</kind>
         <file>c2000ware_libraries.obj</file>
         <name>c2000ware_libraries.obj</name>
      </input_file>
      <input_file id="fl-7">
         <path>.\source\</path>
         <kind>object</kind>
         <file>Calculare.obj</file>
         <name>Calculare.obj</name>
      </input_file>
      <input_file id="fl-8">
         <path>.\source\</path>
         <kind>object</kind>
         <file>State.obj</file>
         <name>State.obj</name>
      </input_file>
      <input_file id="fl-9">
         <path>.\source\</path>
         <kind>object</kind>
         <file>TimeBase.obj</file>
         <name>TimeBase.obj</name>
      </input_file>
      <input_file id="fl-a">
         <path>.\source\</path>
         <kind>object</kind>
         <file>WarnCtrl.obj</file>
         <name>WarnCtrl.obj</name>
      </input_file>
      <input_file id="fl-2f">
         <path>C:\ti\ccs1200\ccs\tools\compiler\ti-cgt-c2000_22.6.0.LTS\lib\</path>
         <kind>archive</kind>
         <file>rts2800_fpu32_eabi.lib</file>
         <name>memcpy.c.obj</name>
      </input_file>
      <input_file id="fl-30">
         <path>C:\ti\ccs1200\ccs\tools\compiler\ti-cgt-c2000_22.6.0.LTS\lib\</path>
         <kind>archive</kind>
         <file>rts2800_fpu32_eabi.lib</file>
         <name>pre_init.c.obj</name>
      </input_file>
      <input_file id="fl-32">
         <path>C:\ti\ccs1200\ccs\tools\compiler\ti-cgt-c2000_22.6.0.LTS\lib\</path>
         <kind>archive</kind>
         <file>rts2800_fpu32_eabi.lib</file>
         <name>copy_zero_init.c.obj</name>
      </input_file>
      <input_file id="fl-33">
         <path>C:\ti\ccs1200\ccs\tools\compiler\ti-cgt-c2000_22.6.0.LTS\lib\</path>
         <kind>archive</kind>
         <file>rts2800_fpu32_eabi.lib</file>
         <name>copy_decompress_none.c.obj</name>
      </input_file>
      <input_file id="fl-34">
         <path>C:\ti\ccs1200\ccs\tools\compiler\ti-cgt-c2000_22.6.0.LTS\lib\</path>
         <kind>archive</kind>
         <file>rts2800_fpu32_eabi.lib</file>
         <name>copy_decompress_lzss.c.obj</name>
      </input_file>
      <input_file id="fl-36">
         <path>C:\ti\ccs1200\ccs\tools\compiler\ti-cgt-c2000_22.6.0.LTS\lib\</path>
         <kind>archive</kind>
         <file>rts2800_fpu32_eabi.lib</file>
         <name>_lock.c.obj</name>
      </input_file>
      <input_file id="fl-38">
         <path>C:\ti\ccs1200\ccs\tools\compiler\ti-cgt-c2000_22.6.0.LTS\lib\</path>
         <kind>archive</kind>
         <file>rts2800_fpu32_eabi.lib</file>
         <name>memset.c.obj</name>
      </input_file>
      <input_file id="fl-39">
         <path>C:\ti\ccs1200\ccs\tools\compiler\ti-cgt-c2000_22.6.0.LTS\lib\</path>
         <kind>archive</kind>
         <file>rts2800_fpu32_eabi.lib</file>
         <name>cpy_tbl.c.obj</name>
      </input_file>
      <input_file id="fl-3b">
         <path>C:\Users\Z004KNEN\AppData\Local\Temp\</path>
         <kind>object</kind>
         <file>{09E88CF8-9671-4440-84AD-5C26885D8483}</file>
         <name>{09E88CF8-9671-4440-84AD-5C26885D8483}</name>
      </input_file>
      <input_file id="fl-4">
         <path>.\device\</path>
         <kind>object</kind>
         <file>device.obj</file>
         <name>device.obj</name>
      </input_file>
      <input_file id="fl-5">
         <path>.\device\</path>
         <kind>object</kind>
         <file>f28004x_codestartbranch.obj</file>
         <name>f28004x_codestartbranch.obj</name>
      </input_file>
      <input_file id="fl-6">
         <path>.\include\</path>
         <kind>object</kind>
         <file>background_task_cla.obj</file>
         <name>background_task_cla.obj</name>
      </input_file>
      <input_file id="fl-b">
         <path>.\source\</path>
         <kind>object</kind>
         <file>main.obj</file>
         <name>main.obj</name>
      </input_file>
      <input_file id="fl-11">
         <kind>object</kind>
         <file>&lt;internal&gt;</file>
         <name>&lt;internal&gt;</name>
      </input_file>
      <input_file id="fl-15">
         <path>C:\ti\c2000\C2000Ware_4_03_00_00\driverlib\f28004x\driverlib\ccs\Debug\</path>
         <kind>archive</kind>
         <file>driverlib_coff.lib</file>
         <name>adc.obj</name>
      </input_file>
      <input_file id="fl-16">
         <path>C:\ti\c2000\C2000Ware_4_03_00_00\driverlib\f28004x\driverlib\ccs\Debug\</path>
         <kind>archive</kind>
         <file>driverlib_coff.lib</file>
         <name>can.obj</name>
      </input_file>
      <input_file id="fl-17">
         <path>C:\ti\c2000\C2000Ware_4_03_00_00\driverlib\f28004x\driverlib\ccs\Debug\</path>
         <kind>archive</kind>
         <file>driverlib_coff.lib</file>
         <name>cla.obj</name>
      </input_file>
      <input_file id="fl-18">
         <path>C:\ti\c2000\C2000Ware_4_03_00_00\driverlib\f28004x\driverlib\ccs\Debug\</path>
         <kind>archive</kind>
         <file>driverlib_coff.lib</file>
         <name>cputimer.obj</name>
      </input_file>
      <input_file id="fl-19">
         <path>C:\ti\c2000\C2000Ware_4_03_00_00\driverlib\f28004x\driverlib\ccs\Debug\</path>
         <kind>archive</kind>
         <file>driverlib_coff.lib</file>
         <name>dcc.obj</name>
      </input_file>
      <input_file id="fl-1a">
         <path>C:\ti\c2000\C2000Ware_4_03_00_00\driverlib\f28004x\driverlib\ccs\Debug\</path>
         <kind>archive</kind>
         <file>driverlib_coff.lib</file>
         <name>flash.obj</name>
      </input_file>
      <input_file id="fl-1b">
         <path>C:\ti\c2000\C2000Ware_4_03_00_00\driverlib\f28004x\driverlib\ccs\Debug\</path>
         <kind>archive</kind>
         <file>driverlib_coff.lib</file>
         <name>gpio.obj</name>
      </input_file>
      <input_file id="fl-1c">
         <path>C:\ti\c2000\C2000Ware_4_03_00_00\driverlib\f28004x\driverlib\ccs\Debug\</path>
         <kind>archive</kind>
         <file>driverlib_coff.lib</file>
         <name>interrupt.obj</name>
      </input_file>
      <input_file id="fl-1d">
         <path>C:\ti\c2000\C2000Ware_4_03_00_00\driverlib\f28004x\driverlib\ccs\Debug\</path>
         <kind>archive</kind>
         <file>driverlib_coff.lib</file>
         <name>memcfg.obj</name>
      </input_file>
      <input_file id="fl-1e">
         <path>C:\ti\c2000\C2000Ware_4_03_00_00\driverlib\f28004x\driverlib\ccs\Debug\</path>
         <kind>archive</kind>
         <file>driverlib_coff.lib</file>
         <name>sci.obj</name>
      </input_file>
      <input_file id="fl-1f">
         <path>C:\ti\c2000\C2000Ware_4_03_00_00\driverlib\f28004x\driverlib\ccs\Debug\</path>
         <kind>archive</kind>
         <file>driverlib_coff.lib</file>
         <name>sysctl.obj</name>
      </input_file>
      <input_file id="fl-2b">
         <path>C:\ti\ccs1200\ccs\tools\compiler\ti-cgt-c2000_22.6.0.LTS\lib\</path>
         <kind>archive</kind>
         <file>rts2800_fpu32_eabi.lib</file>
         <name>boot28.asm.obj</name>
      </input_file>
      <input_file id="fl-2c">
         <path>C:\ti\ccs1200\ccs\tools\compiler\ti-cgt-c2000_22.6.0.LTS\lib\</path>
         <kind>archive</kind>
         <file>rts2800_fpu32_eabi.lib</file>
         <name>fs_div28.asm.obj</name>
      </input_file>
      <input_file id="fl-2d">
         <path>C:\ti\ccs1200\ccs\tools\compiler\ti-cgt-c2000_22.6.0.LTS\lib\</path>
         <kind>archive</kind>
         <file>rts2800_fpu32_eabi.lib</file>
         <name>ll_cmp28.asm.obj</name>
      </input_file>
      <input_file id="fl-2e">
         <path>C:\ti\ccs1200\ccs\tools\compiler\ti-cgt-c2000_22.6.0.LTS\lib\</path>
         <kind>archive</kind>
         <file>rts2800_fpu32_eabi.lib</file>
         <name>u_div28.asm.obj</name>
      </input_file>
      <input_file id="fl-31">
         <path>C:\ti\ccs1200\ccs\tools\compiler\ti-cgt-c2000_22.6.0.LTS\lib\</path>
         <kind>archive</kind>
         <file>rts2800_fpu32_eabi.lib</file>
         <name>autoinit.c.obj</name>
      </input_file>
      <input_file id="fl-35">
         <path>C:\ti\ccs1200\ccs\tools\compiler\ti-cgt-c2000_22.6.0.LTS\lib\</path>
         <kind>archive</kind>
         <file>rts2800_fpu32_eabi.lib</file>
         <name>exit.c.obj</name>
      </input_file>
      <input_file id="fl-37">
         <path>C:\ti\ccs1200\ccs\tools\compiler\ti-cgt-c2000_22.6.0.LTS\lib\</path>
         <kind>archive</kind>
         <file>rts2800_fpu32_eabi.lib</file>
         <name>args_main.c.obj</name>
      </input_file>
      <input_file id="fl-3a">
         <path>C:\ti\ccs1200\ccs\tools\compiler\ti-cgt-c2000_22.6.0.LTS\lib\</path>
         <kind>archive</kind>
         <file>rts2800_fpu32_eabi.lib</file>
         <name>startup.c.obj</name>
      </input_file>
   </input_file_list>
   <object_component_list>
      <object_component id="oc-29">
         <name>codestart</name>
         <load_address>0x80000</load_address>
         <run_address>0x80000</run_address>
         <size>0x2</size>
         <input_file_ref idref="fl-5"/>
      </object_component>
      <object_component id="oc-2df">
         <name>.text:InitDSP_Epwm</name>
         <load_address>0x82000</load_address>
         <run_address>0x82000</run_address>
         <size>0x13f</size>
         <input_file_ref idref="fl-b"/>
      </object_component>
      <object_component id="oc-113">
         <name>.text:CAN_setupMessageObject</name>
         <load_address>0x8213f</load_address>
         <run_address>0x8213f</run_address>
         <size>0xdb</size>
         <input_file_ref idref="fl-16"/>
      </object_component>
      <object_component id="oc-2b7">
         <name>.text:Device_enableAllPeripherals</name>
         <load_address>0x8221a</load_address>
         <run_address>0x8221a</run_address>
         <size>0xd7</size>
         <input_file_ref idref="fl-4"/>
      </object_component>
      <object_component id="oc-2f7">
         <name>.text:InitDSP_MemCfg</name>
         <load_address>0x822f1</load_address>
         <run_address>0x822f1</run_address>
         <size>0xcb</size>
         <input_file_ref idref="fl-b"/>
      </object_component>
      <object_component id="oc-2a5">
         <name>.text:SysCtl_setClock</name>
         <load_address>0x823bc</load_address>
         <run_address>0x823bc</run_address>
         <size>0xc5</size>
         <input_file_ref idref="fl-1f"/>
      </object_component>
      <object_component id="oc-36e">
         <name>.text:SysCtl_isPLLValid</name>
         <load_address>0x82481</load_address>
         <run_address>0x82481</run_address>
         <size>0xbd</size>
         <input_file_ref idref="fl-1f"/>
      </object_component>
      <object_component id="oc-3b8">
         <name>.text:MemCfg_getInitStatus</name>
         <load_address>0x8253e</load_address>
         <run_address>0x8253e</run_address>
         <size>0x90</size>
         <input_file_ref idref="fl-1d"/>
      </object_component>
      <object_component id="oc-382">
         <name>.text:configCPUTimer</name>
         <load_address>0x825ce</load_address>
         <run_address>0x825ce</run_address>
         <size>0x87</size>
         <input_file_ref idref="fl-b"/>
      </object_component>
      <object_component id="oc-311">
         <name>.text:ACDC_SubState</name>
         <load_address>0x82655</load_address>
         <run_address>0x82655</run_address>
         <size>0x82</size>
         <input_file_ref idref="fl-8"/>
      </object_component>
      <object_component id="oc-3b2">
         <name>.text:MemCfg_initSections</name>
         <load_address>0x826d7</load_address>
         <run_address>0x826d7</run_address>
         <size>0x7b</size>
         <input_file_ref idref="fl-1d"/>
      </object_component>
      <object_component id="oc-2d9">
         <name>.text:InitDSP_Gpio</name>
         <load_address>0x82752</load_address>
         <run_address>0x82752</run_address>
         <size>0x7a</size>
         <input_file_ref idref="fl-b"/>
      </object_component>
      <object_component id="oc-3b">
         <name>.text:InitDSP_Scia</name>
         <load_address>0x827cc</load_address>
         <run_address>0x827cc</run_address>
         <size>0x7a</size>
         <input_file_ref idref="fl-b"/>
      </object_component>
      <object_component id="oc-41d">
         <name>.text:DCC_setCounterSeeds</name>
         <load_address>0x82846</load_address>
         <run_address>0x82846</run_address>
         <size>0x73</size>
         <input_file_ref idref="fl-1f"/>
      </object_component>
      <object_component id="oc-3c4">
         <name>.text:MemCfg_setProtection</name>
         <load_address>0x828b9</load_address>
         <run_address>0x828b9</run_address>
         <size>0x72</size>
         <input_file_ref idref="fl-1d"/>
      </object_component>
      <object_component id="oc-2e5">
         <name>.text:InitDSP_Adc</name>
         <load_address>0x8292b</load_address>
         <run_address>0x8292b</run_address>
         <size>0x6c</size>
         <input_file_ref idref="fl-b"/>
      </object_component>
      <object_component id="oc-fb">
         <name>.text:CAN_readMessage</name>
         <load_address>0x82997</load_address>
         <run_address>0x82997</run_address>
         <size>0x66</size>
         <input_file_ref idref="fl-16"/>
      </object_component>
      <object_component id="oc-1a3">
         <name>.text:CAN_setBitTiming</name>
         <load_address>0x829fd</load_address>
         <run_address>0x829fd</run_address>
         <size>0x64</size>
         <input_file_ref idref="fl-16"/>
      </object_component>
      <object_component id="oc-10d">
         <name>.text:CAN_setBitRate</name>
         <load_address>0x82a61</load_address>
         <run_address>0x82a61</run_address>
         <size>0x61</size>
         <input_file_ref idref="fl-16"/>
      </object_component>
      <object_component id="oc-2ab">
         <name>.text:SysCtl_getClock</name>
         <load_address>0x82ac2</load_address>
         <run_address>0x82ac2</run_address>
         <size>0x5e</size>
         <input_file_ref idref="fl-1f"/>
      </object_component>
      <object_component id="oc-5f">
         <name>.text:InitDSP_Can</name>
         <load_address>0x82b20</load_address>
         <run_address>0x82b20</run_address>
         <size>0x5c</size>
         <input_file_ref idref="fl-b"/>
      </object_component>
      <object_component id="oc-234">
         <name>.text:Device_init</name>
         <load_address>0x82b7c</load_address>
         <run_address>0x82b7c</run_address>
         <size>0x59</size>
         <input_file_ref idref="fl-4"/>
      </object_component>
      <object_component id="oc-282">
         <name>.text:State_Manage</name>
         <load_address>0x82bd5</load_address>
         <run_address>0x82bd5</run_address>
         <size>0x56</size>
         <input_file_ref idref="fl-8"/>
      </object_component>
      <object_component id="oc-58">
         <name>.text:cpuTimer0ISR</name>
         <load_address>0x82c2b</load_address>
         <run_address>0x82c2b</run_address>
         <size>0x54</size>
         <input_file_ref idref="fl-b"/>
      </object_component>
      <object_component id="oc-5e">
         <name>.text:canISR</name>
         <load_address>0x82c7f</load_address>
         <run_address>0x82c7f</run_address>
         <size>0x53</size>
         <input_file_ref idref="fl-b"/>
      </object_component>
      <object_component id="oc-a8">
         <name>.text:GPIO_setPadConfig</name>
         <load_address>0x82cd2</load_address>
         <run_address>0x82cd2</run_address>
         <size>0x52</size>
         <input_file_ref idref="fl-1b"/>
      </object_component>
      <object_component id="oc-3a">
         <name>.text:sciaRxISR</name>
         <load_address>0x82d24</load_address>
         <run_address>0x82d24</run_address>
         <size>0x51</size>
         <input_file_ref idref="fl-b"/>
      </object_component>
      <object_component id="oc-368">
         <name>.text:SysCtl_selectOscSource</name>
         <load_address>0x82d75</load_address>
         <run_address>0x82d75</run_address>
         <size>0x49</size>
         <input_file_ref idref="fl-1f"/>
      </object_component>
      <object_component id="oc-101">
         <name>.text:CAN_clearInterruptStatus</name>
         <load_address>0x82dbe</load_address>
         <run_address>0x82dbe</run_address>
         <size>0x46</size>
         <input_file_ref idref="fl-16"/>
      </object_component>
      <object_component id="oc-ba">
         <name>.text:SCI_clearInterruptStatus</name>
         <load_address>0x82e04</load_address>
         <run_address>0x82e04</run_address>
         <size>0x45</size>
         <input_file_ref idref="fl-1e"/>
      </object_component>
      <object_component id="oc-27c">
         <name>.text:GridPeriodRmsCal</name>
         <load_address>0x82e49</load_address>
         <run_address>0x82e49</run_address>
         <size>0x44</size>
         <input_file_ref idref="fl-7"/>
      </object_component>
      <object_component id="oc-86">
         <name>.text:SCI_enableInterrupt</name>
         <load_address>0x82e8d</load_address>
         <run_address>0x82e8d</run_address>
         <size>0x44</size>
         <input_file_ref idref="fl-1e"/>
      </object_component>
      <object_component id="oc-2f1">
         <name>.text:InitDSP_Cla</name>
         <load_address>0x82ed1</load_address>
         <run_address>0x82ed1</run_address>
         <size>0x42</size>
         <input_file_ref idref="fl-b"/>
      </object_component>
      <object_component id="oc-276">
         <name>.text:TimeBase_Manage</name>
         <load_address>0x82f13</load_address>
         <run_address>0x82f13</run_address>
         <size>0x42</size>
         <input_file_ref idref="fl-9"/>
      </object_component>
      <object_component id="oc-8d">
         <name>.text:SCI_writeCharArray</name>
         <load_address>0x82f55</load_address>
         <run_address>0x82f55</run_address>
         <size>0x41</size>
         <input_file_ref idref="fl-1e"/>
      </object_component>
      <object_component id="oc-264">
         <name>.text:CurrLoop_Var_Init</name>
         <load_address>0x82f96</load_address>
         <run_address>0x82f96</run_address>
         <size>0x3e</size>
         <input_file_ref idref="fl-7"/>
      </object_component>
      <object_component id="oc-1dc">
         <name>.text:__TI_auto_init_nobinit_nopinit</name>
         <load_address>0x82fd4</load_address>
         <run_address>0x82fd4</run_address>
         <size>0x2b</size>
         <input_file_ref idref="fl-31"/>
      </object_component>
      <object_component id="oc-270">
         <name>.text:WarnCtrl_Var_Init</name>
         <load_address>0x82fff</load_address>
         <run_address>0x82fff</run_address>
         <size>0x1</size>
         <input_file_ref idref="fl-a"/>
      </object_component>
      <object_component id="oc-b4">
         <name>.text:SCI_setConfig</name>
         <load_address>0x83000</load_address>
         <run_address>0x83000</run_address>
         <size>0x3e</size>
         <input_file_ref idref="fl-1e"/>
      </object_component>
      <object_component id="oc-240">
         <name>.text:Interrupt_initModule</name>
         <load_address>0x8303e</load_address>
         <run_address>0x8303e</run_address>
         <size>0x3d</size>
         <input_file_ref idref="fl-1c"/>
      </object_component>
      <object_component id="oc-25e">
         <name>.text:VoltLoop_Var_Init</name>
         <load_address>0x8307b</load_address>
         <run_address>0x8307b</run_address>
         <size>0x3b</size>
         <input_file_ref idref="fl-7"/>
      </object_component>
      <object_component id="oc-389">
         <name>.text:GPIO_setAnalogMode</name>
         <load_address>0x830b6</load_address>
         <run_address>0x830b6</run_address>
         <size>0x3a</size>
         <input_file_ref idref="fl-1b"/>
      </object_component>
      <object_component id="oc-96">
         <name>.text:GPIO_setControllerCore</name>
         <load_address>0x830f0</load_address>
         <run_address>0x830f0</run_address>
         <size>0x37</size>
         <input_file_ref idref="fl-1b"/>
      </object_component>
      <object_component id="oc-9c">
         <name>.text:GPIO_setPinConfig</name>
         <load_address>0x83127</load_address>
         <run_address>0x83127</run_address>
         <size>0x37</size>
         <input_file_ref idref="fl-1b"/>
      </object_component>
      <object_component id="oc-ae">
         <name>.text:GPIO_setQualificationMode</name>
         <load_address>0x8315e</load_address>
         <run_address>0x8315e</run_address>
         <size>0x37</size>
         <input_file_ref idref="fl-1b"/>
      </object_component>
      <object_component id="oc-c0">
         <name>.text:Interrupt_enable</name>
         <load_address>0x83195</load_address>
         <run_address>0x83195</run_address>
         <size>0x37</size>
         <input_file_ref idref="fl-1c"/>
      </object_component>
      <object_component id="oc-3be">
         <name>.text:MemCfg_setLSRAMControllerSel</name>
         <load_address>0x831cc</load_address>
         <run_address>0x831cc</run_address>
         <size>0x37</size>
         <input_file_ref idref="fl-1d"/>
      </object_component>
      <object_component id="oc-317">
         <name>.text:ACDC_FaultSubState</name>
         <load_address>0x83203</load_address>
         <run_address>0x83203</run_address>
         <size>0x36</size>
         <input_file_ref idref="fl-8"/>
      </object_component>
      <object_component id="oc-38f">
         <name>.text:GPIO_setInterruptPin</name>
         <load_address>0x83239</load_address>
         <run_address>0x83239</run_address>
         <size>0x34</size>
         <input_file_ref idref="fl-1b"/>
      </object_component>
      <object_component id="oc-a2">
         <name>.text:GPIO_setDirectionMode</name>
         <load_address>0x8326d</load_address>
         <run_address>0x8326d</run_address>
         <size>0x31</size>
         <input_file_ref idref="fl-1b"/>
      </object_component>
      <object_component id="oc-1c">
         <name>.text:decompress:lzss</name>
         <load_address>0x8329e</load_address>
         <run_address>0x8329e</run_address>
         <size>0x2e</size>
         <input_file_ref idref="fl-34"/>
      </object_component>
      <object_component id="oc-20c">
         <name>.text:main</name>
         <load_address>0x832cc</load_address>
         <run_address>0x832cc</run_address>
         <size>0x2b</size>
         <input_file_ref idref="fl-b"/>
      </object_component>
      <object_component id="oc-1b8">
         <name>.text</name>
         <load_address>0x832f7</load_address>
         <run_address>0x832f7</run_address>
         <size>0x29</size>
         <input_file_ref idref="fl-35"/>
      </object_component>
      <object_component id="oc-397">
         <name>.text:ADC_setOffsetTrimAll</name>
         <load_address>0x83320</load_address>
         <run_address>0x83320</run_address>
         <size>0x28</size>
         <input_file_ref idref="fl-15"/>
      </object_component>
      <object_component id="oc-2d3">
         <name>.text:InitDSP_Timer</name>
         <load_address>0x83348</load_address>
         <run_address>0x83348</run_address>
         <size>0x27</size>
         <input_file_ref idref="fl-b"/>
      </object_component>
      <object_component id="oc-3a5">
         <name>.text:CLA_setTriggerSource</name>
         <load_address>0x8336f</load_address>
         <run_address>0x8336f</run_address>
         <size>0x26</size>
         <input_file_ref idref="fl-17"/>
      </object_component>
      <object_component id="oc-423">
         <name>.text:DCC_enableSingleShotMode</name>
         <load_address>0x83395</load_address>
         <run_address>0x83395</run_address>
         <size>0x24</size>
         <input_file_ref idref="fl-1f"/>
      </object_component>
      <object_component id="oc-3e0">
         <name>.text:SysCtl_selectXTAL</name>
         <load_address>0x833b9</load_address>
         <run_address>0x833b9</run_address>
         <size>0x24</size>
         <input_file_ref idref="fl-1f"/>
      </object_component>
      <object_component id="oc-460">
         <name>.text:SysCtl_pollX1Counter</name>
         <load_address>0x833dd</load_address>
         <run_address>0x833dd</run_address>
         <size>0x23</size>
         <input_file_ref idref="fl-1f"/>
      </object_component>
      <object_component id="oc-37c">
         <name>.text:initCPUTimers</name>
         <load_address>0x83400</load_address>
         <run_address>0x83400</run_address>
         <size>0x21</size>
         <input_file_ref idref="fl-b"/>
      </object_component>
      <object_component id="oc-136">
         <name>.text:SCI_isFIFOEnabled</name>
         <load_address>0x83421</load_address>
         <run_address>0x83421</run_address>
         <size>0x20</size>
         <input_file_ref idref="fl-1e"/>
      </object_component>
      <object_component id="oc-448">
         <name>.text:XBAR_setInputPin</name>
         <load_address>0x83441</load_address>
         <run_address>0x83441</run_address>
         <size>0x20</size>
         <input_file_ref idref="fl-1b"/>
      </object_component>
      <object_component id="oc-417">
         <name>.text:DCC_setCounter1ClkSource</name>
         <load_address>0x83461</load_address>
         <run_address>0x83461</run_address>
         <size>0x1e</size>
         <input_file_ref idref="fl-1f"/>
      </object_component>
      <object_component id="oc-246">
         <name>.text:Interrupt_initVectorTable</name>
         <load_address>0x8347f</load_address>
         <run_address>0x8347f</run_address>
         <size>0x1e</size>
         <input_file_ref idref="fl-1c"/>
      </object_component>
      <object_component id="oc-2eb">
         <name>.text:InitDSP_Dac</name>
         <load_address>0x8349d</load_address>
         <run_address>0x8349d</run_address>
         <size>0x1d</size>
         <input_file_ref idref="fl-b"/>
      </object_component>
      <object_component id="oc-6d">
         <name>.text</name>
         <load_address>0x834ba</load_address>
         <run_address>0x834ba</run_address>
         <size>0x1d</size>
         <input_file_ref idref="fl-2f"/>
      </object_component>
      <object_component id="oc-107">
         <name>.text:CAN_initModule</name>
         <load_address>0x834d7</load_address>
         <run_address>0x834d7</run_address>
         <size>0x1c</size>
         <input_file_ref idref="fl-16"/>
      </object_component>
      <object_component id="oc-411">
         <name>.text:DCC_setCounter0ClkSource</name>
         <load_address>0x834f3</load_address>
         <run_address>0x834f3</run_address>
         <size>0x1c</size>
         <input_file_ref idref="fl-1f"/>
      </object_component>
      <object_component id="oc-192">
         <name>.text:CAN_readDataReg</name>
         <load_address>0x8350f</load_address>
         <run_address>0x8350f</run_address>
         <size>0x1b</size>
         <input_file_ref idref="fl-16"/>
      </object_component>
      <object_component id="oc-19b">
         <name>.text:CAN_initRAM</name>
         <load_address>0x8352a</load_address>
         <run_address>0x8352a</run_address>
         <size>0x1a</size>
         <input_file_ref idref="fl-16"/>
      </object_component>
      <object_component id="oc-142">
         <name>.text:SCI_isSpaceAvailableNonFIFO</name>
         <load_address>0x83544</load_address>
         <run_address>0x83544</run_address>
         <size>0x1a</size>
         <input_file_ref idref="fl-1e"/>
      </object_component>
      <object_component id="oc-2b1">
         <name>.text:SysCtl_getLowSpeedClock</name>
         <load_address>0x8355e</load_address>
         <run_address>0x8355e</run_address>
         <size>0x1a</size>
         <input_file_ref idref="fl-1f"/>
      </object_component>
      <object_component id="oc-3e6">
         <name>.text:SysCtl_selectXTALSingleEnded</name>
         <load_address>0x83578</load_address>
         <run_address>0x83578</run_address>
         <size>0x1a</size>
         <input_file_ref idref="fl-1f"/>
      </object_component>
      <object_component id="oc-46">
         <name>.text:gpioISR</name>
         <load_address>0x83592</load_address>
         <run_address>0x83592</run_address>
         <size>0x19</size>
         <input_file_ref idref="fl-b"/>
      </object_component>
      <object_component id="oc-158">
         <name>.text:SCI_disableModule</name>
         <load_address>0x835ab</load_address>
         <run_address>0x835ab</run_address>
         <size>0x18</size>
         <input_file_ref idref="fl-1e"/>
      </object_component>
      <object_component id="oc-165">
         <name>.text:SCI_performSoftwareReset</name>
         <load_address>0x835c3</load_address>
         <run_address>0x835c3</run_address>
         <size>0x18</size>
         <input_file_ref idref="fl-1e"/>
      </object_component>
      <object_component id="oc-481">
         <name>.text:CPUTimer_isBaseValid</name>
         <load_address>0x835db</load_address>
         <run_address>0x835db</run_address>
         <size>0x17</size>
         <input_file_ref idref="fl-18"/>
      </object_component>
      <object_component id="oc-3ed">
         <name>.text:SysCtl_enablePeripheral</name>
         <load_address>0x835f2</load_address>
         <run_address>0x835f2</run_address>
         <size>0x17</size>
         <input_file_ref idref="fl-1f"/>
      </object_component>
      <object_component id="oc-121">
         <name>.text</name>
         <load_address>0x83609</load_address>
         <run_address>0x83609</run_address>
         <size>0x17</size>
         <input_file_ref idref="fl-2b"/>
      </object_component>
      <object_component id="oc-40b">
         <name>.text:DCC_disableDoneSignal</name>
         <load_address>0x83620</load_address>
         <run_address>0x83620</run_address>
         <size>0x16</size>
         <input_file_ref idref="fl-1f"/>
      </object_component>
      <object_component id="oc-42f">
         <name>.text:DCC_enableDoneSignal</name>
         <load_address>0x83636</load_address>
         <run_address>0x83636</run_address>
         <size>0x16</size>
         <input_file_ref idref="fl-1f"/>
      </object_component>
      <object_component id="oc-258">
         <name>.text:State_Var_Init</name>
         <load_address>0x8364c</load_address>
         <run_address>0x8364c</run_address>
         <size>0x16</size>
         <input_file_ref idref="fl-8"/>
      </object_component>
      <object_component id="oc-18b">
         <name>.text:CAN_isBaseValid</name>
         <load_address>0x83662</load_address>
         <run_address>0x83662</run_address>
         <size>0x15</size>
         <input_file_ref idref="fl-16"/>
      </object_component>
      <object_component id="oc-3f9">
         <name>.text:DCC_clearDoneFlag</name>
         <load_address>0x83677</load_address>
         <run_address>0x83677</run_address>
         <size>0x15</size>
         <input_file_ref idref="fl-1f"/>
      </object_component>
      <object_component id="oc-3f3">
         <name>.text:DCC_clearErrorFlag</name>
         <load_address>0x8368c</load_address>
         <run_address>0x8368c</run_address>
         <size>0x15</size>
         <input_file_ref idref="fl-1f"/>
      </object_component>
      <object_component id="oc-405">
         <name>.text:DCC_disableErrorSignal</name>
         <load_address>0x836a1</load_address>
         <run_address>0x836a1</run_address>
         <size>0x15</size>
         <input_file_ref idref="fl-1f"/>
      </object_component>
      <object_component id="oc-429">
         <name>.text:DCC_enableErrorSignal</name>
         <load_address>0x836b6</load_address>
         <run_address>0x836b6</run_address>
         <size>0x15</size>
         <input_file_ref idref="fl-1f"/>
      </object_component>
      <object_component id="oc-24c">
         <name>.text:InitDSP_Device</name>
         <load_address>0x836cb</load_address>
         <run_address>0x836cb</run_address>
         <size>0x15</size>
         <input_file_ref idref="fl-b"/>
      </object_component>
      <object_component id="oc-3ff">
         <name>.text:DCC_disableModule</name>
         <load_address>0x836e0</load_address>
         <run_address>0x836e0</run_address>
         <size>0x14</size>
         <input_file_ref idref="fl-1f"/>
      </object_component>
      <object_component id="oc-435">
         <name>.text:DCC_enableModule</name>
         <load_address>0x836f4</load_address>
         <run_address>0x836f4</run_address>
         <size>0x14</size>
         <input_file_ref idref="fl-1f"/>
      </object_component>
      <object_component id="oc-14b">
         <name>.text:GPIO_isPinValid</name>
         <load_address>0x83708</load_address>
         <run_address>0x83708</run_address>
         <size>0x14</size>
         <input_file_ref idref="fl-1b"/>
      </object_component>
      <object_component id="oc-13c">
         <name>.text:SCI_getTxFIFOStatus</name>
         <load_address>0x8371c</load_address>
         <run_address>0x8371c</run_address>
         <size>0x14</size>
         <input_file_ref idref="fl-1e"/>
      </object_component>
      <object_component id="oc-440">
         <name>.text:CPUTimer_setEmulationMode</name>
         <load_address>0x83730</load_address>
         <run_address>0x83730</run_address>
         <size>0x13</size>
         <input_file_ref idref="fl-18"/>
      </object_component>
      <object_component id="oc-15e">
         <name>.text:SCI_enableModule</name>
         <load_address>0x83743</load_address>
         <run_address>0x83743</run_address>
         <size>0x13</size>
         <input_file_ref idref="fl-1e"/>
      </object_component>
      <object_component id="oc-127">
         <name>.text:SCI_isBaseValid</name>
         <load_address>0x83756</load_address>
         <run_address>0x83756</run_address>
         <size>0x13</size>
         <input_file_ref idref="fl-1e"/>
      </object_component>
      <object_component id="oc-46f">
         <name>.text:DCC_isBaseValid</name>
         <load_address>0x83769</load_address>
         <run_address>0x83769</run_address>
         <size>0x10</size>
         <input_file_ref idref="fl-1f"/>
      </object_component>
      <object_component id="oc-23a">
         <name>.text:Device_initGPIO</name>
         <load_address>0x83779</load_address>
         <run_address>0x83779</run_address>
         <size>0x10</size>
         <input_file_ref idref="fl-4"/>
      </object_component>
      <object_component id="oc-322">
         <name>.text:Flash_isCtrlBaseValid</name>
         <load_address>0x83789</load_address>
         <run_address>0x83789</run_address>
         <size>0x10</size>
         <input_file_ref idref="fl-1a"/>
      </object_component>
      <object_component id="oc-329">
         <name>.text:Flash_isECCBaseValid</name>
         <load_address>0x83799</load_address>
         <run_address>0x83799</run_address>
         <size>0x10</size>
         <input_file_ref idref="fl-1a"/>
      </object_component>
      <object_component id="oc-47">
         <name>.text:InitDSP_Interrupt</name>
         <load_address>0x837a9</load_address>
         <run_address>0x837a9</run_address>
         <size>0xf</size>
         <input_file_ref idref="fl-b"/>
      </object_component>
      <object_component id="oc-252">
         <name>.text:TimeBase_Var_Init</name>
         <load_address>0x837b8</load_address>
         <run_address>0x837b8</run_address>
         <size>0xf</size>
         <input_file_ref idref="fl-9"/>
      </object_component>
      <object_component id="oc-2c0">
         <name>.text:Interrupt_defaultHandler</name>
         <load_address>0x837c7</load_address>
         <run_address>0x837c7</run_address>
         <size>0xe</size>
         <input_file_ref idref="fl-1c"/>
      </object_component>
      <object_component id="oc-16c">
         <name>.text:Interrupt_disableGlobal</name>
         <load_address>0x837d5</load_address>
         <run_address>0x837d5</run_address>
         <size>0xd</size>
         <input_file_ref idref="fl-1c"/>
      </object_component>
      <object_component id="oc-172">
         <name>.text:Interrupt_enableGlobal</name>
         <load_address>0x837e2</load_address>
         <run_address>0x837e2</run_address>
         <size>0xd</size>
         <input_file_ref idref="fl-1c"/>
      </object_component>
      <object_component id="oc-74">
         <name>.text:decompress:ZI:__TI_zero_init_nomemset</name>
         <load_address>0x837ef</load_address>
         <run_address>0x837ef</run_address>
         <size>0xd</size>
         <input_file_ref idref="fl-32"/>
      </object_component>
      <object_component id="oc-1b2">
         <name>.text</name>
         <load_address>0x837fc</load_address>
         <run_address>0x837fc</run_address>
         <size>0xc</size>
         <input_file_ref idref="fl-37"/>
      </object_component>
      <object_component id="oc-362">
         <name>.text:SysCtl_isMCDClockFailureDetected</name>
         <load_address>0x83808</load_address>
         <run_address>0x83808</run_address>
         <size>0xb</size>
         <input_file_ref idref="fl-1f"/>
      </object_component>
      <object_component id="oc-30a">
         <name>.text</name>
         <load_address>0x83813</load_address>
         <run_address>0x83813</run_address>
         <size>0xb</size>
         <input_file_ref idref="fl-2e"/>
      </object_component>
      <object_component id="oc-26a">
         <name>.text:PWMDriver_Var_Init</name>
         <load_address>0x8381e</load_address>
         <run_address>0x8381e</run_address>
         <size>0x8</size>
         <input_file_ref idref="fl-7"/>
      </object_component>
      <object_component id="oc-22">
         <name>.text:decompress:none</name>
         <load_address>0x83826</load_address>
         <run_address>0x83826</run_address>
         <size>0x8</size>
         <input_file_ref idref="fl-33"/>
      </object_component>
      <object_component id="oc-80">
         <name>.text</name>
         <load_address>0x8382e</load_address>
         <run_address>0x8382e</run_address>
         <size>0x8</size>
         <input_file_ref idref="fl-5"/>
      </object_component>
      <object_component id="oc-466">
         <name>.text:SysCtl_resetMCD</name>
         <load_address>0x83836</load_address>
         <run_address>0x83836</run_address>
         <size>0x7</size>
         <input_file_ref idref="fl-1f"/>
      </object_component>
      <object_component id="oc-12e">
         <name>.text:__error__</name>
         <load_address>0x8383d</load_address>
         <run_address>0x8383d</run_address>
         <size>0x3</size>
         <input_file_ref idref="fl-4"/>
      </object_component>
      <object_component id="oc-2cc">
         <name>.text:Interrupt_illegalOperationHandler</name>
         <load_address>0x83840</load_address>
         <run_address>0x83840</run_address>
         <size>0x2</size>
         <input_file_ref idref="fl-1c"/>
      </object_component>
      <object_component id="oc-2c6">
         <name>.text:Interrupt_nmiHandler</name>
         <load_address>0x83842</load_address>
         <run_address>0x83842</run_address>
         <size>0x2</size>
         <input_file_ref idref="fl-1c"/>
      </object_component>
      <object_component id="oc-1ab">
         <name>.text</name>
         <load_address>0x83844</load_address>
         <run_address>0x83844</run_address>
         <size>0x2</size>
         <input_file_ref idref="fl-30"/>
      </object_component>
      <object_component id="oc-28e">
         <name>.text</name>
         <load_address>0x83846</load_address>
         <run_address>0x83846</run_address>
         <size>0x1</size>
         <input_file_ref idref="fl-36"/>
      </object_component>
      <object_component id="oc-21f">
         <name>.text</name>
         <load_address>0x83847</load_address>
         <run_address>0x83847</run_address>
         <size>0x1</size>
         <input_file_ref idref="fl-3a"/>
      </object_component>
      <object_component id="oc-4d2">
         <name>.cinit..data.load</name>
         <load_address>0x81348</load_address>
         <run_address>0x81348</run_address>
         <size>0xf</size>
      </object_component>
      <object_component id="oc-4cf">
         <name>__TI_handler_table</name>
         <load_address>0x81358</load_address>
         <run_address>0x81358</run_address>
         <size>0x6</size>
      </object_component>
      <object_component id="oc-4d1">
         <name>.cinit..bss.load</name>
         <load_address>0x8135e</load_address>
         <run_address>0x8135e</run_address>
         <size>0x4</size>
      </object_component>
      <object_component id="oc-4d4">
         <name>.cinit..bss_cla.load</name>
         <load_address>0x81362</load_address>
         <run_address>0x81362</run_address>
         <size>0x4</size>
      </object_component>
      <object_component id="oc-4d3">
         <name>.cinit..scratchpad.load</name>
         <load_address>0x81366</load_address>
         <run_address>0x81366</run_address>
         <size>0x4</size>
      </object_component>
      <object_component id="oc-4d0">
         <name>__TI_cinit_table</name>
         <load_address>0x8136c</load_address>
         <run_address>0x8136c</run_address>
         <size>0x10</size>
      </object_component>
      <object_component id="oc-6a">
         <name>.stack</name>
         <uninitialized>true</uninitialized>
         <run_address>0x400</run_address>
         <size>0x0</size>
         <input_file_ref idref="fl-2b"/>
      </object_component>
      <object_component id="oc-4d5">
         <name>.stack</name>
         <uninitialized>true</uninitialized>
         <run_address>0x400</run_address>
         <size>0x0</size>
      </object_component>
      <object_component id="oc-93">
         <name>.bss</name>
         <uninitialized>true</uninitialized>
         <run_address>0xa8f2</run_address>
         <size>0xa</size>
         <input_file_ref idref="fl-b"/>
      </object_component>
      <object_component id="oc-f8">
         <name>.bss:rxMsgData</name>
         <uninitialized>true</uninitialized>
         <run_address>0xa8fc</run_address>
         <size>0x8</size>
         <input_file_ref idref="fl-b"/>
      </object_component>
      <object_component id="oc-c9">
         <name>.bss</name>
         <uninitialized>true</uninitialized>
         <run_address>0xa800</run_address>
         <size>0xe0</size>
         <input_file_ref idref="fl-7"/>
      </object_component>
      <object_component id="oc-2ff">
         <name>.bss</name>
         <uninitialized>true</uninitialized>
         <run_address>0xa8e0</run_address>
         <size>0x12</size>
         <input_file_ref idref="fl-8"/>
      </object_component>
      <object_component id="oc-eb">
         <name>.bss</name>
         <uninitialized>true</uninitialized>
         <run_address>0xa904</run_address>
         <size>0x6</size>
         <input_file_ref idref="fl-9"/>
      </object_component>
      <object_component id="oc-214">
         <name>.data</name>
         <load_address>0xa916</load_address>
         <run_address>0xa916</run_address>
         <size>0x6</size>
         <input_file_ref idref="fl-35"/>
      </object_component>
      <object_component id="oc-ee">
         <name>.data</name>
         <load_address>0xa940</load_address>
         <run_address>0xa940</run_address>
         <size>0x3c</size>
         <input_file_ref idref="fl-7"/>
      </object_component>
      <object_component id="oc-302">
         <name>.data</name>
         <load_address>0xa90a</load_address>
         <run_address>0xa90a</run_address>
         <size>0xb</size>
         <input_file_ref idref="fl-8"/>
      </object_component>
      <object_component id="oc-e8">
         <name>.data</name>
         <load_address>0xa91c</load_address>
         <run_address>0xa91c</run_address>
         <size>0x4</size>
         <input_file_ref idref="fl-9"/>
      </object_component>
      <object_component id="oc-217">
         <name>.data:_lock</name>
         <load_address>0xa920</load_address>
         <run_address>0xa920</run_address>
         <size>0x2</size>
         <input_file_ref idref="fl-36"/>
      </object_component>
      <object_component id="oc-328">
         <name>.const:.string</name>
         <load_address>0x84098</load_address>
         <run_address>0x84098</run_address>
         <size>0x8b</size>
         <input_file_ref idref="fl-1a"/>
      </object_component>
      <object_component id="oc-361">
         <name>.const:.string</name>
         <load_address>0x84124</load_address>
         <run_address>0x84124</run_address>
         <size>0x8a</size>
         <input_file_ref idref="fl-1f"/>
      </object_component>
      <object_component id="oc-151">
         <name>.const:.string</name>
         <load_address>0x841ae</load_address>
         <run_address>0x841ae</run_address>
         <size>0x88</size>
         <input_file_ref idref="fl-1b"/>
      </object_component>
      <object_component id="oc-191">
         <name>.const:.string</name>
         <load_address>0x84236</load_address>
         <run_address>0x84236</run_address>
         <size>0x87</size>
         <input_file_ref idref="fl-16"/>
      </object_component>
      <object_component id="oc-12d">
         <name>.const:.string</name>
         <load_address>0x842be</load_address>
         <run_address>0x842be</run_address>
         <size>0x87</size>
         <input_file_ref idref="fl-1e"/>
      </object_component>
      <object_component id="oc-8c">
         <name>.const:.string</name>
         <load_address>0x84346</load_address>
         <run_address>0x84346</run_address>
         <size>0x56</size>
         <input_file_ref idref="fl-b"/>
      </object_component>
      <object_component id="oc-487">
         <name>.const:.string</name>
         <load_address>0x8439c</load_address>
         <run_address>0x8439c</run_address>
         <size>0x48</size>
         <input_file_ref idref="fl-18"/>
      </object_component>
      <object_component id="oc-45a">
         <name>.const:.string</name>
         <load_address>0x843e4</load_address>
         <run_address>0x843e4</run_address>
         <size>0x46</size>
         <input_file_ref idref="fl-1d"/>
      </object_component>
      <object_component id="oc-39f">
         <name>Cla1Prog:Cla1Task1</name>
         <load_address>0x84000</load_address>
         <run_address>0x8000</run_address>
         <size>0x56</size>
         <input_file_ref idref="fl-6"/>
      </object_component>
      <object_component id="oc-3ab">
         <name>Cla1Prog:Cla1BackgroundTask</name>
         <load_address>0x84056</load_address>
         <run_address>0x8056</run_address>
         <size>0x40</size>
         <input_file_ref idref="fl-6"/>
      </object_component>
      <object_component id="oc-e1">
         <name>.TI.ramfunc:PWMDriver_Ctrl</name>
         <load_address>0x81000</load_address>
         <run_address>0x9800</run_address>
         <size>0xe8</size>
         <input_file_ref idref="fl-7"/>
      </object_component>
      <object_component id="oc-db">
         <name>.TI.ramfunc:CurrLoopCtrl</name>
         <load_address>0x810e8</load_address>
         <run_address>0x98e8</run_address>
         <size>0x61</size>
         <input_file_ref idref="fl-7"/>
      </object_component>
      <object_component id="oc-d5">
         <name>.TI.ramfunc:VoltLoopCtrl</name>
         <load_address>0x81149</load_address>
         <run_address>0x9949</run_address>
         <size>0x46</size>
         <input_file_ref idref="fl-7"/>
      </object_component>
      <object_component id="oc-29f">
         <name>.TI.ramfunc:Flash_initModule</name>
         <load_address>0x8118f</load_address>
         <run_address>0x998f</run_address>
         <size>0x44</size>
         <input_file_ref idref="fl-1a"/>
      </object_component>
      <object_component id="oc-f4">
         <name>.TI.ramfunc:Iref_Cal</name>
         <load_address>0x811d3</load_address>
         <run_address>0x99d3</run_address>
         <size>0x42</size>
         <input_file_ref idref="fl-7"/>
      </object_component>
      <object_component id="oc-52">
         <name>.TI.ramfunc:epwm1ISR</name>
         <load_address>0x81215</load_address>
         <run_address>0x9a15</run_address>
         <size>0x3b</size>
         <input_file_ref idref="fl-b"/>
      </object_component>
      <object_component id="oc-32f">
         <name>.TI.ramfunc:Flash_setBankPowerMode</name>
         <load_address>0x81250</load_address>
         <run_address>0x9a50</run_address>
         <size>0x2c</size>
         <input_file_ref idref="fl-1a"/>
      </object_component>
      <object_component id="oc-347">
         <name>.TI.ramfunc:Flash_setWaitstates</name>
         <load_address>0x8127c</load_address>
         <run_address>0x9a7c</run_address>
         <size>0x23</size>
         <input_file_ref idref="fl-1a"/>
      </object_component>
      <object_component id="oc-335">
         <name>.TI.ramfunc:Flash_setPumpPowerMode</name>
         <load_address>0x8129f</load_address>
         <run_address>0x9a9f</run_address>
         <size>0x1d</size>
         <input_file_ref idref="fl-1a"/>
      </object_component>
      <object_component id="oc-33b">
         <name>.TI.ramfunc:Flash_disableCache</name>
         <load_address>0x812bc</load_address>
         <run_address>0x9abc</run_address>
         <size>0x18</size>
         <input_file_ref idref="fl-1a"/>
      </object_component>
      <object_component id="oc-341">
         <name>.TI.ramfunc:Flash_disablePrefetch</name>
         <load_address>0x812d4</load_address>
         <run_address>0x9ad4</run_address>
         <size>0x18</size>
         <input_file_ref idref="fl-1a"/>
      </object_component>
      <object_component id="oc-34d">
         <name>.TI.ramfunc:Flash_enableCache</name>
         <load_address>0x812ec</load_address>
         <run_address>0x9aec</run_address>
         <size>0x17</size>
         <input_file_ref idref="fl-1a"/>
      </object_component>
      <object_component id="oc-353">
         <name>.TI.ramfunc:Flash_enablePrefetch</name>
         <load_address>0x81303</load_address>
         <run_address>0x9b03</run_address>
         <size>0x17</size>
         <input_file_ref idref="fl-1a"/>
      </object_component>
      <object_component id="oc-359">
         <name>.TI.ramfunc:Flash_enableECC</name>
         <load_address>0x8131a</load_address>
         <run_address>0x9b1a</run_address>
         <size>0x16</size>
         <input_file_ref idref="fl-1a"/>
      </object_component>
      <object_component id="oc-ce">
         <name>.TI.ramfunc:Adc_Cal_100KHz</name>
         <load_address>0x81330</load_address>
         <run_address>0x9b30</run_address>
         <size>0x14</size>
         <input_file_ref idref="fl-7"/>
      </object_component>
      <object_component id="oc-1a1">
         <name>.TI.ramfunc</name>
         <load_address>0x81344</load_address>
         <run_address>0x9b44</run_address>
         <size>0x4</size>
         <input_file_ref idref="fl-1f"/>
      </object_component>
      <object_component id="oc-451">
         <name>.scratchpad:Cla1Prog:Cla1Task1</name>
         <uninitialized>true</uninitialized>
         <run_address>0x8800</run_address>
         <size>0xa</size>
         <input_file_ref idref="fl-6"/>
      </object_component>
      <object_component id="oc-452">
         <name>.bss_cla</name>
         <uninitialized>true</uninitialized>
         <run_address>0x880a</run_address>
         <size>0x4</size>
         <input_file_ref idref="fl-6"/>
      </object_component>
      <object_component id="oc-1c1">
         <name>.debug_types</name>
         <load_address>0x0</load_address>
         <run_address>0x0</run_address>
         <size>0xf87</size>
         <input_file_ref idref="fl-4"/>
      </object_component>
      <object_component id="oc-456">
         <name>.debug_types</name>
         <load_address>0xf87</load_address>
         <run_address>0xf87</run_address>
         <size>0x176</size>
         <input_file_ref idref="fl-6"/>
      </object_component>
      <object_component id="oc-c7">
         <name>.debug_types</name>
         <load_address>0x10fd</load_address>
         <run_address>0x10fd</run_address>
         <size>0x3561</size>
         <input_file_ref idref="fl-b"/>
      </object_component>
      <object_component id="oc-450">
         <name>.debug_types</name>
         <load_address>0x465e</load_address>
         <run_address>0x465e</run_address>
         <size>0x126</size>
         <input_file_ref idref="fl-15"/>
      </object_component>
      <object_component id="oc-199">
         <name>.debug_types</name>
         <load_address>0x4784</load_address>
         <run_address>0x4784</run_address>
         <size>0x11c</size>
         <input_file_ref idref="fl-16"/>
      </object_component>
      <object_component id="oc-458">
         <name>.debug_types</name>
         <load_address>0x0</load_address>
         <run_address>0x0</run_address>
         <size>0x0</size>
         <input_file_ref idref="fl-17"/>
      </object_component>
      <object_component id="oc-489">
         <name>.debug_types</name>
         <load_address>0x0</load_address>
         <run_address>0x0</run_address>
         <size>0x0</size>
         <input_file_ref idref="fl-18"/>
      </object_component>
      <object_component id="oc-360">
         <name>.debug_types</name>
         <load_address>0x48a0</load_address>
         <run_address>0x48a0</run_address>
         <size>0x1e9</size>
         <input_file_ref idref="fl-1a"/>
      </object_component>
      <object_component id="oc-153">
         <name>.debug_types</name>
         <load_address>0x4a89</load_address>
         <run_address>0x4a89</run_address>
         <size>0x1d7</size>
         <input_file_ref idref="fl-1b"/>
      </object_component>
      <object_component id="oc-179">
         <name>.debug_types</name>
         <load_address>0x0</load_address>
         <run_address>0x0</run_address>
         <size>0x0</size>
         <input_file_ref idref="fl-1c"/>
      </object_component>
      <object_component id="oc-45c">
         <name>.debug_types</name>
         <load_address>0x4c60</load_address>
         <run_address>0x4c60</run_address>
         <size>0xdc</size>
         <input_file_ref idref="fl-1d"/>
      </object_component>
      <object_component id="oc-135">
         <name>.debug_types</name>
         <load_address>0x4d3c</load_address>
         <run_address>0x4d3c</run_address>
         <size>0x371</size>
         <input_file_ref idref="fl-1e"/>
      </object_component>
      <object_component id="oc-375">
         <name>.debug_types</name>
         <load_address>0x50ad</load_address>
         <run_address>0x50ad</run_address>
         <size>0x1d4</size>
         <input_file_ref idref="fl-1f"/>
      </object_component>
      <object_component id="oc-226">
         <name>.debug_types</name>
         <load_address>0x5281</load_address>
         <run_address>0x5281</run_address>
         <size>0x4e8</size>
         <input_file_ref idref="fl-31"/>
      </object_component>
      <object_component id="oc-21b">
         <name>.debug_types</name>
         <load_address>0x5769</load_address>
         <run_address>0x5769</run_address>
         <size>0xbf</size>
         <input_file_ref idref="fl-35"/>
      </object_component>
      <object_component id="oc-213">
         <name>.debug_types</name>
         <load_address>0x5828</load_address>
         <run_address>0x5828</run_address>
         <size>0xe1</size>
         <input_file_ref idref="fl-37"/>
      </object_component>
      <object_component id="oc-29a">
         <name>.debug_types</name>
         <load_address>0x0</load_address>
         <run_address>0x0</run_address>
         <size>0x0</size>
         <input_file_ref idref="fl-3a"/>
      </object_component>
      <object_component id="oc-6c">
         <name>.debug_types</name>
         <load_address>0x5909</load_address>
         <run_address>0x5909</run_address>
         <size>0x1d84</size>
         <input_file_ref idref="fl-3b"/>
      </object_component>
      <object_component id="oc-130">
         <name>.debug_info</name>
         <load_address>0x0</load_address>
         <run_address>0x0</run_address>
         <size>0x124</size>
         <input_file_ref idref="fl-4"/>
      </object_component>
      <object_component id="oc-23c">
         <name>.debug_info</name>
         <load_address>0x124</load_address>
         <run_address>0x124</run_address>
         <size>0x10a</size>
         <input_file_ref idref="fl-4"/>
      </object_component>
      <object_component id="oc-2b8">
         <name>.debug_info</name>
         <load_address>0x22e</load_address>
         <run_address>0x22e</run_address>
         <size>0x122</size>
         <input_file_ref idref="fl-4"/>
      </object_component>
      <object_component id="oc-235">
         <name>.debug_info</name>
         <load_address>0x350</load_address>
         <run_address>0x350</run_address>
         <size>0x1bc</size>
         <input_file_ref idref="fl-4"/>
      </object_component>
      <object_component id="oc-2c">
         <name>.debug_info</name>
         <load_address>0x50c</load_address>
         <run_address>0x50c</run_address>
         <size>0xfd</size>
         <input_file_ref idref="fl-5"/>
      </object_component>
      <object_component id="oc-82">
         <name>.debug_info</name>
         <load_address>0x609</load_address>
         <run_address>0x609</run_address>
         <size>0xfe</size>
         <input_file_ref idref="fl-5"/>
      </object_component>
      <object_component id="oc-453">
         <name>.debug_info</name>
         <load_address>0x707</load_address>
         <run_address>0x707</run_address>
         <size>0x129</size>
         <input_file_ref idref="fl-6"/>
      </object_component>
      <object_component id="oc-3a1">
         <name>.debug_info</name>
         <load_address>0x830</load_address>
         <run_address>0x830</run_address>
         <size>0x14e</size>
         <input_file_ref idref="fl-6"/>
      </object_component>
      <object_component id="oc-3ae">
         <name>.debug_info</name>
         <load_address>0x97e</load_address>
         <run_address>0x97e</run_address>
         <size>0x160</size>
         <input_file_ref idref="fl-6"/>
      </object_component>
      <object_component id="oc-94">
         <name>.debug_info</name>
         <load_address>0xade</load_address>
         <run_address>0xade</run_address>
         <size>0x19c</size>
         <input_file_ref idref="fl-b"/>
      </object_component>
      <object_component id="oc-f9">
         <name>.debug_info</name>
         <load_address>0xc7a</load_address>
         <run_address>0xc7a</run_address>
         <size>0xda</size>
         <input_file_ref idref="fl-b"/>
      </object_component>
      <object_component id="oc-41">
         <name>.debug_info</name>
         <load_address>0xd54</load_address>
         <run_address>0xd54</run_address>
         <size>0x155</size>
         <input_file_ref idref="fl-b"/>
      </object_component>
      <object_component id="oc-49">
         <name>.debug_info</name>
         <load_address>0xea9</load_address>
         <run_address>0xea9</run_address>
         <size>0x10c</size>
         <input_file_ref idref="fl-b"/>
      </object_component>
      <object_component id="oc-37e">
         <name>.debug_info</name>
         <load_address>0xfb5</load_address>
         <run_address>0xfb5</run_address>
         <size>0x12b</size>
         <input_file_ref idref="fl-b"/>
      </object_component>
      <object_component id="oc-384">
         <name>.debug_info</name>
         <load_address>0x10e0</load_address>
         <run_address>0x10e0</run_address>
         <size>0x233</size>
         <input_file_ref idref="fl-b"/>
      </object_component>
      <object_component id="oc-2d6">
         <name>.debug_info</name>
         <load_address>0x1313</load_address>
         <run_address>0x1313</run_address>
         <size>0x167</size>
         <input_file_ref idref="fl-b"/>
      </object_component>
      <object_component id="oc-2da">
         <name>.debug_info</name>
         <load_address>0x147a</load_address>
         <run_address>0x147a</run_address>
         <size>0x369</size>
         <input_file_ref idref="fl-b"/>
      </object_component>
      <object_component id="oc-2e0">
         <name>.debug_info</name>
         <load_address>0x17e3</load_address>
         <run_address>0x17e3</run_address>
         <size>0x24c</size>
         <input_file_ref idref="fl-b"/>
      </object_component>
      <object_component id="oc-2e6">
         <name>.debug_info</name>
         <load_address>0x1a2f</load_address>
         <run_address>0x1a2f</run_address>
         <size>0x12c</size>
         <input_file_ref idref="fl-b"/>
      </object_component>
      <object_component id="oc-2ed">
         <name>.debug_info</name>
         <load_address>0x1b5b</load_address>
         <run_address>0x1b5b</run_address>
         <size>0x112</size>
         <input_file_ref idref="fl-b"/>
      </object_component>
      <object_component id="oc-3d">
         <name>.debug_info</name>
         <load_address>0x1c6d</load_address>
         <run_address>0x1c6d</run_address>
         <size>0x288</size>
         <input_file_ref idref="fl-b"/>
      </object_component>
      <object_component id="oc-61">
         <name>.debug_info</name>
         <load_address>0x1ef5</load_address>
         <run_address>0x1ef5</run_address>
         <size>0x1a4</size>
         <input_file_ref idref="fl-b"/>
      </object_component>
      <object_component id="oc-2f2">
         <name>.debug_info</name>
         <load_address>0x2099</load_address>
         <run_address>0x2099</run_address>
         <size>0x14c</size>
         <input_file_ref idref="fl-b"/>
      </object_component>
      <object_component id="oc-2f9">
         <name>.debug_info</name>
         <load_address>0x21e5</load_address>
         <run_address>0x21e5</run_address>
         <size>0x3b4</size>
         <input_file_ref idref="fl-b"/>
      </object_component>
      <object_component id="oc-24e">
         <name>.debug_info</name>
         <load_address>0x2599</load_address>
         <run_address>0x2599</run_address>
         <size>0x1bc</size>
         <input_file_ref idref="fl-b"/>
      </object_component>
      <object_component id="oc-20e">
         <name>.debug_info</name>
         <load_address>0x2755</load_address>
         <run_address>0x2755</run_address>
         <size>0x235</size>
         <input_file_ref idref="fl-b"/>
      </object_component>
      <object_component id="oc-4d">
         <name>.debug_info</name>
         <load_address>0x298a</load_address>
         <run_address>0x298a</run_address>
         <size>0xf8</size>
         <input_file_ref idref="fl-b"/>
      </object_component>
      <object_component id="oc-53">
         <name>.debug_info</name>
         <load_address>0x2a82</load_address>
         <run_address>0x2a82</run_address>
         <size>0x146</size>
         <input_file_ref idref="fl-b"/>
      </object_component>
      <object_component id="oc-59">
         <name>.debug_info</name>
         <load_address>0x2bc8</load_address>
         <run_address>0x2bc8</run_address>
         <size>0x110</size>
         <input_file_ref idref="fl-b"/>
      </object_component>
      <object_component id="oc-65">
         <name>.debug_info</name>
         <load_address>0x2cd8</load_address>
         <run_address>0x2cd8</run_address>
         <size>0x13b</size>
         <input_file_ref idref="fl-b"/>
      </object_component>
      <object_component id="oc-39a">
         <name>.debug_info</name>
         <load_address>0x2e13</load_address>
         <run_address>0x2e13</run_address>
         <size>0x215</size>
         <input_file_ref idref="fl-15"/>
      </object_component>
      <object_component id="oc-18c">
         <name>.debug_info</name>
         <load_address>0x3028</load_address>
         <run_address>0x3028</run_address>
         <size>0x1b2</size>
         <input_file_ref idref="fl-16"/>
      </object_component>
      <object_component id="oc-193">
         <name>.debug_info</name>
         <load_address>0x31da</load_address>
         <run_address>0x31da</run_address>
         <size>0x206</size>
         <input_file_ref idref="fl-16"/>
      </object_component>
      <object_component id="oc-19c">
         <name>.debug_info</name>
         <load_address>0x33e0</load_address>
         <run_address>0x33e0</run_address>
         <size>0x1c6</size>
         <input_file_ref idref="fl-16"/>
      </object_component>
      <object_component id="oc-108">
         <name>.debug_info</name>
         <load_address>0x35a6</load_address>
         <run_address>0x35a6</run_address>
         <size>0x1ed</size>
         <input_file_ref idref="fl-16"/>
      </object_component>
      <object_component id="oc-10e">
         <name>.debug_info</name>
         <load_address>0x3793</load_address>
         <run_address>0x3793</run_address>
         <size>0x315</size>
         <input_file_ref idref="fl-16"/>
      </object_component>
      <object_component id="oc-1a4">
         <name>.debug_info</name>
         <load_address>0x3aa8</load_address>
         <run_address>0x3aa8</run_address>
         <size>0x2de</size>
         <input_file_ref idref="fl-16"/>
      </object_component>
      <object_component id="oc-102">
         <name>.debug_info</name>
         <load_address>0x3d86</load_address>
         <run_address>0x3d86</run_address>
         <size>0x200</size>
         <input_file_ref idref="fl-16"/>
      </object_component>
      <object_component id="oc-114">
         <name>.debug_info</name>
         <load_address>0x3f86</load_address>
         <run_address>0x3f86</run_address>
         <size>0x2f4</size>
         <input_file_ref idref="fl-16"/>
      </object_component>
      <object_component id="oc-fd">
         <name>.debug_info</name>
         <load_address>0x427a</load_address>
         <run_address>0x427a</run_address>
         <size>0x25a</size>
         <input_file_ref idref="fl-16"/>
      </object_component>
      <object_component id="oc-3a8">
         <name>.debug_info</name>
         <load_address>0x44d4</load_address>
         <run_address>0x44d4</run_address>
         <size>0x210</size>
         <input_file_ref idref="fl-17"/>
      </object_component>
      <object_component id="oc-483">
         <name>.debug_info</name>
         <load_address>0x46e4</load_address>
         <run_address>0x46e4</run_address>
         <size>0x1c4</size>
         <input_file_ref idref="fl-18"/>
      </object_component>
      <object_component id="oc-442">
         <name>.debug_info</name>
         <load_address>0x48a8</load_address>
         <run_address>0x48a8</run_address>
         <size>0x210</size>
         <input_file_ref idref="fl-18"/>
      </object_component>
      <object_component id="oc-324">
         <name>.debug_info</name>
         <load_address>0x4ab8</load_address>
         <run_address>0x4ab8</run_address>
         <size>0x1c8</size>
         <input_file_ref idref="fl-1a"/>
      </object_component>
      <object_component id="oc-32a">
         <name>.debug_info</name>
         <load_address>0x4c80</load_address>
         <run_address>0x4c80</run_address>
         <size>0x1c4</size>
         <input_file_ref idref="fl-1a"/>
      </object_component>
      <object_component id="oc-348">
         <name>.debug_info</name>
         <load_address>0x4e44</load_address>
         <run_address>0x4e44</run_address>
         <size>0x223</size>
         <input_file_ref idref="fl-1a"/>
      </object_component>
      <object_component id="oc-332">
         <name>.debug_info</name>
         <load_address>0x5067</load_address>
         <run_address>0x5067</run_address>
         <size>0x23a</size>
         <input_file_ref idref="fl-1a"/>
      </object_component>
      <object_component id="oc-338">
         <name>.debug_info</name>
         <load_address>0x52a1</load_address>
         <run_address>0x52a1</run_address>
         <size>0x219</size>
         <input_file_ref idref="fl-1a"/>
      </object_component>
      <object_component id="oc-355">
         <name>.debug_info</name>
         <load_address>0x54ba</load_address>
         <run_address>0x54ba</run_address>
         <size>0x1ea</size>
         <input_file_ref idref="fl-1a"/>
      </object_component>
      <object_component id="oc-342">
         <name>.debug_info</name>
         <load_address>0x56a4</load_address>
         <run_address>0x56a4</run_address>
         <size>0x1ec</size>
         <input_file_ref idref="fl-1a"/>
      </object_component>
      <object_component id="oc-34e">
         <name>.debug_info</name>
         <load_address>0x5890</load_address>
         <run_address>0x5890</run_address>
         <size>0x1e4</size>
         <input_file_ref idref="fl-1a"/>
      </object_component>
      <object_component id="oc-33d">
         <name>.debug_info</name>
         <load_address>0x5a74</load_address>
         <run_address>0x5a74</run_address>
         <size>0x1e6</size>
         <input_file_ref idref="fl-1a"/>
      </object_component>
      <object_component id="oc-35b">
         <name>.debug_info</name>
         <load_address>0x5c5a</load_address>
         <run_address>0x5c5a</run_address>
         <size>0x1dd</size>
         <input_file_ref idref="fl-1a"/>
      </object_component>
      <object_component id="oc-2a2">
         <name>.debug_info</name>
         <load_address>0x5e37</load_address>
         <run_address>0x5e37</run_address>
         <size>0x33f</size>
         <input_file_ref idref="fl-1a"/>
      </object_component>
      <object_component id="oc-449">
         <name>.debug_info</name>
         <load_address>0x6176</load_address>
         <run_address>0x6176</run_address>
         <size>0x1de</size>
         <input_file_ref idref="fl-1b"/>
      </object_component>
      <object_component id="oc-14c">
         <name>.debug_info</name>
         <load_address>0x6354</load_address>
         <run_address>0x6354</run_address>
         <size>0x1b0</size>
         <input_file_ref idref="fl-1b"/>
      </object_component>
      <object_component id="oc-a5">
         <name>.debug_info</name>
         <load_address>0x6504</load_address>
         <run_address>0x6504</run_address>
         <size>0x228</size>
         <input_file_ref idref="fl-1b"/>
      </object_component>
      <object_component id="oc-392">
         <name>.debug_info</name>
         <load_address>0x672c</load_address>
         <run_address>0x672c</run_address>
         <size>0x229</size>
         <input_file_ref idref="fl-1b"/>
      </object_component>
      <object_component id="oc-ab">
         <name>.debug_info</name>
         <load_address>0x6955</load_address>
         <run_address>0x6955</run_address>
         <size>0x211</size>
         <input_file_ref idref="fl-1b"/>
      </object_component>
      <object_component id="oc-b0">
         <name>.debug_info</name>
         <load_address>0x6b66</load_address>
         <run_address>0x6b66</run_address>
         <size>0x259</size>
         <input_file_ref idref="fl-1b"/>
      </object_component>
      <object_component id="oc-97">
         <name>.debug_info</name>
         <load_address>0x6dbf</load_address>
         <run_address>0x6dbf</run_address>
         <size>0x241</size>
         <input_file_ref idref="fl-1b"/>
      </object_component>
      <object_component id="oc-38c">
         <name>.debug_info</name>
         <load_address>0x7000</load_address>
         <run_address>0x7000</run_address>
         <size>0x20d</size>
         <input_file_ref idref="fl-1b"/>
      </object_component>
      <object_component id="oc-9d">
         <name>.debug_info</name>
         <load_address>0x720d</load_address>
         <run_address>0x720d</run_address>
         <size>0x1fa</size>
         <input_file_ref idref="fl-1b"/>
      </object_component>
      <object_component id="oc-173">
         <name>.debug_info</name>
         <load_address>0x7407</load_address>
         <run_address>0x7407</run_address>
         <size>0x1a9</size>
         <input_file_ref idref="fl-1c"/>
      </object_component>
      <object_component id="oc-16d">
         <name>.debug_info</name>
         <load_address>0x75b0</load_address>
         <run_address>0x75b0</run_address>
         <size>0x1ad</size>
         <input_file_ref idref="fl-1c"/>
      </object_component>
      <object_component id="oc-2c1">
         <name>.debug_info</name>
         <load_address>0x775d</load_address>
         <run_address>0x775d</run_address>
         <size>0x1c7</size>
         <input_file_ref idref="fl-1c"/>
      </object_component>
      <object_component id="oc-2cd">
         <name>.debug_info</name>
         <load_address>0x7924</load_address>
         <run_address>0x7924</run_address>
         <size>0x1ad</size>
         <input_file_ref idref="fl-1c"/>
      </object_component>
      <object_component id="oc-2c7">
         <name>.debug_info</name>
         <load_address>0x7ad1</load_address>
         <run_address>0x7ad1</run_address>
         <size>0x193</size>
         <input_file_ref idref="fl-1c"/>
      </object_component>
      <object_component id="oc-241">
         <name>.debug_info</name>
         <load_address>0x7c64</load_address>
         <run_address>0x7c64</run_address>
         <size>0x1ba</size>
         <input_file_ref idref="fl-1c"/>
      </object_component>
      <object_component id="oc-248">
         <name>.debug_info</name>
         <load_address>0x7e1e</load_address>
         <run_address>0x7e1e</run_address>
         <size>0x1b5</size>
         <input_file_ref idref="fl-1c"/>
      </object_component>
      <object_component id="oc-c2">
         <name>.debug_info</name>
         <load_address>0x7fd3</load_address>
         <run_address>0x7fd3</run_address>
         <size>0x25d</size>
         <input_file_ref idref="fl-1c"/>
      </object_component>
      <object_component id="oc-3c6">
         <name>.debug_info</name>
         <load_address>0x8230</load_address>
         <run_address>0x8230</run_address>
         <size>0x256</size>
         <input_file_ref idref="fl-1d"/>
      </object_component>
      <object_component id="oc-3c0">
         <name>.debug_info</name>
         <load_address>0x8486</load_address>
         <run_address>0x8486</run_address>
         <size>0x23e</size>
         <input_file_ref idref="fl-1d"/>
      </object_component>
      <object_component id="oc-3b5">
         <name>.debug_info</name>
         <load_address>0x86c4</load_address>
         <run_address>0x86c4</run_address>
         <size>0x1d5</size>
         <input_file_ref idref="fl-1d"/>
      </object_component>
      <object_component id="oc-3bb">
         <name>.debug_info</name>
         <load_address>0x8899</load_address>
         <run_address>0x8899</run_address>
         <size>0x1f2</size>
         <input_file_ref idref="fl-1d"/>
      </object_component>
      <object_component id="oc-12b">
         <name>.debug_info</name>
         <load_address>0x8a8b</load_address>
         <run_address>0x8a8b</run_address>
         <size>0x1b0</size>
         <input_file_ref idref="fl-1e"/>
      </object_component>
      <object_component id="oc-161">
         <name>.debug_info</name>
         <load_address>0x8c3b</load_address>
         <run_address>0x8c3b</run_address>
         <size>0x1d0</size>
         <input_file_ref idref="fl-1e"/>
      </object_component>
      <object_component id="oc-15b">
         <name>.debug_info</name>
         <load_address>0x8e0b</load_address>
         <run_address>0x8e0b</run_address>
         <size>0x1d2</size>
         <input_file_ref idref="fl-1e"/>
      </object_component>
      <object_component id="oc-139">
         <name>.debug_info</name>
         <load_address>0x8fdd</load_address>
         <run_address>0x8fdd</run_address>
         <size>0x1da</size>
         <input_file_ref idref="fl-1e"/>
      </object_component>
      <object_component id="oc-145">
         <name>.debug_info</name>
         <load_address>0x91b7</load_address>
         <run_address>0x91b7</run_address>
         <size>0x1ee</size>
         <input_file_ref idref="fl-1e"/>
      </object_component>
      <object_component id="oc-13f">
         <name>.debug_info</name>
         <load_address>0x93a5</load_address>
         <run_address>0x93a5</run_address>
         <size>0x1de</size>
         <input_file_ref idref="fl-1e"/>
      </object_component>
      <object_component id="oc-168">
         <name>.debug_info</name>
         <load_address>0x9583</load_address>
         <run_address>0x9583</run_address>
         <size>0x1e0</size>
         <input_file_ref idref="fl-1e"/>
      </object_component>
      <object_component id="oc-b7">
         <name>.debug_info</name>
         <load_address>0x9763</load_address>
         <run_address>0x9763</run_address>
         <size>0x260</size>
         <input_file_ref idref="fl-1e"/>
      </object_component>
      <object_component id="oc-90">
         <name>.debug_info</name>
         <load_address>0x99c3</load_address>
         <run_address>0x99c3</run_address>
         <size>0x279</size>
         <input_file_ref idref="fl-1e"/>
      </object_component>
      <object_component id="oc-89">
         <name>.debug_info</name>
         <load_address>0x9c3c</load_address>
         <run_address>0x9c3c</run_address>
         <size>0x1e9</size>
         <input_file_ref idref="fl-1e"/>
      </object_component>
      <object_component id="oc-bc">
         <name>.debug_info</name>
         <load_address>0x9e25</load_address>
         <run_address>0x9e25</run_address>
         <size>0x213</size>
         <input_file_ref idref="fl-1e"/>
      </object_component>
      <object_component id="oc-3ee">
         <name>.debug_info</name>
         <load_address>0xa038</load_address>
         <run_address>0xa038</run_address>
         <size>0x1f6</size>
         <input_file_ref idref="fl-1f"/>
      </object_component>
      <object_component id="oc-363">
         <name>.debug_info</name>
         <load_address>0xa22e</load_address>
         <run_address>0xa22e</run_address>
         <size>0x1b9</size>
         <input_file_ref idref="fl-1f"/>
      </object_component>
      <object_component id="oc-467">
         <name>.debug_info</name>
         <load_address>0xa3e7</load_address>
         <run_address>0xa3e7</run_address>
         <size>0x18f</size>
         <input_file_ref idref="fl-1f"/>
      </object_component>
      <object_component id="oc-470">
         <name>.debug_info</name>
         <load_address>0xa576</load_address>
         <run_address>0xa576</run_address>
         <size>0x1b3</size>
         <input_file_ref idref="fl-1f"/>
      </object_component>
      <object_component id="oc-436">
         <name>.debug_info</name>
         <load_address>0xa729</load_address>
         <run_address>0xa729</run_address>
         <size>0x1d1</size>
         <input_file_ref idref="fl-1f"/>
      </object_component>
[...]
         <object_component_ref idref="oc-c9"/>
      </symbol>
      <symbol id="sm-183">
         <name>State_Manage</name>
         <value>0x82bd5</value>
         <object_component_ref idref="oc-282"/>
      </symbol>
      <symbol id="sm-184">
         <name>g_lq12BusVoltSet</name>
         <value>0xa828</value>
         <object_component_ref idref="oc-c9"/>
      </symbol>
      <symbol id="sm-185">
         <name>g_lq12BusVoltage</name>
         <value>0xa80e</value>
         <object_component_ref idref="oc-c9"/>
      </symbol>
      <symbol id="sm-186">
         <name>g_u16PFCSoftStartDuty</name>
         <value>0xa94c</value>
         <object_component_ref idref="oc-ee"/>
      </symbol>
      <symbol id="sm-187">
         <name>g_strVLoop</name>
         <value>0xa840</value>
         <object_component_ref idref="oc-c9"/>
      </symbol>
      <symbol id="sm-188">
         <name>GridPeriodRmsCal</name>
         <value>0x82e49</value>
         <object_component_ref idref="oc-27c"/>
      </symbol>
      <symbol id="sm-189">
         <name>g_u32HFPWMDutyMin</name>
         <value>0xa962</value>
         <object_component_ref idref="oc-ee"/>
      </symbol>
      <symbol id="sm-18a">
         <name>g_strPLL</name>
         <value>0xa898</value>
         <object_component_ref idref="oc-c9"/>
      </symbol>
      <symbol id="sm-18b">
         <name>g_i32Iref1</name>
         <value>0xa96e</value>
         <object_component_ref idref="oc-ee"/>
      </symbol>
      <symbol id="sm-18c">
         <name>g_i32Iref2</name>
         <value>0xa970</value>
         <object_component_ref idref="oc-ee"/>
      </symbol>
      <symbol id="sm-18d">
         <name>g_i32Iref3</name>
         <value>0xa972</value>
         <object_component_ref idref="oc-ee"/>
      </symbol>
      <symbol id="sm-18e">
         <name>g_i32Iref4</name>
         <value>0xa974</value>
         <object_component_ref idref="oc-ee"/>
      </symbol>
      <symbol id="sm-18f">
         <name>g_i32Iref5</name>
         <value>0xa976</value>
         <object_component_ref idref="oc-ee"/>
      </symbol>
      <symbol id="sm-190">
         <name>g_u8DCACFaultSubState</name>
         <value>0xa90d</value>
         <object_component_ref idref="oc-302"/>
      </symbol>
      <symbol id="sm-191">
         <name>PWMDriver_Var_Init</name>
         <value>0x8381e</value>
         <object_component_ref idref="oc-26a"/>
      </symbol>
      <symbol id="sm-192">
         <name>g_u16RMSSumCnts</name>
         <value>0xa941</value>
         <object_component_ref idref="oc-ee"/>
      </symbol>
      <symbol id="sm-193">
         <name>__TI_decompress_lzss</name>
         <value>0x8329e</value>
         <object_component_ref idref="oc-1c"/>
      </symbol>
      <symbol id="sm-194">
         <name>g_u16ACDCSubStateDlay</name>
         <value>0xa913</value>
         <object_component_ref idref="oc-302"/>
      </symbol>
      <symbol id="sm-195">
         <name>g_u8PFCPWMSwState</name>
         <value>0xa947</value>
         <object_component_ref idref="oc-ee"/>
      </symbol>
      <symbol id="sm-196">
         <name>g_lq12InvVoltRmsSet</name>
         <value>0xa822</value>
         <object_component_ref idref="oc-c9"/>
      </symbol>
      <symbol id="sm-197">
         <name>g_lq12GridVoltRms</name>
         <value>0xa812</value>
         <object_component_ref idref="oc-c9"/>
      </symbol>
      <symbol id="sm-198">
         <name>g_i32Vadc</name>
         <value>0xa96a</value>
         <object_component_ref idref="oc-ee"/>
      </symbol>
      <symbol id="sm-199">
         <name>g_lq12OutCurrent</name>
         <value>0xa810</value>
         <object_component_ref idref="oc-c9"/>
      </symbol>
      <symbol id="sm-19a">
         <name>g_u16BypssRlyCloseDlay</name>
         <value>0xa911</value>
         <object_component_ref idref="oc-302"/>
      </symbol>
      <symbol id="sm-19b">
         <name>g_strSysTimeFlg</name>
         <value>0xa904</value>
         <object_component_ref idref="oc-eb"/>
      </symbol>
      <symbol id="sm-19c">
         <name>g_u8EnvelopeStatus</name>
         <value>0xa801</value>
         <object_component_ref idref="oc-c9"/>
      </symbol>
      <symbol id="sm-19d">
         <name>g_u8IsPositivalHalfFlg</name>
         <value>0xa945</value>
         <object_component_ref idref="oc-ee"/>
      </symbol>
      <symbol id="sm-19e">
         <name>g_u16FaultBackDlay</name>
         <value>0xa90f</value>
         <object_component_ref idref="oc-302"/>
      </symbol>
      <symbol id="sm-19f">
         <name>g_u8Time1msCnt</name>
         <value>0xa91d</value>
         <object_component_ref idref="oc-e8"/>
      </symbol>
      <symbol id="sm-1a0">
         <name>g_u8Time2msCnt</name>
         <value>0xa91e</value>
         <object_component_ref idref="oc-e8"/>
      </symbol>
      <symbol id="sm-1a1">
         <name>g_i32PLLSinePrev</name>
         <value>0xa968</value>
         <object_component_ref idref="oc-ee"/>
      </symbol>
      <symbol id="sm-1a2">
         <name>g_lq12BusVoltRef</name>
         <value>0xa826</value>
         <object_component_ref idref="oc-c9"/>
      </symbol>
      <symbol id="sm-1a3">
         <name>__TI_decompress_none</name>
         <value>0x83826</value>
         <object_component_ref idref="oc-22"/>
      </symbol>
      <symbol id="sm-1a4">
         <name>g_u8PFCACSignFiltered</name>
         <value>0xa946</value>
         <object_component_ref idref="oc-ee"/>
      </symbol>
      <symbol id="sm-1a5">
         <name>WarnCtrl_Var_Init</name>
         <value>0x82fff</value>
         <object_component_ref idref="oc-270"/>
      </symbol>
      <symbol id="sm-1a6">
         <name>_system_pre_init</name>
         <value>0x83844</value>
         <object_component_ref idref="oc-1ab"/>
      </symbol>
      <symbol id="sm-1a7">
         <name>g_u16SelfTestDlay</name>
         <value>0xa90e</value>
         <object_component_ref idref="oc-302"/>
      </symbol>
      <symbol id="sm-1a8">
         <name>PWMDriver_Ctrl</name>
         <value>0x9800</value>
         <object_component_ref idref="oc-e1"/>
      </symbol>
      <symbol id="sm-1a9">
         <name>g_u8GridStatus</name>
         <value>0xa800</value>
         <object_component_ref idref="oc-c9"/>
      </symbol>
      <symbol id="sm-1aa">
         <name>g_u32HFPWMCMP</name>
         <value>0xa95c</value>
         <object_component_ref idref="oc-ee"/>
      </symbol>
      <symbol id="sm-1ce">
         <name>Device_enableAllPeripherals</name>
         <value>0x8221a</value>
         <object_component_ref idref="oc-2b7"/>
      </symbol>
      <symbol id="sm-1cf">
         <name>Device_initGPIO</name>
         <value>0x83779</value>
         <object_component_ref idref="oc-23a"/>
      </symbol>
      <symbol id="sm-1d0">
         <name>Device_init</name>
         <value>0x82b7c</value>
         <object_component_ref idref="oc-234"/>
      </symbol>
      <symbol id="sm-1d1">
         <name>__error__</name>
         <value>0x8383d</value>
         <object_component_ref idref="oc-12e"/>
      </symbol>
      <symbol id="sm-1e0">
         <name>code_start</name>
         <value>0x80000</value>
         <object_component_ref idref="oc-29"/>
      </symbol>
      <symbol id="sm-201">
         <name>claCount</name>
         <value>0x880a</value>
         <object_component_ref idref="oc-452"/>
      </symbol>
      <symbol id="sm-202">
         <name>Cla1BackgroundTask</name>
         <value>0x8056</value>
         <object_component_ref idref="oc-3ab"/>
      </symbol>
      <symbol id="sm-203">
         <name>Cla1Task1</name>
         <value>0x8000</value>
         <object_component_ref idref="oc-39f"/>
      </symbol>
      <symbol id="sm-204">
         <name>cla8Count</name>
         <value>0x880c</value>
         <object_component_ref idref="oc-452"/>
      </symbol>
      <symbol id="sm-2b4">
         <name>InitDSP_Cla</name>
         <value>0x82ed1</value>
         <object_component_ref idref="oc-2f1"/>
      </symbol>
      <symbol id="sm-2b5">
         <name>InitDSP_Scia</name>
         <value>0x827cc</value>
         <object_component_ref idref="oc-3b"/>
      </symbol>
      <symbol id="sm-2b6">
         <name>cpuTimer1IntCount</name>
         <value>0xa8f4</value>
         <object_component_ref idref="oc-93"/>
      </symbol>
      <symbol id="sm-2b7">
         <name>epwmIntCount</name>
         <value>0xa8f8</value>
         <object_component_ref idref="oc-93"/>
      </symbol>
      <symbol id="sm-2b8">
         <name>InitDSP_Epwm</name>
         <value>0x82000</value>
         <object_component_ref idref="oc-2df"/>
      </symbol>
      <symbol id="sm-2b9">
         <name>InitDSP_Dac</name>
         <value>0x8349d</value>
         <object_component_ref idref="oc-2eb"/>
      </symbol>
      <symbol id="sm-2ba">
         <name>InitDSP_Interrupt</name>
         <value>0x837a9</value>
         <object_component_ref idref="oc-47"/>
      </symbol>
      <symbol id="sm-2bb">
         <name>configCPUTimer</name>
         <value>0x825ce</value>
         <object_component_ref idref="oc-382"/>
      </symbol>
      <symbol id="sm-2bc">
         <name>cpuTimer0ISR</name>
         <value>0x82c2b</value>
         <object_component_ref idref="oc-58"/>
      </symbol>
      <symbol id="sm-2bd">
         <name>InitDSP_Can</name>
         <value>0x82b20</value>
         <object_component_ref idref="oc-5f"/>
      </symbol>
      <symbol id="sm-2be">
         <name>msg</name>
         <value>0xa8fa</value>
         <object_component_ref idref="oc-93"/>
      </symbol>
      <symbol id="sm-2bf">
         <name>initCPUTimers</name>
         <value>0x83400</value>
         <object_component_ref idref="oc-37c"/>
      </symbol>
      <symbol id="sm-2c0">
         <name>main</name>
         <value>0x832cc</value>
         <object_component_ref idref="oc-20c"/>
      </symbol>
      <symbol id="sm-2c1">
         <name>InitDSP_Gpio</name>
         <value>0x82752</value>
         <object_component_ref idref="oc-2d9"/>
      </symbol>
      <symbol id="sm-2c2">
         <name>canISR</name>
         <value>0x82c7f</value>
         <object_component_ref idref="oc-5e"/>
      </symbol>
      <symbol id="sm-2c3">
         <name>cpuTimer2IntCount</name>
         <value>0xa8f6</value>
         <object_component_ref idref="oc-93"/>
      </symbol>
      <symbol id="sm-2c4">
         <name>rxMsgData</name>
         <value>0xa8fc</value>
         <object_component_ref idref="oc-f8"/>
      </symbol>
      <symbol id="sm-2c5">
         <name>epwm1ISR</name>
         <value>0x9a15</value>
         <object_component_ref idref="oc-52"/>
      </symbol>
      <symbol id="sm-2c6">
         <name>InitDSP_Timer</name>
         <value>0x83348</value>
         <object_component_ref idref="oc-2d3"/>
      </symbol>
      <symbol id="sm-2c7">
         <name>InitDSP_MemCfg</name>
         <value>0x822f1</value>
         <object_component_ref idref="oc-2f7"/>
      </symbol>
      <symbol id="sm-2c8">
         <name>cpuTimer0IntCount</name>
         <value>0xa8f2</value>
         <object_component_ref idref="oc-93"/>
      </symbol>
      <symbol id="sm-2c9">
         <name>InitDSP_Adc</name>
         <value>0x8292b</value>
         <object_component_ref idref="oc-2e5"/>
      </symbol>
      <symbol id="sm-2ca">
         <name>gpioISR</name>
         <value>0x83592</value>
         <object_component_ref idref="oc-46"/>
      </symbol>
      <symbol id="sm-2cb">
         <name>sciaRxISR</name>
         <value>0x82d24</value>
         <object_component_ref idref="oc-3a"/>
      </symbol>
      <symbol id="sm-2cc">
         <name>InitDSP_Device</name>
         <value>0x836cb</value>
         <object_component_ref idref="oc-24c"/>
      </symbol>
      <symbol id="sm-2db">
         <name>ADC_setOffsetTrimAll</name>
         <value>0x83320</value>
         <object_component_ref idref="oc-397"/>
      </symbol>
      <symbol id="sm-35b">
         <name>CAN_setBitTiming</name>
         <value>0x829fd</value>
         <object_component_ref idref="oc-1a3"/>
      </symbol>
      <symbol id="sm-35c">
         <name>CAN_clearInterruptStatus</name>
         <value>0x82dbe</value>
         <object_component_ref idref="oc-101"/>
      </symbol>
      <symbol id="sm-35d">
         <name>CAN_setupMessageObject</name>
         <value>0x8213f</value>
         <object_component_ref idref="oc-113"/>
      </symbol>
      <symbol id="sm-35e">
         <name>CAN_initModule</name>
         <value>0x834d7</value>
         <object_component_ref idref="oc-107"/>
      </symbol>
      <symbol id="sm-35f">
         <name>CAN_readMessage</name>
         <value>0x82997</value>
         <object_component_ref idref="oc-fb"/>
      </symbol>
      <symbol id="sm-360">
         <name>CAN_setBitRate</name>
         <value>0x82a61</value>
         <object_component_ref idref="oc-10d"/>
      </symbol>
      <symbol id="sm-36f">
         <name>CLA_setTriggerSource</name>
         <value>0x8336f</value>
         <object_component_ref idref="oc-3a5"/>
      </symbol>
      <symbol id="sm-389">
         <name>CPUTimer_setEmulationMode</name>
         <value>0x83730</value>
         <object_component_ref idref="oc-440"/>
      </symbol>
      <symbol id="sm-3fa">
         <name>Flash_initModule</name>
         <value>0x998f</value>
         <object_component_ref idref="oc-29f"/>
      </symbol>
      <symbol id="sm-464">
         <name>GPIO_setQualificationMode</name>
         <value>0x8315e</value>
         <object_component_ref idref="oc-ae"/>
      </symbol>
      <symbol id="sm-465">
         <name>GPIO_setPadConfig</name>
         <value>0x82cd2</value>
         <object_component_ref idref="oc-a8"/>
      </symbol>
      <symbol id="sm-466">
         <name>GPIO_setInterruptPin</name>
         <value>0x83239</value>
         <object_component_ref idref="oc-38f"/>
      </symbol>
      <symbol id="sm-467">
         <name>GPIO_setAnalogMode</name>
         <value>0x830b6</value>
         <object_component_ref idref="oc-389"/>
      </symbol>
      <symbol id="sm-468">
         <name>GPIO_setDirectionMode</name>
         <value>0x8326d</value>
         <object_component_ref idref="oc-a2"/>
      </symbol>
      <symbol id="sm-469">
         <name>GPIO_setPinConfig</name>
         <value>0x83127</value>
         <object_component_ref idref="oc-9c"/>
      </symbol>
      <symbol id="sm-46a">
         <name>GPIO_setControllerCore</name>
         <value>0x830f0</value>
         <object_component_ref idref="oc-96"/>
      </symbol>
      <symbol id="sm-4bc">
         <name>Interrupt_initModule</name>
         <value>0x8303e</value>
         <object_component_ref idref="oc-240"/>
      </symbol>
      <symbol id="sm-4bd">
         <name>Interrupt_enable</name>
         <value>0x83195</value>
         <object_component_ref idref="oc-c0"/>
      </symbol>
      <symbol id="sm-4be">
         <name>Interrupt_initVectorTable</name>
         <value>0x8347f</value>
         <object_component_ref idref="oc-246"/>
      </symbol>
      <symbol id="sm-501">
         <name>MemCfg_initSections</name>
         <value>0x826d7</value>
         <object_component_ref idref="oc-3b2"/>
      </symbol>
      <symbol id="sm-502">
         <name>MemCfg_setLSRAMControllerSel</name>
         <value>0x831cc</value>
         <object_component_ref idref="oc-3be"/>
      </symbol>
      <symbol id="sm-503">
         <name>MemCfg_setProtection</name>
         <value>0x828b9</value>
         <object_component_ref idref="oc-3c4"/>
      </symbol>
      <symbol id="sm-504">
         <name>MemCfg_getInitStatus</name>
         <value>0x8253e</value>
         <object_component_ref idref="oc-3b8"/>
      </symbol>
      <symbol id="sm-582">
         <name>SCI_clearInterruptStatus</name>
         <value>0x82e04</value>
         <object_component_ref idref="oc-ba"/>
      </symbol>
      <symbol id="sm-583">
         <name>SCI_writeCharArray</name>
         <value>0x82f55</value>
         <object_component_ref idref="oc-8d"/>
      </symbol>
      <symbol id="sm-584">
         <name>SCI_setConfig</name>
         <value>0x83000</value>
         <object_component_ref idref="oc-b4"/>
      </symbol>
      <symbol id="sm-585">
         <name>SCI_enableInterrupt</name>
         <value>0x82e8d</value>
         <object_component_ref idref="oc-86"/>
      </symbol>
      <symbol id="sm-693">
         <name>SysCtl_isPLLValid</name>
         <value>0x82481</value>
         <object_component_ref idref="oc-36e"/>
      </symbol>
      <symbol id="sm-694">
         <name>SysCtl_delay</name>
         <value>0x9b44</value>
         <object_component_ref idref="oc-1a1"/>
      </symbol>
      <symbol id="sm-695">
         <name>SysCtl_selectXTALSingleEnded</name>
         <value>0x83578</value>
         <object_component_ref idref="oc-3e6"/>
      </symbol>
      <symbol id="sm-696">
         <name>SysCtl_selectXTAL</name>
         <value>0x833b9</value>
         <object_component_ref idref="oc-3e0"/>
      </symbol>
      <symbol id="sm-697">
         <name>SysCtl_selectOscSource</name>
         <value>0x82d75</value>
         <object_component_ref idref="oc-368"/>
      </symbol>
      <symbol id="sm-698">
         <name>SysCtl_getLowSpeedClock</name>
         <value>0x8355e</value>
         <object_component_ref idref="oc-2b1"/>
      </symbol>
      <symbol id="sm-699">
         <name>SysCtl_setClock</name>
         <value>0x823bc</value>
         <object_component_ref idref="oc-2a5"/>
      </symbol>
      <symbol id="sm-69a">
         <name>SysCtl_getClock</name>
         <value>0x82ac2</value>
         <object_component_ref idref="oc-2ab"/>
      </symbol>
      <symbol id="sm-6a4">
         <name>_c_int00</name>
         <value>0x83609</value>
         <object_component_ref idref="oc-121"/>
      </symbol>
      <symbol id="sm-6a5">
         <name>__stack</name>
         <value>0x400</value>
         <object_component_ref idref="oc-6a"/>
      </symbol>
      <symbol id="sm-6af">
         <name>__c28xabi_modu</name>
         <value>0x83818</value>
         <object_component_ref idref="oc-30a"/>
      </symbol>
      <symbol id="sm-6b0">
         <name>__c28xabi_divu</name>
         <value>0x83813</value>
         <object_component_ref idref="oc-30a"/>
      </symbol>
      <symbol id="sm-6bf">
         <name>__TI_auto_init_nobinit_nopinit</name>
         <value>0x82fd4</value>
         <object_component_ref idref="oc-1dc"/>
      </symbol>
      <symbol id="sm-6d5">
         <name>C$$EXIT</name>
         <value>0x832f7</value>
         <object_component_ref idref="oc-1b8"/>
      </symbol>
      <symbol id="sm-6d6">
         <name>abort</name>
         <value>0x832f7</value>
         <object_component_ref idref="oc-1b8"/>
      </symbol>
      <symbol id="sm-6d7">
         <name>exit</name>
         <value>0x832f9</value>
         <object_component_ref idref="oc-1b8"/>
      </symbol>
      <symbol id="sm-6d8">
         <name>__TI_dtors_ptr</name>
         <value>0xa91a</value>
         <object_component_ref idref="oc-214"/>
      </symbol>
      <symbol id="sm-6d9">
         <name>__TI_cleanup_ptr</name>
         <value>0xa918</value>
         <object_component_ref idref="oc-214"/>
      </symbol>
      <symbol id="sm-6da">
         <name>__TI_enable_exit_profile_output</name>
         <value>0xa916</value>
         <object_component_ref idref="oc-214"/>
      </symbol>
      <symbol id="sm-6e9">
         <name>_args_main</name>
         <value>0x837fc</value>
         <object_component_ref idref="oc-1b2"/>
      </symbol>
      <symbol id="sm-6f6">
         <name>_system_post_cinit</name>
         <value>0x83847</value>
         <object_component_ref idref="oc-21f"/>
      </symbol>
      <symbol id="sm-6f8">
         <name>__c_args__</name>
         <value>0x0</value>
      </symbol>
   </symbol_table>
   <title>Link successful</title>
</link_info>
