******************************************************************************
             TMS320C2000 Linker PC v22.6.0                     
******************************************************************************
>> Linked Mon Sep  4 16:58:04 2023

OUTPUT FILE NAME:   <pfc_siemens.out>
ENTRY POINT SYMBOL: "code_start"  address: 00080000


MEMORY CONFIGURATION

         name            origin    length      used     unused   attr    fill
----------------------  --------  ---------  --------  --------  ----  --------
PAGE 0:
  RAMM0                 000000f6   0000030a  00000000  0000030a  RWIX
  RAMLS0                00008000   00000800  00000096  0000076a  RWIX
  RAMLS1                00008800   00000800  00000000  00000800  RWIX
  RAMLS2                00009000   00000800  00000000  00000800  RWIX
  RAMLS3                00009800   00000800  00000348  000004b8  RWIX
  RAMLS4                0000a000   00000800  00000000  00000800  RWIX
  BEGIN                 00080000   00000002  00000002  00000000  RWIX
  FLASH_BANK0_SEC0      00080002   00000ffe  00000000  00000ffe  RWIX
  FLASH_BANK0_SEC1      00081000   00001000  0000037c  00000c84  RWIX
  FLASH_BANK0_SEC2      00082000   00001000  00001000  00000000  RWIX
  FLASH_BANK0_SEC3      00083000   00001000  00000848  000007b8  RWIX
  FLASH_BANK0_SEC4      00084000   00001000  00000428  00000bd8  RWIX
  FLASH_BANK0_SEC5      00085000   00001000  00000000  00001000  RWIX
  FLASH_BANK0_SEC6      00086000   00001000  00000000  00001000  RWIX
  FLASH_BANK0_SEC7      00087000   00001000  00000000  00001000  RWIX
  FLASH_BANK0_SEC8      00088000   00001000  00000000  00001000  RWIX
  FLASH_BANK0_SEC9      00089000   00001000  00000000  00001000  RWIX
  FLASH_BANK0_SEC10     0008a000   00001000  00000000  00001000  RWIX
  FLASH_BANK0_SEC11     0008b000   00001000  00000000  00001000  RWIX
  FLASH_BANK0_SEC12     0008c000   00001000  00000000  00001000  RWIX
  FLASH_BANK0_SEC13     0008d000   00001000  00000000  00001000  RWIX
  FLASH_BANK0_SEC14     0008e000   00001000  00000000  00001000  RWIX
  FLASH_BANK0_SEC15     0008f000   00001000  00000000  00001000  RWIX
  FLASH_BANK1_SEC0      00090000   00001000  00000000  00001000  RWIX
  FLASH_BANK1_SEC1      00091000   00001000  00000000  00001000  RWIX
  FLASH_BANK1_SEC2      00092000   00001000  00000000  00001000  RWIX
  FLASH_BANK1_SEC3      00093000   00001000  00000000  00001000  RWIX
  FLASH_BANK1_SEC4      00094000   00001000  00000000  00001000  RWIX
  FLASH_BANK1_SEC5      00095000   00001000  00000000  00001000  RWIX
  FLASH_BANK1_SEC6      00096000   00001000  00000000  00001000  RWIX
  FLASH_BANK1_SEC7      00097000   00001000  00000000  00001000  RWIX
  FLASH_BANK1_SEC8      00098000   00001000  00000000  00001000  RWIX
  FLASH_BANK1_SEC9      00099000   00001000  00000000  00001000  RWIX
  FLASH_BANK1_SEC10     0009a000   00001000  00000000  00001000  RWIX
  FLASH_BANK1_SEC11     0009b000   00001000  00000000  00001000  RWIX
  FLASH_BANK1_SEC12     0009c000   00001000  00000000  00001000  RWIX
  FLASH_BANK1_SEC13     0009d000   00001000  00000000  00001000  RWIX
  FLASH_BANK1_SEC14     0009e000   00001000  00000000  00001000  RWIX
  FLASH_BANK1_SEC15     0009f000   00000ff0  00000000  00000ff0  RWIX
  RESET                 003fffc0   00000002  00000000  00000002  RWIX

PAGE 1:
  BOOT_RSVD             00000002   000000f1  00000000  000000f1  RWIX
  RAMM1                 00000400   000003f8  000003f8  00000000  RWIX
  CLA1_MSGRAMLOW        00001480   00000080  00000000  00000080  RWIX
  CLA1_MSGRAMHIGH       00001500   00000080  00000000  00000080  RWIX
  RAMLS1                00008800   00000800  0000000e  000007f2  RWIX
  RAMLS2                00009000   00000800  00000000  00000800  RWIX
  RAMLS5                0000a800   00000800  0000017c  00000684  RWIX
  RAMLS6                0000b000   00000800  00000000  00000800  RWIX
  RAMLS7                0000b800   00000800  00000000  00000800  RWIX
  RAMGS0                0000c000   00002000  00000000  00002000  RWIX
  RAMGS1                0000e000   00002000  00000000  00002000  RWIX
  RAMGS2                00010000   00002000  00000000  00002000  RWIX
  RAMGS3                00012000   00001ff8  00000000  00001ff8  RWIX


SECTION ALLOCATION MAP

 output                                  attributes/
section   page    origin      length       input sections
--------  ----  ----------  ----------   ----------------
codestart 
*          0    00080000    00000002     
                  00080000    00000002     f28004x_codestartbranch.obj (codestart)

.cinit     0    00081348    00000034     
                  00081348    0000000f     (.cinit..data.load) [load image, compression = lzss]
                  00081357    00000001     --HOLE-- [fill = 0]
                  00081358    00000006     (__TI_handler_table)
                  0008135e    00000004     (.cinit..bss.load) [load image, compression = zero_init]
                  00081362    00000004     (.cinit..bss_cla.load) [load image, compression = zero_init]
                  00081366    00000004     (.cinit..scratchpad.load) [load image, compression = zero_init]
                  0008136a    00000002     --HOLE-- [fill = 0]
                  0008136c    00000010     (__TI_cinit_table)

.reset     0    003fffc0    00000000     DSECT

.stack     1    00000400    000003f8     UNINITIALIZED
                  00000400    000003f8     --HOLE--

.init_array 
*          0    00081000    00000000     UNINITIALIZED

.bss       1    0000a800    0000010a     UNINITIALIZED
                  0000a800    000000e0     Calculare.obj (.bss)
                  0000a8e0    00000012     State.obj (.bss)
                  0000a8f2    0000000a     main.obj (.bss)
                  0000a8fc    00000008     main.obj (.bss:rxMsgData)
                  0000a904    00000006     TimeBase.obj (.bss)

.data      1    0000a90a    00000072     UNINITIALIZED
                  0000a90a    0000000b     State.obj (.data)
                  0000a915    00000001     --HOLE--
                  0000a916    00000006     rts2800_fpu32_eabi.lib : exit.c.obj (.data)
                  0000a91c    00000004     TimeBase.obj (.data)
                  0000a920    00000002     rts2800_fpu32_eabi.lib : _lock.c.obj (.data:_lock)
                  0000a922    0000001e     --HOLE--
                  0000a940    0000003c     Calculare.obj (.data)

.const     0    00084098    00000392     
                  00084098    0000008b     driverlib_coff.lib : flash.obj (.const:.string)
                  00084123    00000001     --HOLE-- [fill = 0]
                  00084124    0000008a                        : sysctl.obj (.const:.string)
                  000841ae    00000088                        : gpio.obj (.const:.string)
                  00084236    00000087                        : can.obj (.const:.string)
                  000842bd    00000001     --HOLE-- [fill = 0]
                  000842be    00000087                        : sci.obj (.const:.string)
                  00084345    00000001     --HOLE-- [fill = 0]
                  00084346    00000056     main.obj (.const:.string)
                  0008439c    00000048     driverlib_coff.lib : cputimer.obj (.const:.string)
                  000843e4    00000046                        : memcfg.obj (.const:.string)

Cla1Prog   0    00084000    00000096     RUN ADDR = 00008000
                  00084000    00000056     background_task_cla.obj (Cla1Prog:Cla1Task1)
                  00084056    00000040     background_task_cla.obj (Cla1Prog:Cla1BackgroundTask)

.TI.ramfunc 
*          0    00081000    00000348     RUN ADDR = 00009800
                  00081000    000000e8     Calculare.obj (.TI.ramfunc:PWMDriver_Ctrl)
                  000810e8    00000061     Calculare.obj (.TI.ramfunc:CurrLoopCtrl)
                  00081149    00000046     Calculare.obj (.TI.ramfunc:VoltLoopCtrl)
                  0008118f    00000044     driverlib_coff.lib : flash.obj (.TI.ramfunc:Flash_initModule)
                  000811d3    00000042     Calculare.obj (.TI.ramfunc:Iref_Cal)
                  00081215    0000003b     main.obj (.TI.ramfunc:epwm1ISR)
                  00081250    0000002c     driverlib_coff.lib : flash.obj (.TI.ramfunc:Flash_setBankPowerMode)
                  0008127c    00000023                        : flash.obj (.TI.ramfunc:Flash_setWaitstates)
                  0008129f    0000001d                        : flash.obj (.TI.ramfunc:Flash_setPumpPowerMode)
                  000812bc    00000018                        : flash.obj (.TI.ramfunc:Flash_disableCache)
                  000812d4    00000018                        : flash.obj (.TI.ramfunc:Flash_disablePrefetch)
                  000812ec    00000017                        : flash.obj (.TI.ramfunc:Flash_enableCache)
                  00081303    00000017                        : flash.obj (.TI.ramfunc:Flash_enablePrefetch)
                  0008131a    00000016                        : flash.obj (.TI.ramfunc:Flash_enableECC)
                  00081330    00000014     Calculare.obj (.TI.ramfunc:Adc_Cal_100KHz)
                  00081344    00000004     driverlib_coff.lib : sysctl.obj (.TI.ramfunc)

.scratchpad 
*          1    00008800    0000000a     UNINITIALIZED
                  00008800    0000000a     background_task_cla.obj (.scratchpad:Cla1Prog:Cla1Task1)

.bss_cla   1    0000880a    00000004     UNINITIALIZED
                  0000880a    00000004     background_task_cla.obj (.bss_cla)

.const_cla 
*          0    00009000    00000000     UNINITIALIZED

.text.1    0    00082000    00001000     
                  00082000    0000013f     main.obj (.text:InitDSP_Epwm)
                  0008213f    000000db     driverlib_coff.lib : can.obj (.text:CAN_setupMessageObject)
                  0008221a    000000d7     device.obj (.text:Device_enableAllPeripherals)
                  000822f1    000000cb     main.obj (.text:InitDSP_MemCfg)
                  000823bc    000000c5     driverlib_coff.lib : sysctl.obj (.text:SysCtl_setClock)
                  00082481    000000bd                        : sysctl.obj (.text:SysCtl_isPLLValid)
                  0008253e    00000090                        : memcfg.obj (.text:MemCfg_getInitStatus)
                  000825ce    00000087     main.obj (.text:configCPUTimer)
                  00082655    00000082     State.obj (.text:ACDC_SubState)
                  000826d7    0000007b     driverlib_coff.lib : memcfg.obj (.text:MemCfg_initSections)
                  00082752    0000007a     main.obj (.text:InitDSP_Gpio)
                  000827cc    0000007a     main.obj (.text:InitDSP_Scia)
                  00082846    00000073     driverlib_coff.lib : sysctl.obj (.text:DCC_setCounterSeeds)
                  000828b9    00000072                        : memcfg.obj (.text:MemCfg_setProtection)
                  0008292b    0000006c     main.obj (.text:InitDSP_Adc)
                  00082997    00000066     driverlib_coff.lib : can.obj (.text:CAN_readMessage)
                  000829fd    00000064                        : can.obj (.text:CAN_setBitTiming)
                  00082a61    00000061                        : can.obj (.text:CAN_setBitRate)
                  00082ac2    0000005e                        : sysctl.obj (.text:SysCtl_getClock)
                  00082b20    0000005c     main.obj (.text:InitDSP_Can)
                  00082b7c    00000059     device.obj (.text:Device_init)
                  00082bd5    00000056     State.obj (.text:State_Manage)
                  00082c2b    00000054     main.obj (.text:cpuTimer0ISR)
                  00082c7f    00000053     main.obj (.text:canISR)
                  00082cd2    00000052     driverlib_coff.lib : gpio.obj (.text:GPIO_setPadConfig)
                  00082d24    00000051     main.obj (.text:sciaRxISR)
                  00082d75    00000049     driverlib_coff.lib : sysctl.obj (.text:SysCtl_selectOscSource)
                  00082dbe    00000046                        : can.obj (.text:CAN_clearInterruptStatus)
                  00082e04    00000045                        : sci.obj (.text:SCI_clearInterruptStatus)
                  00082e49    00000044     Calculare.obj (.text:GridPeriodRmsCal)
                  00082e8d    00000044     driverlib_coff.lib : sci.obj (.text:SCI_enableInterrupt)
                  00082ed1    00000042     main.obj (.text:InitDSP_Cla)
                  00082f13    00000042     TimeBase.obj (.text:TimeBase_Manage)
                  00082f55    00000041     driverlib_coff.lib : sci.obj (.text:SCI_writeCharArray)
                  00082f96    0000003e     Calculare.obj (.text:CurrLoop_Var_Init)
                  00082fd4    0000002b     rts2800_fpu32_eabi.lib : autoinit.c.obj (.text:__TI_auto_init_nobinit_nopinit)
                  00082fff    00000001     WarnCtrl.obj (.text:WarnCtrl_Var_Init)

.text.2    0    00083000    00000848     
                  00083000    0000003e     driverlib_coff.lib : sci.obj (.text:SCI_setConfig)
                  0008303e    0000003d                        : interrupt.obj (.text:Interrupt_initModule)
                  0008307b    0000003b     Calculare.obj (.text:VoltLoop_Var_Init)
                  000830b6    0000003a     driverlib_coff.lib : gpio.obj (.text:GPIO_setAnalogMode)
                  000830f0    00000037                        : gpio.obj (.text:GPIO_setControllerCore)
                  00083127    00000037                        : gpio.obj (.text:GPIO_setPinConfig)
                  0008315e    00000037                        : gpio.obj (.text:GPIO_setQualificationMode)
                  00083195    00000037                        : interrupt.obj (.text:Interrupt_enable)
                  000831cc    00000037                        : memcfg.obj (.text:MemCfg_setLSRAMControllerSel)
                  00083203    00000036     State.obj (.text:ACDC_FaultSubState)
                  00083239    00000034     driverlib_coff.lib : gpio.obj (.text:GPIO_setInterruptPin)
                  0008326d    00000031                        : gpio.obj (.text:GPIO_setDirectionMode)
                  0008329e    0000002e     rts2800_fpu32_eabi.lib : copy_decompress_lzss.c.obj (.text:decompress:lzss)
                  000832cc    0000002b     main.obj (.text:main)
                  000832f7    00000029     rts2800_fpu32_eabi.lib : exit.c.obj (.text)
                  00083320    00000028     driverlib_coff.lib : adc.obj (.text:ADC_setOffsetTrimAll)
                  00083348    00000027     main.obj (.text:InitDSP_Timer)
                  0008336f    00000026     driverlib_coff.lib : cla.obj (.text:CLA_setTriggerSource)
                  00083395    00000024                        : sysctl.obj (.text:DCC_enableSingleShotMode)
                  000833b9    00000024                        : sysctl.obj (.text:SysCtl_selectXTAL)
                  000833dd    00000023                        : sysctl.obj (.text:SysCtl_pollX1Counter)
                  00083400    00000021     main.obj (.text:initCPUTimers)
                  00083421    00000020     driverlib_coff.lib : sci.obj (.text:SCI_isFIFOEnabled)
                  00083441    00000020                        : gpio.obj (.text:XBAR_setInputPin)
                  00083461    0000001e                        : sysctl.obj (.text:DCC_setCounter1ClkSource)
                  0008347f    0000001e                        : interrupt.obj (.text:Interrupt_initVectorTable)
                  0008349d    0000001d     main.obj (.text:InitDSP_Dac)
                  000834ba    0000001d     rts2800_fpu32_eabi.lib : memcpy.c.obj (.text)
                  000834d7    0000001c     driverlib_coff.lib : can.obj (.text:CAN_initModule)
                  000834f3    0000001c                        : sysctl.obj (.text:DCC_setCounter0ClkSource)
                  0008350f    0000001b                        : can.obj (.text:CAN_readDataReg)
                  0008352a    0000001a                        : can.obj (.text:CAN_initRAM)
                  00083544    0000001a                        : sci.obj (.text:SCI_isSpaceAvailableNonFIFO)
                  0008355e    0000001a                        : sysctl.obj (.text:SysCtl_getLowSpeedClock)
                  00083578    0000001a                        : sysctl.obj (.text:SysCtl_selectXTALSingleEnded)
                  00083592    00000019     main.obj (.text:gpioISR)
                  000835ab    00000018     driverlib_coff.lib : sci.obj (.text:SCI_disableModule)
                  000835c3    00000018                        : sci.obj (.text:SCI_performSoftwareReset)
                  000835db    00000017                        : cputimer.obj (.text:CPUTimer_isBaseValid)
                  000835f2    00000017                        : sysctl.obj (.text:SysCtl_enablePeripheral)
                  00083609    00000017     rts2800_fpu32_eabi.lib : boot28.asm.obj (.text)
                  00083620    00000016     driverlib_coff.lib : sysctl.obj (.text:DCC_disableDoneSignal)
                  00083636    00000016                        : sysctl.obj (.text:DCC_enableDoneSignal)
                  0008364c    00000016     State.obj (.text:State_Var_Init)
                  00083662    00000015     driverlib_coff.lib : can.obj (.text:CAN_isBaseValid)
                  00083677    00000015                        : sysctl.obj (.text:DCC_clearDoneFlag)
                  0008368c    00000015                        : sysctl.obj (.text:DCC_clearErrorFlag)
                  000836a1    00000015                        : sysctl.obj (.text:DCC_disableErrorSignal)
                  000836b6    00000015                        : sysctl.obj (.text:DCC_enableErrorSignal)
                  000836cb    00000015     main.obj (.text:InitDSP_Device)
                  000836e0    00000014     driverlib_coff.lib : sysctl.obj (.text:DCC_disableModule)
                  000836f4    00000014                        : sysctl.obj (.text:DCC_enableModule)
                  00083708    00000014                        : gpio.obj (.text:GPIO_isPinValid)
                  0008371c    00000014                        : sci.obj (.text:SCI_getTxFIFOStatus)
                  00083730    00000013                        : cputimer.obj (.text:CPUTimer_setEmulationMode)
                  00083743    00000013                        : sci.obj (.text:SCI_enableModule)
                  00083756    00000013                        : sci.obj (.text:SCI_isBaseValid)
                  00083769    00000010                        : sysctl.obj (.text:DCC_isBaseValid)
                  00083779    00000010     device.obj (.text:Device_initGPIO)
                  00083789    00000010     driverlib_coff.lib : flash.obj (.text:Flash_isCtrlBaseValid)
                  00083799    00000010                        : flash.obj (.text:Flash_isECCBaseValid)
                  000837a9    0000000f     main.obj (.text:InitDSP_Interrupt)
                  000837b8    0000000f     TimeBase.obj (.text:TimeBase_Var_Init)
                  000837c7    0000000e     driverlib_coff.lib : interrupt.obj (.text:Interrupt_defaultHandler)
                  000837d5    0000000d                        : interrupt.obj (.text:Interrupt_disableGlobal)
                  000837e2    0000000d                        : interrupt.obj (.text:Interrupt_enableGlobal)
                  000837ef    0000000d     rts2800_fpu32_eabi.lib : copy_zero_init.c.obj (.text:decompress:ZI:__TI_zero_init_nomemset)
                  000837fc    0000000c                            : args_main.c.obj (.text)
                  00083808    0000000b     driverlib_coff.lib : sysctl.obj (.text:SysCtl_isMCDClockFailureDetected)
                  00083813    0000000b     rts2800_fpu32_eabi.lib : u_div28.asm.obj (.text)
                  0008381e    00000008     Calculare.obj (.text:PWMDriver_Var_Init)
                  00083826    00000008     rts2800_fpu32_eabi.lib : copy_decompress_none.c.obj (.text:decompress:none)
                  0008382e    00000008     f28004x_codestartbranch.obj (.text)
                  00083836    00000007     driverlib_coff.lib : sysctl.obj (.text:SysCtl_resetMCD)
                  0008383d    00000003     device.obj (.text:__error__)
                  00083840    00000002     driverlib_coff.lib : interrupt.obj (.text:Interrupt_illegalOperationHandler)
                  00083842    00000002                        : interrupt.obj (.text:Interrupt_nmiHandler)
                  00083844    00000002     rts2800_fpu32_eabi.lib : pre_init.c.obj (.text)
                  00083846    00000001                            : _lock.c.obj (.text)
                  00083847    00000001                            : startup.c.obj (.text)

MODULE SUMMARY

       Module                        code   ro data   rw data
       ------                        ----   -------   -------
    .\device\
       device.obj                    323    0         0      
       f28004x_codestartbranch.obj   10     0         0      
    +--+-----------------------------+------+---------+---------+
       Total:                        333    0         0      
                                                             
    .\include\
       background_task_cla.obj       300    0         14     
    +--+-----------------------------+------+---------+---------+
       Total:                        300    0         14     
                                                             
    .\source\
       main.obj                      1738   86        18     
       Calculare.obj                 1167   0         284    
       State.obj                     292    0         29     
       TimeBase.obj                  81     0         10     
       WarnCtrl.obj                  1      0         0      
    +--+-----------------------------+------+---------+---------+
       Total:                        3279   86        341    
                                                             
    C:\ti\c2000\C2000Ware_4_03_00_00\driverlib\f28004x\driverlib\ccs\Debug\driverlib_coff.lib
       sysctl.obj                    1118   138       0      
       can.obj                       690    135       0      
       flash.obj                     616    139       0      
       gpio.obj                      458    136       0      
       sci.obj                       428    135       0      
       memcfg.obj                    436    70        0      
       interrupt.obj                 190    0         0      
       cputimer.obj                  42     72        0      
       adc.obj                       40     0         0      
       cla.obj                       38     0         0      
    +--+-----------------------------+------+---------+---------+
       Total:                        4056   825       0      
                                                             
    C:\ti\ccs1200\ccs\tools\compiler\ti-cgt-c2000_22.6.0.LTS\lib\rts2800_fpu32_eabi.lib
       exit.c.obj                    41     0         6      
       copy_decompress_lzss.c.obj    46     0         0      
       autoinit.c.obj                43     0         0      
       memcpy.c.obj                  29     0         0      
       boot28.asm.obj                23     0         0      
       copy_zero_init.c.obj          13     0         0      
       args_main.c.obj               12     0         0      
       u_div28.asm.obj               11     0         0      
       copy_decompress_none.c.obj    8      0         0      
       _lock.c.obj                   1      0         2      
       pre_init.c.obj                2      0         0      
       startup.c.obj                 1      0         0      
    +--+-----------------------------+------+---------+---------+
       Total:                        230    0         8      
                                                             
       Stack:                        0      0         1016   
       Linker Generated:             0      49        0      
    +--+-----------------------------+------+---------+---------+
       Grand Total:                  8198   960       1379   


LINKER GENERATED COPY TABLES

__TI_cinit_table @ 0008136c records: 4, size/record: 4, table size: 16
	.data: load addr=00081348, load size=0000000f bytes, run addr=0000a90a, run size=00000072 bytes, compression=lzss
	.bss: load addr=0008135e, load size=00000004 bytes, run addr=0000a800, run size=0000010a bytes, compression=zero_init
	.bss_cla: load addr=00081362, load size=00000004 bytes, run addr=0000880a, run size=00000004 bytes, compression=zero_init
	.scratchpad: load addr=00081366, load size=00000004 bytes, run addr=00008800, run size=0000000a bytes, compression=zero_init


LINKER GENERATED HANDLER TABLE

__TI_handler_table @ 00081358 records: 3, size/record: 2, table size: 6
	index: 0, handler: __TI_zero_init
	index: 1, handler: __TI_decompress_lzss
	index: 2, handler: __TI_decompress_none


GLOBAL DATA SYMBOLS: SORTED BY DATA PAGE

address     data page           name
--------    ----------------    ----
00000400      10 (00000400)     __stack

0000880a     220 (00008800)     claCount
0000880c     220 (00008800)     cla8Count

0000a800     2a0 (0000a800)     g_u8GridStatus
0000a801     2a0 (0000a800)     g_u8EnvelopeStatus
0000a802     2a0 (0000a800)     g_unPWMDriverFlg
0000a804     2a0 (0000a800)     g_lq2GridVoltRmsSum
0000a806     2a0 (0000a800)     g_lq12GridFreq
0000a808     2a0 (0000a800)     g_lq12GridVolt
0000a80a     2a0 (0000a800)     g_lq12InputCurrent
0000a80c     2a0 (0000a800)     g_lq12OutCurrent1
0000a80e     2a0 (0000a800)     g_lq12BusVoltage
0000a810     2a0 (0000a800)     g_lq12OutCurrent
0000a812     2a0 (0000a800)     g_lq12GridVoltRms
0000a814     2a0 (0000a800)     g_lq12GridVoltRmsQValue
0000a816     2a0 (0000a800)     g_lq12GridVoltRmsToUp
0000a818     2a0 (0000a800)     g_lq12InnACVoltRms
0000a81a     2a0 (0000a800)     g_lq12InvVoltRms
0000a81c     2a0 (0000a800)     g_lq12InnACCurrRms
0000a81e     2a0 (0000a800)     g_lq12InvCurrRms
0000a820     2a0 (0000a800)     g_lq12InvVoltRmsRef
0000a822     2a0 (0000a800)     g_lq12InvVoltRmsSet
0000a824     2a0 (0000a800)     g_lq12BusVolt
0000a826     2a0 (0000a800)     g_lq12BusVoltRef
0000a828     2a0 (0000a800)     g_lq12BusVoltSet
0000a82a     2a0 (0000a800)     g_lq15Temperat1
0000a82c     2a0 (0000a800)     g_lq15Temperat2

0000a840     2a1 (0000a840)     g_strVLoop
0000a856     2a1 (0000a840)     g_strILoop

0000a880     2a2 (0000a880)     g_strADC
0000a898     2a2 (0000a880)     g_strPLL

0000a8c0     2a3 (0000a8c0)     g_strSOGI
0000a8e0     2a3 (0000a8c0)     g_strDCStatus
0000a8e2     2a3 (0000a8c0)     g_strPFCStatus
0000a8e8     2a3 (0000a8c0)     g_strDevCfg
0000a8f2     2a3 (0000a8c0)     cpuTimer0IntCount
0000a8f4     2a3 (0000a8c0)     cpuTimer1IntCount
0000a8f6     2a3 (0000a8c0)     cpuTimer2IntCount
0000a8f8     2a3 (0000a8c0)     epwmIntCount
0000a8fa     2a3 (0000a8c0)     msg
0000a8fc     2a3 (0000a8c0)     rxMsgData

0000a904     2a4 (0000a900)     g_strSysTimeFlg
0000a90a     2a4 (0000a900)     g_u8BMSChrgCmd
0000a90b     2a4 (0000a900)     g_u8BatterySOC
0000a90c     2a4 (0000a900)     g_u8ACDCFaultSubState
0000a90d     2a4 (0000a900)     g_u8DCACFaultSubState
0000a90e     2a4 (0000a900)     g_u16SelfTestDlay
0000a90f     2a4 (0000a900)     g_u16FaultBackDlay
0000a910     2a4 (0000a900)     g_u16SecAucEnOffDlay
0000a911     2a4 (0000a900)     g_u16BypssRlyCloseDlay
0000a912     2a4 (0000a900)     g_u16SysStatusDlay
0000a913     2a4 (0000a900)     g_u16ACDCSubStateDlay
0000a914     2a4 (0000a900)     g_u16VgridRMSUVDlay
0000a916     2a4 (0000a900)     __TI_enable_exit_profile_output
0000a918     2a4 (0000a900)     __TI_cleanup_ptr
0000a91a     2a4 (0000a900)     __TI_dtors_ptr
0000a91c     2a4 (0000a900)     g_u8Clock2msCnt
0000a91d     2a4 (0000a900)     g_u8Time1msCnt
0000a91e     2a4 (0000a900)     g_u8Time2msCnt
0000a91f     2a4 (0000a900)     g_u16TimeBaseCnt
0000a920     2a4 (0000a900)     _lock

0000a940     2a5 (0000a940)     g_u8ADCArrayCnts
0000a941     2a5 (0000a940)     g_u16RMSSumCnts
0000a942     2a5 (0000a940)     g_u16RMSCalCnts
0000a943     2a5 (0000a940)     g_u16PFCStateCnts
0000a944     2a5 (0000a940)     g_u8IsZeroCrossingFlg
0000a945     2a5 (0000a940)     g_u8IsPositivalHalfFlg
0000a946     2a5 (0000a940)     g_u8PFCACSignFiltered
0000a947     2a5 (0000a940)     g_u8PFCPWMSwState
0000a948     2a5 (0000a940)     g_u16PFCSoftStartdbFED
0000a949     2a5 (0000a940)     g_u16PFCdbFEDSetValue
0000a94a     2a5 (0000a940)     g_u16PFCSoftStartdbRED
0000a94b     2a5 (0000a940)     g_u16PFCdbREDSetValue
0000a94c     2a5 (0000a940)     g_u16PFCSoftStartDuty
0000a94d     2a5 (0000a940)     g_u16PFCSoftStartDutydbFED
0000a94e     2a5 (0000a940)     g_u16PFCPWMDriverStateSlew
0000a94f     2a5 (0000a940)     g_u16AuxDBRef
0000a950     2a5 (0000a940)     g_u16AuxSoftStartDB
0000a951     2a5 (0000a940)     g_u16AuxSoftStartdbRED
0000a952     2a5 (0000a940)     g_u16AuxSoftStartdbFED
0000a954     2a5 (0000a940)     g_u32VinADCTest
0000a956     2a5 (0000a940)     g_u32IinADCTest
0000a958     2a5 (0000a940)     g_i32SumReciCnts
0000a95a     2a5 (0000a940)     g_i32SumReciCntsQValue
0000a95c     2a5 (0000a940)     g_u32HFPWMCMP
0000a95e     2a5 (0000a940)     g_u32HFPWMDuty
0000a960     2a5 (0000a940)     g_u32HFPWMDutyMax
0000a962     2a5 (0000a940)     g_u32HFPWMDutyMin
0000a964     2a5 (0000a940)     g_i32VgridFeeb
0000a966     2a5 (0000a940)     g_i32PLLSine
0000a968     2a5 (0000a940)     g_i32PLLSinePrev
0000a96a     2a5 (0000a940)     g_i32Vadc
0000a96c     2a5 (0000a940)     g_i32Iref
0000a96e     2a5 (0000a940)     g_i32Iref1
0000a970     2a5 (0000a940)     g_i32Iref2
0000a972     2a5 (0000a940)     g_i32Iref3
0000a974     2a5 (0000a940)     g_i32Iref4
0000a976     2a5 (0000a940)     g_i32Iref5
0000a978     2a5 (0000a940)     Arg
0000a97a     2a5 (0000a940)     g_i32Iadc


GLOBAL SYMBOLS: SORTED ALPHABETICALLY BY Name 

page  address   name                           
----  -------   ----                           
0     00083203  ACDC_FaultSubState             
0     00082655  ACDC_SubState                  
0     00083320  ADC_setOffsetTrimAll           
0     00009b30  Adc_Cal_100KHz                 
1     0000a978  Arg                            
0     000832f7  C$$EXIT                        
0     00082dbe  CAN_clearInterruptStatus       
0     000834d7  CAN_initModule                 
0     00082997  CAN_readMessage                
0     00082a61  CAN_setBitRate                 
0     000829fd  CAN_setBitTiming               
0     0008213f  CAN_setupMessageObject         
0     0008336f  CLA_setTriggerSource           
0     00083730  CPUTimer_setEmulationMode      
0     00008056  Cla1BackgroundTask             
abs   00000000  Cla1ConstLoadSize              
0     00009000  Cla1ConstLoadStart             
0     00009000  Cla1ConstRunStart              
abs   00000096  Cla1ProgLoadSize               
0     00084000  Cla1ProgLoadStart              
0     00008000  Cla1ProgRunStart               
0     00008000  Cla1Task1                      
0     000098e8  CurrLoopCtrl                   
0     00082f96  CurrLoop_Var_Init              
0     0008221a  Device_enableAllPeripherals    
0     00082b7c  Device_init                    
0     00083779  Device_initGPIO                
0     0000998f  Flash_initModule               
0     000830b6  GPIO_setAnalogMode             
0     000830f0  GPIO_setControllerCore         
0     0008326d  GPIO_setDirectionMode          
0     00083239  GPIO_setInterruptPin           
0     00082cd2  GPIO_setPadConfig              
0     00083127  GPIO_setPinConfig              
0     0008315e  GPIO_setQualificationMode      
0     00082e49  GridPeriodRmsCal               
0     0008292b  InitDSP_Adc                    
0     00082b20  InitDSP_Can                    
0     00082ed1  InitDSP_Cla                    
0     0008349d  InitDSP_Dac                    
0     000836cb  InitDSP_Device                 
0     00082000  InitDSP_Epwm                   
0     00082752  InitDSP_Gpio                   
0     000837a9  InitDSP_Interrupt              
0     000822f1  InitDSP_MemCfg                 
0     000827cc  InitDSP_Scia                   
0     00083348  InitDSP_Timer                  
0     00083195  Interrupt_enable               
0     0008303e  Interrupt_initModule           
0     0008347f  Interrupt_initVectorTable      
0     000099d3  Iref_Cal                       
0     0008253e  MemCfg_getInitStatus           
0     000826d7  MemCfg_initSections            
0     000831cc  MemCfg_setLSRAMControllerSel   
0     000828b9  MemCfg_setProtection           
0     00009800  PWMDriver_Ctrl                 
0     0008381e  PWMDriver_Var_Init             
0     00081348  RamfuncsLoadEnd                
abs   00000348  RamfuncsLoadSize               
0     00081000  RamfuncsLoadStart              
0     00009b48  RamfuncsRunEnd                 
abs   00000348  RamfuncsRunSize                
0     00009800  RamfuncsRunStart               
0     00082e04  SCI_clearInterruptStatus       
0     00082e8d  SCI_enableInterrupt            
0     00083000  SCI_setConfig                  
0     00082f55  SCI_writeCharArray             
0     00082bd5  State_Manage                   
0     0008364c  State_Var_Init                 
0     00009b44  SysCtl_delay                   
0     00082ac2  SysCtl_getClock                
0     0008355e  SysCtl_getLowSpeedClock        
0     00082481  SysCtl_isPLLValid              
0     00082d75  SysCtl_selectOscSource         
0     000833b9  SysCtl_selectXTAL              
0     00083578  SysCtl_selectXTALSingleEnded   
0     000823bc  SysCtl_setClock                
0     00082f13  TimeBase_Manage                
0     000837b8  TimeBase_Var_Init              
0     00009949  VoltLoopCtrl                   
0     0008307b  VoltLoop_Var_Init              
0     00082fff  WarnCtrl_Var_Init              
0     0008136c  __TI_CINIT_Base                
0     0008137c  __TI_CINIT_Limit               
0     0008137c  __TI_CINIT_Warm                
0     00081358  __TI_Handler_Table_Base        
0     0008135e  __TI_Handler_Table_Limit       
1     000007f8  __TI_STACK_END                 
abs   000003f8  __TI_STACK_SIZE                
0     00082fd4  __TI_auto_init_nobinit_nopinit 
1     0000a918  __TI_cleanup_ptr               
0     0008329e  __TI_decompress_lzss           
0     00083826  __TI_decompress_none           
1     0000a91a  __TI_dtors_ptr                 
1     0000a916  __TI_enable_exit_profile_output
abs   ffffffff  __TI_pprof_out_hndl            
abs   ffffffff  __TI_prof_data_size            
abs   ffffffff  __TI_prof_data_start           
0     000837ef  __TI_zero_init_nomemset        
0     00083813  __c28xabi_divu                 
0     00083818  __c28xabi_modu                 
n/a   UNDEFED   __c_args__                     
0     0008383d  __error__                      
1     00000400  __stack                        
0     000837fc  _args_main                     
0     00083609  _c_int00                       
1     0000a920  _lock                          
0     00083846  _nop                           
0     00083847  _system_post_cinit             
0     00083844  _system_pre_init               
0     000832f7  abort                          
0     00082c7f  canISR                         
1     0000880c  cla8Count                      
1     0000880a  claCount                       
0     00080000  code_start                     
0     000825ce  configCPUTimer                 
0     00082c2b  cpuTimer0ISR                   
1     0000a8f2  cpuTimer0IntCount              
1     0000a8f4  cpuTimer1IntCount              
1     0000a8f6  cpuTimer2IntCount              
0     00009a15  epwm1ISR                       
1     0000a8f8  epwmIntCount                   
0     000832f9  exit                           
1     0000a97a  g_i32Iadc                      
1     0000a96c  g_i32Iref                      
1     0000a96e  g_i32Iref1                     
1     0000a970  g_i32Iref2                     
1     0000a972  g_i32Iref3                     
1     0000a974  g_i32Iref4                     
1     0000a976  g_i32Iref5                     
1     0000a966  g_i32PLLSine                   
1     0000a968  g_i32PLLSinePrev               
1     0000a958  g_i32SumReciCnts               
1     0000a95a  g_i32SumReciCntsQValue         
1     0000a96a  g_i32Vadc                      
1     0000a964  g_i32VgridFeeb                 
1     0000a824  g_lq12BusVolt                  
1     0000a826  g_lq12BusVoltRef               
1     0000a828  g_lq12BusVoltSet               
1     0000a80e  g_lq12BusVoltage               
1     0000a806  g_lq12GridFreq                 
1     0000a808  g_lq12GridVolt                 
1     0000a812  g_lq12GridVoltRms              
1     0000a814  g_lq12GridVoltRmsQValue        
1     0000a816  g_lq12GridVoltRmsToUp          
1     0000a81c  g_lq12InnACCurrRms             
1     0000a818  g_lq12InnACVoltRms             
1     0000a80a  g_lq12InputCurrent             
1     0000a81e  g_lq12InvCurrRms               
1     0000a81a  g_lq12InvVoltRms               
1     0000a820  g_lq12InvVoltRmsRef            
1     0000a822  g_lq12InvVoltRmsSet            
1     0000a810  g_lq12OutCurrent               
1     0000a80c  g_lq12OutCurrent1              
1     0000a82a  g_lq15Temperat1                
1     0000a82c  g_lq15Temperat2                
1     0000a804  g_lq2GridVoltRmsSum            
1     0000a880  g_strADC                       
1     0000a8e0  g_strDCStatus                  
1     0000a8e8  g_strDevCfg                    
1     0000a856  g_strILoop                     
1     0000a8e2  g_strPFCStatus                 
1     0000a898  g_strPLL                       
1     0000a8c0  g_strSOGI                      
1     0000a904  g_strSysTimeFlg                
1     0000a840  g_strVLoop                     
1     0000a913  g_u16ACDCSubStateDlay          
1     0000a94f  g_u16AuxDBRef                  
1     0000a950  g_u16AuxSoftStartDB            
1     0000a952  g_u16AuxSoftStartdbFED         
1     0000a951  g_u16AuxSoftStartdbRED         
1     0000a911  g_u16BypssRlyCloseDlay         
1     0000a90f  g_u16FaultBackDlay             
1     0000a94e  g_u16PFCPWMDriverStateSlew     
1     0000a94c  g_u16PFCSoftStartDuty          
1     0000a94d  g_u16PFCSoftStartDutydbFED     
1     0000a948  g_u16PFCSoftStartdbFED         
1     0000a94a  g_u16PFCSoftStartdbRED         
1     0000a943  g_u16PFCStateCnts              
1     0000a949  g_u16PFCdbFEDSetValue          
1     0000a94b  g_u16PFCdbREDSetValue          
1     0000a942  g_u16RMSCalCnts                
1     0000a941  g_u16RMSSumCnts                
1     0000a910  g_u16SecAucEnOffDlay           
1     0000a90e  g_u16SelfTestDlay              
1     0000a912  g_u16SysStatusDlay             
1     0000a91f  g_u16TimeBaseCnt               
1     0000a914  g_u16VgridRMSUVDlay            
1     0000a95c  g_u32HFPWMCMP                  
1     0000a95e  g_u32HFPWMDuty                 
1     0000a960  g_u32HFPWMDutyMax              
1     0000a962  g_u32HFPWMDutyMin              
1     0000a956  g_u32IinADCTest                
1     0000a954  g_u32VinADCTest                
1     0000a90c  g_u8ACDCFaultSubState          
1     0000a940  g_u8ADCArrayCnts               
1     0000a90a  g_u8BMSChrgCmd                 
1     0000a90b  g_u8BatterySOC                 
1     0000a91c  g_u8Clock2msCnt                
1     0000a90d  g_u8DCACFaultSubState          
1     0000a801  g_u8EnvelopeStatus             
1     0000a800  g_u8GridStatus                 
1     0000a945  g_u8IsPositivalHalfFlg         
1     0000a944  g_u8IsZeroCrossingFlg          
1     0000a946  g_u8PFCACSignFiltered          
1     0000a947  g_u8PFCPWMSwState              
1     0000a91d  g_u8Time1msCnt                 
1     0000a91e  g_u8Time2msCnt                 
1     0000a802  g_unPWMDriverFlg               
0     00083592  gpioISR                        
0     00083400  initCPUTimers                  
0     000832cc  main                           
0     000834ba  memcpy                         
1     0000a8fa  msg                            
1     0000a8fc  rxMsgData                      
0     00082d24  sciaRxISR                      


GLOBAL SYMBOLS: SORTED BY Symbol Address 

page  address   name                           
----  -------   ----                           
0     00008000  Cla1ProgRunStart               
0     00008000  Cla1Task1                      
0     00008056  Cla1BackgroundTask             
0     00009000  Cla1ConstLoadStart             
0     00009000  Cla1ConstRunStart              
0     00009800  PWMDriver_Ctrl                 
0     00009800  RamfuncsRunStart               
0     000098e8  CurrLoopCtrl                   
0     00009949  VoltLoopCtrl                   
0     0000998f  Flash_initModule               
0     000099d3  Iref_Cal                       
0     00009a15  epwm1ISR                       
0     00009b30  Adc_Cal_100KHz                 
0     00009b44  SysCtl_delay                   
0     00009b48  RamfuncsRunEnd                 
0     00080000  code_start                     
0     00081000  RamfuncsLoadStart              
0     00081348  RamfuncsLoadEnd                
0     00081358  __TI_Handler_Table_Base        
0     0008135e  __TI_Handler_Table_Limit       
0     0008136c  __TI_CINIT_Base                
0     0008137c  __TI_CINIT_Limit               
0     0008137c  __TI_CINIT_Warm                
0     00082000  InitDSP_Epwm                   
0     0008213f  CAN_setupMessageObject         
0     0008221a  Device_enableAllPeripherals    
0     000822f1  InitDSP_MemCfg                 
0     000823bc  SysCtl_setClock                
0     00082481  SysCtl_isPLLValid              
0     0008253e  MemCfg_getInitStatus           
0     000825ce  configCPUTimer                 
0     00082655  ACDC_SubState                  
0     000826d7  MemCfg_initSections            
0     00082752  InitDSP_Gpio                   
0     000827cc  InitDSP_Scia                   
0     000828b9  MemCfg_setProtection           
0     0008292b  InitDSP_Adc                    
0     00082997  CAN_readMessage                
0     000829fd  CAN_setBitTiming               
0     00082a61  CAN_setBitRate                 
0     00082ac2  SysCtl_getClock                
0     00082b20  InitDSP_Can                    
0     00082b7c  Device_init                    
0     00082bd5  State_Manage                   
0     00082c2b  cpuTimer0ISR                   
0     00082c7f  canISR                         
0     00082cd2  GPIO_setPadConfig              
0     00082d24  sciaRxISR                      
0     00082d75  SysCtl_selectOscSource         
0     00082dbe  CAN_clearInterruptStatus       
0     00082e04  SCI_clearInterruptStatus       
0     00082e49  GridPeriodRmsCal               
0     00082e8d  SCI_enableInterrupt            
0     00082ed1  InitDSP_Cla                    
0     00082f13  TimeBase_Manage                
0     00082f55  SCI_writeCharArray             
0     00082f96  CurrLoop_Var_Init              
0     00082fd4  __TI_auto_init_nobinit_nopinit 
0     00082fff  WarnCtrl_Var_Init              
0     00083000  SCI_setConfig                  
0     0008303e  Interrupt_initModule           
0     0008307b  VoltLoop_Var_Init              
0     000830b6  GPIO_setAnalogMode             
0     000830f0  GPIO_setControllerCore         
0     00083127  GPIO_setPinConfig              
0     0008315e  GPIO_setQualificationMode      
0     00083195  Interrupt_enable               
0     000831cc  MemCfg_setLSRAMControllerSel   
0     00083203  ACDC_FaultSubState             
0     00083239  GPIO_setInterruptPin           
0     0008326d  GPIO_setDirectionMode          
0     0008329e  __TI_decompress_lzss           
0     000832cc  main                           
0     000832f7  C$$EXIT                        
0     000832f7  abort                          
0     000832f9  exit                           
0     00083320  ADC_setOffsetTrimAll           
0     00083348  InitDSP_Timer                  
0     0008336f  CLA_setTriggerSource           
0     000833b9  SysCtl_selectXTAL              
0     00083400  initCPUTimers                  
0     0008347f  Interrupt_initVectorTable      
0     0008349d  InitDSP_Dac                    
0     000834ba  memcpy                         
0     000834d7  CAN_initModule                 
0     0008355e  SysCtl_getLowSpeedClock        
0     00083578  SysCtl_selectXTALSingleEnded   
0     00083592  gpioISR                        
0     00083609  _c_int00                       
0     0008364c  State_Var_Init                 
0     000836cb  InitDSP_Device                 
0     00083730  CPUTimer_setEmulationMode      
0     00083779  Device_initGPIO                
0     000837a9  InitDSP_Interrupt              
0     000837b8  TimeBase_Var_Init              
0     000837ef  __TI_zero_init_nomemset        
0     000837fc  _args_main                     
0     00083813  __c28xabi_divu                 
0     00083818  __c28xabi_modu                 
0     0008381e  PWMDriver_Var_Init             
0     00083826  __TI_decompress_none           
0     0008383d  __error__                      
0     00083844  _system_pre_init               
0     00083846  _nop                           
0     00083847  _system_post_cinit             
0     00084000  Cla1ProgLoadStart              
1     00000400  __stack                        
1     000007f8  __TI_STACK_END                 
1     0000880a  claCount                       
1     0000880c  cla8Count                      
1     0000a800  g_u8GridStatus                 
1     0000a801  g_u8EnvelopeStatus             
1     0000a802  g_unPWMDriverFlg               
1     0000a804  g_lq2GridVoltRmsSum            
1     0000a806  g_lq12GridFreq                 
1     0000a808  g_lq12GridVolt                 
1     0000a80a  g_lq12InputCurrent             
1     0000a80c  g_lq12OutCurrent1              
1     0000a80e  g_lq12BusVoltage               
1     0000a810  g_lq12OutCurrent               
1     0000a812  g_lq12GridVoltRms              
1     0000a814  g_lq12GridVoltRmsQValue        
1     0000a816  g_lq12GridVoltRmsToUp          
1     0000a818  g_lq12InnACVoltRms             
1     0000a81a  g_lq12InvVoltRms               
1     0000a81c  g_lq12InnACCurrRms             
1     0000a81e  g_lq12InvCurrRms               
1     0000a820  g_lq12InvVoltRmsRef            
1     0000a822  g_lq12InvVoltRmsSet            
1     0000a824  g_lq12BusVolt                  
1     0000a826  g_lq12BusVoltRef               
1     0000a828  g_lq12BusVoltSet               
1     0000a82a  g_lq15Temperat1                
1     0000a82c  g_lq15Temperat2                
1     0000a840  g_strVLoop                     
1     0000a856  g_strILoop                     
1     0000a880  g_strADC                       
1     0000a898  g_strPLL                       
1     0000a8c0  g_strSOGI                      
1     0000a8e0  g_strDCStatus                  
1     0000a8e2  g_strPFCStatus                 
1     0000a8e8  g_strDevCfg                    
1     0000a8f2  cpuTimer0IntCount              
1     0000a8f4  cpuTimer1IntCount              
1     0000a8f6  cpuTimer2IntCount              
1     0000a8f8  epwmIntCount                   
1     0000a8fa  msg                            
1     0000a8fc  rxMsgData                      
1     0000a904  g_strSysTimeFlg                
1     0000a90a  g_u8BMSChrgCmd                 
1     0000a90b  g_u8BatterySOC                 
1     0000a90c  g_u8ACDCFaultSubState          
1     0000a90d  g_u8DCACFaultSubState          
1     0000a90e  g_u16SelfTestDlay              
1     0000a90f  g_u16FaultBackDlay             
1     0000a910  g_u16SecAucEnOffDlay           
1     0000a911  g_u16BypssRlyCloseDlay         
1     0000a912  g_u16SysStatusDlay             
1     0000a913  g_u16ACDCSubStateDlay          
1     0000a914  g_u16VgridRMSUVDlay            
1     0000a916  __TI_enable_exit_profile_output
1     0000a918  __TI_cleanup_ptr               
1     0000a91a  __TI_dtors_ptr                 
1     0000a91c  g_u8Clock2msCnt                
1     0000a91d  g_u8Time1msCnt                 
1     0000a91e  g_u8Time2msCnt                 
1     0000a91f  g_u16TimeBaseCnt               
1     0000a920  _lock                          
1     0000a940  g_u8ADCArrayCnts               
1     0000a941  g_u16RMSSumCnts                
1     0000a942  g_u16RMSCalCnts                
1     0000a943  g_u16PFCStateCnts              
1     0000a944  g_u8IsZeroCrossingFlg          
1     0000a945  g_u8IsPositivalHalfFlg         
1     0000a946  g_u8PFCACSignFiltered          
1     0000a947  g_u8PFCPWMSwState              
1     0000a948  g_u16PFCSoftStartdbFED         
1     0000a949  g_u16PFCdbFEDSetValue          
1     0000a94a  g_u16PFCSoftStartdbRED         
1     0000a94b  g_u16PFCdbREDSetValue          
1     0000a94c  g_u16PFCSoftStartDuty          
1     0000a94d  g_u16PFCSoftStartDutydbFED     
1     0000a94e  g_u16PFCPWMDriverStateSlew     
1     0000a94f  g_u16AuxDBRef                  
1     0000a950  g_u16AuxSoftStartDB            
1     0000a951  g_u16AuxSoftStartdbRED         
1     0000a952  g_u16AuxSoftStartdbFED         
1     0000a954  g_u32VinADCTest                
1     0000a956  g_u32IinADCTest                
1     0000a958  g_i32SumReciCnts               
1     0000a95a  g_i32SumReciCntsQValue         
1     0000a95c  g_u32HFPWMCMP                  
1     0000a95e  g_u32HFPWMDuty                 
1     0000a960  g_u32HFPWMDutyMax              
1     0000a962  g_u32HFPWMDutyMin              
1     0000a964  g_i32VgridFeeb                 
1     0000a966  g_i32PLLSine                   
1     0000a968  g_i32PLLSinePrev               
1     0000a96a  g_i32Vadc                      
1     0000a96c  g_i32Iref                      
1     0000a96e  g_i32Iref1                     
1     0000a970  g_i32Iref2                     
1     0000a972  g_i32Iref3                     
1     0000a974  g_i32Iref4                     
1     0000a976  g_i32Iref5                     
1     0000a978  Arg                            
1     0000a97a  g_i32Iadc                      
abs   00000000  Cla1ConstLoadSize              
abs   00000096  Cla1ProgLoadSize               
abs   00000348  RamfuncsLoadSize               
abs   00000348  RamfuncsRunSize                
abs   000003f8  __TI_STACK_SIZE                
abs   ffffffff  __TI_pprof_out_hndl            
abs   ffffffff  __TI_prof_data_size            
abs   ffffffff  __TI_prof_data_start           
n/a   UNDEFED   __c_args__                     

[216 symbols]
